Component: ARM Compiler 6.16 Tool: armlink [5dfeaa00]

==============================================================================

Section Cross References

    dac.o(.ARM.exidx.text.DAC_Init) refers to dac.o(.text.DAC_Init) for [Anonymous Symbol]
    dac.o(.ARM.exidx.text.DAC_Load_Trig) refers to dac.o(.text.DAC_Load_Trig) for [Anonymous Symbol]
    i2c.o(.ARM.exidx.text.I2C_Init) refers to i2c.o(.text.I2C_Init) for [Anonymous Symbol]
    i2c.o(.text.I2C_Ping) refers to i2c.o(.text.i2c_enable) for i2c_enable
    i2c.o(.text.I2C_Ping) refers to i2c.o(.text.i2c_tran) for i2c_tran
    i2c.o(.text.I2C_Ping) refers to i2c.o(.text.i2c_m_start) for i2c_m_start
    i2c.o(.text.I2C_Ping) refers to i2c.o(.text.i2c_send) for i2c_send
    i2c.o(.text.I2C_Ping) refers to i2c.o(.text.i2c_wait) for i2c_wait
    i2c.o(.text.I2C_Ping) refers to i2c.o(.text.i2c_m_stop) for i2c_m_stop
    i2c.o(.text.I2C_Ping) refers to i2c.o(.text.i2c_disable) for i2c_disable
    i2c.o(.text.I2C_Ping) refers to i2c.o(.bss.error) for [Anonymous Symbol]
    i2c.o(.ARM.exidx.text.I2C_Ping) refers to i2c.o(.text.I2C_Ping) for [Anonymous Symbol]
    i2c.o(.ARM.exidx.text.i2c_enable) refers to i2c.o(.text.i2c_enable) for [Anonymous Symbol]
    i2c.o(.ARM.exidx.text.i2c_tran) refers to i2c.o(.text.i2c_tran) for [Anonymous Symbol]
    i2c.o(.ARM.exidx.text.i2c_m_start) refers to i2c.o(.text.i2c_m_start) for [Anonymous Symbol]
    i2c.o(.ARM.exidx.text.i2c_send) refers to i2c.o(.text.i2c_send) for [Anonymous Symbol]
    i2c.o(.text.i2c_wait) refers to i2c.o(.text.i2c_clr_IICIF) for i2c_clr_IICIF
    i2c.o(.text.i2c_wait) refers to i2c.o(.bss.error) for [Anonymous Symbol]
    i2c.o(.ARM.exidx.text.i2c_wait) refers to i2c.o(.text.i2c_wait) for [Anonymous Symbol]
    i2c.o(.ARM.exidx.text.i2c_m_stop) refers to i2c.o(.text.i2c_m_stop) for [Anonymous Symbol]
    i2c.o(.ARM.exidx.text.i2c_disable) refers to i2c.o(.text.i2c_disable) for [Anonymous Symbol]
    i2c.o(.text.I2C_Write) refers to i2c.o(.text.i2c_enable) for i2c_enable
    i2c.o(.text.I2C_Write) refers to i2c.o(.text.i2c_tran) for i2c_tran
    i2c.o(.text.I2C_Write) refers to i2c.o(.text.i2c_m_start) for i2c_m_start
    i2c.o(.text.I2C_Write) refers to i2c.o(.text.i2c_send) for i2c_send
    i2c.o(.text.I2C_Write) refers to i2c.o(.text.i2c_wait) for i2c_wait
    i2c.o(.text.I2C_Write) refers to i2c.o(.text.i2c_m_stop) for i2c_m_stop
    i2c.o(.text.I2C_Write) refers to i2c.o(.text.i2c_disable) for i2c_disable
    i2c.o(.text.I2C_Write) refers to i2c.o(.bss.error) for [Anonymous Symbol]
    i2c.o(.ARM.exidx.text.I2C_Write) refers to i2c.o(.text.I2C_Write) for [Anonymous Symbol]
    i2c.o(.text.I2C_Read) refers to i2c.o(.text.i2c_enable) for i2c_enable
    i2c.o(.text.I2C_Read) refers to i2c.o(.text.i2c_tran) for i2c_tran
    i2c.o(.text.I2C_Read) refers to i2c.o(.text.i2c_m_start) for i2c_m_start
    i2c.o(.text.I2C_Read) refers to i2c.o(.text.i2c_send) for i2c_send
    i2c.o(.text.I2C_Read) refers to i2c.o(.text.i2c_wait) for i2c_wait
    i2c.o(.text.I2C_Read) refers to i2c.o(.text.i2c_rec) for i2c_rec
    i2c.o(.text.I2C_Read) refers to i2c.o(.text.i2c_nack) for i2c_nack
    i2c.o(.text.I2C_Read) refers to i2c.o(.text.i2c_recv) for i2c_recv
    i2c.o(.text.I2C_Read) refers to i2c.o(.text.i2c_m_stop) for i2c_m_stop
    i2c.o(.text.I2C_Read) refers to i2c.o(.text.i2c_disable) for i2c_disable
    i2c.o(.text.I2C_Read) refers to i2c.o(.bss.error) for [Anonymous Symbol]
    i2c.o(.text.I2C_Read) refers to i2c.o(.bss.dummy) for dummy
    i2c.o(.ARM.exidx.text.I2C_Read) refers to i2c.o(.text.I2C_Read) for [Anonymous Symbol]
    i2c.o(.ARM.exidx.text.i2c_rec) refers to i2c.o(.text.i2c_rec) for [Anonymous Symbol]
    i2c.o(.ARM.exidx.text.i2c_nack) refers to i2c.o(.text.i2c_nack) for [Anonymous Symbol]
    i2c.o(.ARM.exidx.text.i2c_recv) refers to i2c.o(.text.i2c_recv) for [Anonymous Symbol]
    i2c.o(.text.I2C_WriteReg) refers to i2c.o(.text.i2c_enable) for i2c_enable
    i2c.o(.text.I2C_WriteReg) refers to i2c.o(.text.i2c_tran) for i2c_tran
    i2c.o(.text.I2C_WriteReg) refers to i2c.o(.text.i2c_m_start) for i2c_m_start
    i2c.o(.text.I2C_WriteReg) refers to i2c.o(.text.i2c_send) for i2c_send
    i2c.o(.text.I2C_WriteReg) refers to i2c.o(.text.i2c_wait) for i2c_wait
    i2c.o(.text.I2C_WriteReg) refers to i2c.o(.text.i2c_m_stop) for i2c_m_stop
    i2c.o(.text.I2C_WriteReg) refers to i2c.o(.text.i2c_disable) for i2c_disable
    i2c.o(.text.I2C_WriteReg) refers to i2c.o(.bss.error) for [Anonymous Symbol]
    i2c.o(.ARM.exidx.text.I2C_WriteReg) refers to i2c.o(.text.I2C_WriteReg) for [Anonymous Symbol]
    i2c.o(.text.I2C_ReadReg) refers to i2c.o(.text.i2c_enable) for i2c_enable
    i2c.o(.text.I2C_ReadReg) refers to i2c.o(.text.i2c_clr_IICIF) for i2c_clr_IICIF
    i2c.o(.text.I2C_ReadReg) refers to i2c.o(.text.i2c_tran) for i2c_tran
    i2c.o(.text.I2C_ReadReg) refers to i2c.o(.text.i2c_m_start) for i2c_m_start
    i2c.o(.text.I2C_ReadReg) refers to i2c.o(.text.i2c_send) for i2c_send
[...]
    btod_internal_div                        0x00001ea9   Thumb Code   520  btod.o(.text)
    .text                                    0x000021fc   Section        0  rtudiv10.o(.text)
    .text                                    0x00002224   Section        0  dcmpin.o(.text)
    .text                                    0x000022c4   Section        0  dscalbn.o(.text)
    .text                                    0x00002324   Section        0  fcmpin.o(.text)
    .text                                    0x00002388   Section        8  libspace.o(.text)
    .text                                    0x00002390   Section       62  sys_stackheap_outer.o(.text)
    .text                                    0x000023ce   Section        0  exit.o(.text)
    .text                                    0x000023e0   Section      176  strcmpv6m.o(.text)
    .text                                    0x00002490   Section        0  cmpret.o(.text)
    .text                                    0x000024c0   Section        0  dnan2.o(.text)
    .text                                    0x000024d4   Section        0  fnan2.o(.text)
    .text                                    0x000024e4   Section        0  retnan.o(.text)
    .text                                    0x00002544   Section        0  sys_exit.o(.text)
    [Anonymous Symbol]                       0x00002550   Section        0  dac.o(.text.DAC_Init)
    [Anonymous Symbol]                       0x00002578   Section        0  dac.o(.text.DAC_Load_Trig)
    __arm_cp.1_0                             0x000025a4   Number         4  dac.o(.text.DAC_Load_Trig)
    __arm_cp.1_1                             0x000025a8   Number         4  dac.o(.text.DAC_Load_Trig)
    [Anonymous Symbol]                       0x000025ac   Section        0  i2c.o(.text.I2C_Init)
    __arm_cp.0_0                             0x000025ec   Number         4  i2c.o(.text.I2C_Init)
    __arm_cp.0_1                             0x000025f0   Number         4  i2c.o(.text.I2C_Init)
    __arm_cp.0_2                             0x000025f4   Number         4  i2c.o(.text.I2C_Init)
    [Anonymous Symbol]                       0x000025f8   Section        0  i2c.o(.text.I2C_Read)
    __arm_cp.10_1                            0x00002644   Number         4  i2c.o(.text.I2C_Read)
    [Anonymous Symbol]                       0x00002648   Section        0  i2c.o(.text.I2C_Write)
    __arm_cp.9_0                             0x00002684   Number         4  i2c.o(.text.I2C_Write)
    [Anonymous Symbol]                       0x00002688   Section        0  tpm.o(.text.InCap_OutComp_Init)
    __arm_cp.1_0                             0x000026fc   Number         4  tpm.o(.text.InCap_OutComp_Init)
    __arm_cp.1_1                             0x00002700   Number         4  tpm.o(.text.InCap_OutComp_Init)
    __arm_cp.1_2                             0x00002704   Number         4  tpm.o(.text.InCap_OutComp_Init)
    __arm_cp.1_3                             0x00002708   Number         4  tpm.o(.text.InCap_OutComp_Init)
    [Anonymous Symbol]                       0x0000270c   Section        0  klaw.o(.text.Klaw_Init)
    __arm_cp.0_0                             0x00002750   Number         4  klaw.o(.text.Klaw_Init)
    [Anonymous Symbol]                       0x00002754   Section        0  klaw.o(.text.Klaw_S2_4_Int)
    __arm_cp.1_0                             0x00002784   Number         4  klaw.o(.text.Klaw_S2_4_Int)
    [Anonymous Symbol]                       0x00002788   Section        0  lcd1602.o(.text.LCD1602_BF_AC)
    [Anonymous Symbol]                       0x00002850   Section        0  lcd1602.o(.text.LCD1602_Backlight)
    [Anonymous Symbol]                       0x00002860   Section        0  lcd1602.o(.text.LCD1602_CheckAddress)
    [Anonymous Symbol]                       0x00002888   Section        0  lcd1602.o(.text.LCD1602_ClearAll)
    [Anonymous Symbol]                       0x00002894   Section        0  lcd1602.o(.text.LCD1602_Init)
    __arm_cp.0_0                             0x000028dc   Number         4  lcd1602.o(.text.LCD1602_Init)
    [Anonymous Symbol]                       0x000028e0   Section        0  lcd1602.o(.text.LCD1602_Print)
    [Anonymous Symbol]                       0x00002900   Section        0  lcd1602.o(.text.LCD1602_SetCursor)
    [Anonymous Symbol]                       0x0000291e   Section        0  lcd1602.o(.text.LCD1602_Write4)
    [Anonymous Symbol]                       0x00002938   Section        0  lcd1602.o(.text.LCD1602_Write8)
    [Anonymous Symbol]                       0x00002960   Section        0  lcd1602.o(.text.PCF8574_Write)
    __arm_cp.12_0                            0x00002984   Number         4  lcd1602.o(.text.PCF8574_Write)
    __arm_cp.12_1                            0x00002988   Number         4  lcd1602.o(.text.PCF8574_Write)
    [Anonymous Symbol]                       0x0000298c   Section        0  main.o(.text.PIT_IRQHandler)
    __arm_cp.3_0                             0x000029c4   Number         4  main.o(.text.PIT_IRQHandler)
    __arm_cp.3_1                             0x000029c8   Number         4  main.o(.text.PIT_IRQHandler)
    __arm_cp.3_4                             0x000029cc   Number         4  main.o(.text.PIT_IRQHandler)
    [Anonymous Symbol]                       0x000029d0   Section        0  pit.o(.text.PIT_Init)
    __arm_cp.0_0                             0x00002a04   Number         4  pit.o(.text.PIT_Init)
    __arm_cp.0_1                             0x00002a08   Number         4  pit.o(.text.PIT_Init)
    __arm_cp.0_2                             0x00002a0c   Number         4  pit.o(.text.PIT_Init)
    __arm_cp.0_3                             0x00002a10   Number         4  pit.o(.text.PIT_Init)
    [Anonymous Symbol]                       0x00002a14   Section        0  main.o(.text.PORTA_IRQHandler)
    __arm_cp.1_0                             0x00002b10   Number         4  main.o(.text.PORTA_IRQHandler)
    __arm_cp.1_1                             0x00002b14   Number         4  main.o(.text.PORTA_IRQHandler)
    __arm_cp.1_2                             0x00002b18   Number         4  main.o(.text.PORTA_IRQHandler)
    __arm_cp.1_3                             0x00002b1c   Number         4  main.o(.text.PORTA_IRQHandler)
    __arm_cp.1_4                             0x00002b20   Number         4  main.o(.text.PORTA_IRQHandler)
    __arm_cp.1_5                             0x00002b24   Number         4  main.o(.text.PORTA_IRQHandler)
    __arm_cp.1_6                             0x00002b28   Number         4  main.o(.text.PORTA_IRQHandler)
    __arm_cp.1_7                             0x00002b2c   Number         4  main.o(.text.PORTA_IRQHandler)
    __arm_cp.1_8                             0x00002b30   Number         4  main.o(.text.PORTA_IRQHandler)
    __arm_cp.1_9                             0x00002b34   Number         4  main.o(.text.PORTA_IRQHandler)
    __arm_cp.1_10                            0x00002b38   Number         4  main.o(.text.PORTA_IRQHandler)
    __arm_cp.1_11                            0x00002b3c   Number         4  main.o(.text.PORTA_IRQHandler)
    [Anonymous Symbol]                       0x00002b40   Section        0  tpm.o(.text.PWM_Init)
    __arm_cp.0_0                             0x00002ba8   Number         4  tpm.o(.text.PWM_Init)
    __arm_cp.0_1                             0x00002bac   Number         4  tpm.o(.text.PWM_Init)
    __arm_cp.0_2                             0x00002bb0   Number         4  tpm.o(.text.PWM_Init)
    __arm_cp.0_3                             0x00002bb4   Number         4  tpm.o(.text.PWM_Init)
    SysTick_Config                           0x00002bb9   Thumb Code    28  main.o(.text.SysTick_Config)
    [Anonymous Symbol]                       0x00002bb8   Section        0  main.o(.text.SysTick_Config)
    __arm_cp.7_0                             0x00002bd4   Number         4  main.o(.text.SysTick_Config)
    [Anonymous Symbol]                       0x00002bd8   Section        0  main.o(.text.SysTick_Handler)
    __arm_cp.0_0                             0x00002c0c   Number         4  main.o(.text.SysTick_Handler)
    __arm_cp.0_1                             0x00002c10   Number         4  main.o(.text.SysTick_Handler)
    __arm_cp.0_2                             0x00002c14   Number         4  main.o(.text.SysTick_Handler)
    __arm_cp.0_3                             0x00002c18   Number         4  main.o(.text.SysTick_Handler)
    __arm_cp.0_4                             0x00002c1c   Number         4  main.o(.text.SysTick_Handler)
    [Anonymous Symbol]                       0x00002c20   Section        0  system_mkl05z4.o(.text.SystemInit)
    __arm_cp.0_0                             0x00002c5c   Number         4  system_mkl05z4.o(.text.SystemInit)
    __arm_cp.0_1                             0x00002c60   Number         4  system_mkl05z4.o(.text.SystemInit)
    __arm_cp.0_2                             0x00002c64   Number         4  system_mkl05z4.o(.text.SystemInit)
    __arm_cp.0_3                             0x00002c68   Number         4  system_mkl05z4.o(.text.SystemInit)
    [Anonymous Symbol]                       0x00002c6c   Section        0  main.o(.text.TPM1_IRQHandler)
    __arm_cp.4_0                             0x00002cf0   Number         4  main.o(.text.TPM1_IRQHandler)
    __arm_cp.4_1                             0x00002cf4   Number         4  main.o(.text.TPM1_IRQHandler)
    __arm_cp.4_2                             0x00002cf8   Number         4  main.o(.text.TPM1_IRQHandler)
    __arm_cp.4_3                             0x00002cfc   Number         4  main.o(.text.TPM1_IRQHandler)
    __arm_cp.4_4                             0x00002d00   Number         4  main.o(.text.TPM1_IRQHandler)
    __arm_cp.4_5                             0x00002d04   Number         4  main.o(.text.TPM1_IRQHandler)
    [Anonymous Symbol]                       0x00002d08   Section        0  tsi.o(.text.TSI0_IRQHandler)
    [Anonymous Symbol]                       0x00002d1c   Section        0  tsi.o(.text.TSI_Init)
    __arm_cp.0_0                             0x00002d58   Number         4  tsi.o(.text.TSI_Init)
    __arm_cp.0_1                             0x00002d5c   Number         4  tsi.o(.text.TSI_Init)
    __arm_cp.0_2                             0x00002d60   Number         4  tsi.o(.text.TSI_Init)
    __arm_cp.0_3                             0x00002d64   Number         4  tsi.o(.text.TSI_Init)
    __arm_cp.0_4                             0x00002d68   Number         4  tsi.o(.text.TSI_Init)
    [Anonymous Symbol]                       0x00002d6c   Section        0  tsi.o(.text.TSI_ReadSlider)
    __NVIC_ClearPendingIRQ                   0x00002dc1   Thumb Code    12  klaw.o(.text.__NVIC_ClearPendingIRQ)
    [Anonymous Symbol]                       0x00002dc0   Section        0  klaw.o(.text.__NVIC_ClearPendingIRQ)
    __NVIC_ClearPendingIRQ                   0x00002dcd   Thumb Code    12  main.o(.text.__NVIC_ClearPendingIRQ)
    [Anonymous Symbol]                       0x00002dcc   Section        0  main.o(.text.__NVIC_ClearPendingIRQ)
    __NVIC_ClearPendingIRQ                   0x00002dd9   Thumb Code    12  tpm.o(.text.__NVIC_ClearPendingIRQ)
    [Anonymous Symbol]                       0x00002dd8   Section        0  tpm.o(.text.__NVIC_ClearPendingIRQ)
    __NVIC_ClearPendingIRQ                   0x00002de5   Thumb Code    12  tsi.o(.text.__NVIC_ClearPendingIRQ)
    [Anonymous Symbol]                       0x00002de4   Section        0  tsi.o(.text.__NVIC_ClearPendingIRQ)
    __NVIC_ClearPendingIRQ                   0x00002df1   Thumb Code    12  pit.o(.text.__NVIC_ClearPendingIRQ)
    [Anonymous Symbol]                       0x00002df0   Section        0  pit.o(.text.__NVIC_ClearPendingIRQ)
    __arm_cp.1_0                             0x00002dfc   Number         4  pit.o(.text.__NVIC_ClearPendingIRQ)
    __NVIC_EnableIRQ                         0x00002e01   Thumb Code    12  klaw.o(.text.__NVIC_EnableIRQ)
    [Anonymous Symbol]                       0x00002e00   Section        0  klaw.o(.text.__NVIC_EnableIRQ)
    __NVIC_EnableIRQ                         0x00002e0d   Thumb Code    12  tpm.o(.text.__NVIC_EnableIRQ)
    [Anonymous Symbol]                       0x00002e0c   Section        0  tpm.o(.text.__NVIC_EnableIRQ)
    __NVIC_EnableIRQ                         0x00002e19   Thumb Code    12  tsi.o(.text.__NVIC_EnableIRQ)
    [Anonymous Symbol]                       0x00002e18   Section        0  tsi.o(.text.__NVIC_EnableIRQ)
    __NVIC_EnableIRQ                         0x00002e25   Thumb Code    12  pit.o(.text.__NVIC_EnableIRQ)
    [Anonymous Symbol]                       0x00002e24   Section        0  pit.o(.text.__NVIC_EnableIRQ)
    __arm_cp.2_0                             0x00002e30   Number         4  pit.o(.text.__NVIC_EnableIRQ)
    __NVIC_SetPriority                       0x00002e35   Thumb Code    20  klaw.o(.text.__NVIC_SetPriority)
    [Anonymous Symbol]                       0x00002e34   Section        0  klaw.o(.text.__NVIC_SetPriority)
    __arm_cp.2_0                             0x00002e48   Number         4  klaw.o(.text.__NVIC_SetPriority)
    __NVIC_SetPriority                       0x00002e4d   Thumb Code    20  main.o(.text.__NVIC_SetPriority)
    [Anonymous Symbol]                       0x00002e4c   Section        0  main.o(.text.__NVIC_SetPriority)
    __arm_cp.6_0                             0x00002e60   Number         4  main.o(.text.__NVIC_SetPriority)
    __NVIC_SetPriority                       0x00002e65   Thumb Code    20  tsi.o(.text.__NVIC_SetPriority)
    [Anonymous Symbol]                       0x00002e64   Section        0  tsi.o(.text.__NVIC_SetPriority)
    __arm_cp.1_0                             0x00002e78   Number         4  tsi.o(.text.__NVIC_SetPriority)
    [Anonymous Symbol]                       0x00002e7c   Section        0  tpm.o(.text.calculateDistance)
    __arm_cp.4_0                             0x00002e94   Number         4  tpm.o(.text.calculateDistance)
    __arm_cp.4_1                             0x00002e98   Number         4  tpm.o(.text.calculateDistance)
    [Anonymous Symbol]                       0x00002e9c   Section        0  tsi.o(.text.change_electrode)
    __arm_cp.6_0                             0x00002ee8   Number         4  tsi.o(.text.change_electrode)
    __arm_cp.6_1                             0x00002eec   Number         4  tsi.o(.text.change_electrode)
    __arm_cp.6_2                             0x00002ef0   Number         4  tsi.o(.text.change_electrode)
    __arm_cp.6_3                             0x00002ef4   Number         4  tsi.o(.text.change_electrode)
    __arm_cp.6_4                             0x00002ef8   Number         4  tsi.o(.text.change_electrode)
    __arm_cp.6_5                             0x00002efc   Number         4  tsi.o(.text.change_electrode)
    [Anonymous Symbol]                       0x00002f00   Section        0  i2c.o(.text.i2c_clr_IICIF)
    [Anonymous Symbol]                       0x00002f0c   Section        0  i2c.o(.text.i2c_disable)
    [Anonymous Symbol]                       0x00002f18   Section        0  i2c.o(.text.i2c_enable)
    [Anonymous Symbol]                       0x00002f24   Section        0  i2c.o(.text.i2c_m_start)
    [Anonymous Symbol]                       0x00002f30   Section        0  i2c.o(.text.i2c_m_stop)
    [Anonymous Symbol]                       0x00002f3c   Section        0  i2c.o(.text.i2c_nack)
    [Anonymous Symbol]                       0x00002f48   Section        0  i2c.o(.text.i2c_rec)
    [Anonymous Symbol]                       0x00002f54   Section        0  i2c.o(.text.i2c_recv)
    [Anonymous Symbol]                       0x00002f5c   Section        0  i2c.o(.text.i2c_send)
    __arm_cp.5_0                             0x00002f64   Number         4  i2c.o(.text.i2c_send)
    [Anonymous Symbol]                       0x00002f68   Section        0  i2c.o(.text.i2c_tran)
    __arm_cp.3_0                             0x00002f74   Number         4  i2c.o(.text.i2c_tran)
    [Anonymous Symbol]                       0x00002f78   Section        0  i2c.o(.text.i2c_wait)
    __arm_cp.6_0                             0x00002fc8   Number         4  i2c.o(.text.i2c_wait)
    __arm_cp.6_1                             0x00002fcc   Number         4  i2c.o(.text.i2c_wait)
    __arm_cp.6_2                             0x00002fd0   Number         4  i2c.o(.text.i2c_wait)
    [Anonymous Symbol]                       0x00002fd4   Section        0  main.o(.text.main)
    __arm_cp.5_0                             0x000032e8   Number         4  main.o(.text.main)
    __arm_cp.5_1                             0x000032ec   Number         4  main.o(.text.main)
    __arm_cp.5_2                             0x000032f0   Number         4  main.o(.text.main)
    __arm_cp.5_3                             0x000032f4   Number         4  main.o(.text.main)
    __arm_cp.5_4                             0x000032f8   Number         4  main.o(.text.main)
    __arm_cp.5_5                             0x000032fc   Number         4  main.o(.text.main)
    __arm_cp.5_6                             0x00003300   Number         4  main.o(.text.main)
    __arm_cp.5_7                             0x00003304   Number         4  main.o(.text.main)
    __arm_cp.5_8                             0x00003308   Number         4  main.o(.text.main)
    __arm_cp.5_9                             0x0000330c   Number         4  main.o(.text.main)
    __arm_cp.5_10                            0x00003310   Number         4  main.o(.text.main)
    __arm_cp.5_11                            0x00003314   Number         4  main.o(.text.main)
    __arm_cp.5_12                            0x00003318   Number         4  main.o(.text.main)
    __arm_cp.5_13                            0x0000331c   Number         4  main.o(.text.main)
    __arm_cp.5_14                            0x00003320   Number         4  main.o(.text.main)
    __arm_cp.5_15                            0x00003324   Number         4  main.o(.text.main)
    __arm_cp.5_16                            0x00003328   Number         4  main.o(.text.main)
    __arm_cp.5_17                            0x0000332c   Number         4  main.o(.text.main)
    __arm_cp.5_18                            0x00003330   Number         4  main.o(.text.main)
    __arm_cp.5_19                            0x00003334   Number         4  main.o(.text.main)
    __arm_cp.5_20                            0x00003338   Number         4  main.o(.text.main)
    __arm_cp.5_21                            0x0000333c   Number         4  main.o(.text.main)
    __arm_cp.5_22                            0x00003340   Number         4  main.o(.text.main)
    __arm_cp.5_24                            0x00003354   Number         4  main.o(.text.main)
    __arm_cp.5_25                            0x00003358   Number         4  main.o(.text.main)
    __arm_cp.5_26                            0x0000335c   Number         4  main.o(.text.main)
    __arm_cp.5_29                            0x0000337c   Number         4  main.o(.text.main)
    __arm_cp.5_30                            0x00003380   Number         4  main.o(.text.main)
    __arm_cp.5_33                            0x000033a0   Number         4  main.o(.text.main)
    __arm_cp.5_36                            0x000033c0   Number         4  main.o(.text.main)
    __arm_cp.5_37                            0x000033c4   Number         4  main.o(.text.main)
    __arm_cp.5_40                            0x000033e4   Number         4  main.o(.text.main)
    __arm_cp.5_42                            0x000033f4   Number         4  main.o(.text.main)
    __arm_cp.5_43                            0x000033f8   Number         4  main.o(.text.main)
    __arm_cp.5_44                            0x000033fc   Number         4  main.o(.text.main)
    __arm_cp.5_45                            0x00003400   Number         4  main.o(.text.main)
    [Anonymous Symbol]                       0x00003404   Section        0  tsi.o(.text.self_calibration)
    __arm_cp.4_0                             0x0000349c   Number         4  tsi.o(.text.self_calibration)
    __arm_cp.4_1                             0x000034a0   Number         4  tsi.o(.text.self_calibration)
    __arm_cp.4_2                             0x000034a4   Number         4  tsi.o(.text.self_calibration)
    .text_divfast                            0x000034a8   Section      502  aeabi_sdivfast.o(.text_divfast)
    i.__ARM_common_ll_muluu                  0x0000369e   Section        0  btod.o(i.__ARM_common_ll_muluu)
    i.__ARM_fpclassify                       0x000036d0   Section        0  fpclassify.o(i.__ARM_fpclassify)
    i.__ieee754_rem_pio2                     0x000036fc   Section        0  rred.o(i.__ieee754_rem_pio2)
    i.__kernel_cos                           0x00003a98   Section        0  cos_i.o(i.__kernel_cos)
    i.__kernel_poly                          0x00003b8c   Section        0  poly.o(i.__kernel_poly)
    i.__kernel_sin                           0x00003c38   Section        0  sin_i.o(i.__kernel_sin)
    i.__mathlib_dbl_infnan                   0x00003d24   Section        0  dunder.o(i.__mathlib_dbl_infnan)
    i.__mathlib_dbl_invalid                  0x00003d2e   Section        0  dunder.o(i.__mathlib_dbl_invalid)
    i.__mathlib_dbl_underflow                0x00003d40   Section        0  dunder.o(i.__mathlib_dbl_underflow)
    i._dgeq                                  0x00003d54   Section        0  dcmp.o(i._dgeq)
    i._dleq                                  0x00003d6a   Section        0  dcmp.o(i._dleq)
    i._dls                                   0x00003d84   Section        0  dcmp.o(i._dls)
    i._feq                                   0x00003d9a   Section        0  fcmp.o(i._feq)
    i._fgeq                                  0x00003db0   Section        0  fcmp.o(i._fgeq)
    i._is_digit                              0x00003dc6   Section        0  __printf_wp.o(i._is_digit)
    i.sin                                    0x00003dd4   Section        0  sin.o(i.sin)
    locale$$code                             0x00003e70   Section       44  lc_numeric_c.o(locale$$code)
    x$fpl$dgeqf                              0x00003e9c   Section      100  dgef.o(x$fpl$dgeqf)
    x$fpl$dleqf                              0x00003f00   Section      100  dlef.o(x$fpl$dleqf)
    x$fpl$fadd                               0x00003f64   Section      140  faddsub.o(x$fpl$fadd)
    _fadd1                                   0x00003f71   Thumb Code     0  faddsub.o(x$fpl$fadd)
    x$fpl$feqf                               0x00003ff0   Section       84  feqf.o(x$fpl$feqf)
    x$fpl$fgeqf                              0x00004044   Section       84  fgef.o(x$fpl$fgeqf)
    x$fpl$fmul                               0x00004098   Section      176  fmul.o(x$fpl$fmul)
    x$fpl$fsub                               0x00004148   Section      208  faddsub.o(x$fpl$fsub)
    _fsub1                                   0x00004155   Thumb Code     0  faddsub.o(x$fpl$fsub)
    x$fpl$printf1                            0x00004218   Section       16  printf1.o(x$fpl$printf1)
    x$fpl$printf2                            0x00004228   Section       16  printf2.o(x$fpl$printf2)
    maptable                                 0x00004238   Data          17  __printf_flags_ss_wp.o(.constdata)
    .constdata                               0x00004238   Section       17  __printf_flags_ss_wp.o(.constdata)
    ddiv_reciptbl                            0x00004249   Data         128  ddiv.o(.constdata)
    .constdata                               0x00004249   Section      128  ddiv.o(.constdata)
    fdiv_tab                                 0x000042c9   Data          64  fdiv.o(.constdata)
    .constdata                               0x000042c9   Section       64  fdiv.o(.constdata)
    lc_hextab                                0x00004309   Data          19  _printf_fp_hex.o(.constdata)
    .constdata                               0x00004309   Section       38  _printf_fp_hex.o(.constdata)
    uc_hextab                                0x0000431c   Data          19  _printf_fp_hex.o(.constdata)
    C                                        0x00004330   Data          48  cos_i.o(.constdata)
    .constdata                               0x00004330   Section       48  cos_i.o(.constdata)
    pio2s                                    0x00004360   Data          48  rred.o(.constdata)
    .constdata                               0x00004360   Section      204  rred.o(.constdata)
    twooverpi                                0x00004390   Data         156  rred.o(.constdata)
    S                                        0x00004430   Data          40  sin_i.o(.constdata)
    .constdata                               0x00004430   Section       40  sin_i.o(.constdata)
    tenpwrs_x                                0x00004458   Data          60  bigflt0.o(.constdata)
    .constdata                               0x00004458   Section      148  bigflt0.o(.constdata)
    tenpwrs_i                                0x00004494   Data          64  bigflt0.o(.constdata)
    [Anonymous Symbol]                       0x000044ec   Section        0  main.o(.rodata.cst32)
    locale$$data                             0x0000452c   Section       28  lc_numeric_c.o(locale$$data)
    __lcnum_c_name                           0x00004530   Data           2  lc_numeric_c.o(locale$$data)
    __lcnum_c_start                          0x00004538   Data           0  lc_numeric_c.o(locale$$data)
    __lcnum_c_point                          0x00004544   Data           0  lc_numeric_c.o(locale$$data)
    __lcnum_c_thousands                      0x00004546   Data           0  lc_numeric_c.o(locale$$data)
    __lcnum_c_grouping                       0x00004547   Data           0  lc_numeric_c.o(locale$$data)
    __lcnum_c_end                            0x00004548   Data           0  lc_numeric_c.o(locale$$data)
    lcd_backlight                            0x1ffffc04   Data           1  lcd1602.o(.data.lcd_backlight)
    [Anonymous Symbol]                       0x1ffffc04   Section        0  lcd1602.o(.data.lcd_backlight)
    .bss                                     0x1ffffc10   Section       96  libspace.o(.bss)
    end_flag                                 0x20000485   Data           1  tsi.o(.bss.end_flag)
    [Anonymous Symbol]                       0x20000485   Section        0  tsi.o(.bss.end_flag)
    error                                    0x20000486   Data           1  i2c.o(.bss.error)
    [Anonymous Symbol]                       0x20000486   Section        0  i2c.o(.bss.error)
    gu16Baseline                             0x20000490   Data           4  tsi.o(.bss.gu16Baseline)
    [Anonymous Symbol]                       0x20000490   Section        0  tsi.o(.bss.gu16Baseline)
    gu16Delta                                0x20000494   Data           4  tsi.o(.bss.gu16Delta)
    [Anonymous Symbol]                       0x20000494   Section        0  tsi.o(.bss.gu16Delta)
    ongoing_elec                             0x2000049c   Data           1  tsi.o(.bss.ongoing_elec)
    [Anonymous Symbol]                       0x2000049c   Section        0  tsi.o(.bss.ongoing_elec)
    pcf_address                              0x2000049d   Data           1  lcd1602.o(.bss.pcf_address)
    [Anonymous Symbol]                       0x2000049d   Section        0  lcd1602.o(.bss.pcf_address)
    Heap_Mem                                 0x200004b8   Data           0  startup_mkl05z4.o(HEAP)
    Stack_Mem                                0x200004b8   Data         768  startup_mkl05z4.o(STACK)
    HEAP                                     0x200004b8   Section        0  startup_mkl05z4.o(HEAP)
    STACK                                    0x200004b8   Section      768  startup_mkl05z4.o(STACK)
    __initial_sp                             0x200007b8   Data           0  startup_mkl05z4.o(STACK)

    Global Symbols

    Symbol Name                              Value     Ov Type        Size  Object(Section)

    BuildAttributes$$THM_ISAv3M$S$PE$A:L22$X:L11$S22$IEEE1$IW$~IW$USESV6$~STKCKD$USESV7$~SHL$OTIME$ROPI$IEEEX$EBA8$UX$STANDARDLIB$REQ8$PRES8$EABIv2 0x00000000   Number         0  anon$$obj.o ABSOLUTE
    __Vectors                                0x00000000   Data           4  startup_mkl05z4.o(RESET)
    _printf_flags                            0x00000000   Number         0  printf_stubs.o ABSOLUTE
    _printf_return_value                     0x00000000   Number         0  printf_stubs.o ABSOLUTE
    _printf_sizespec                         0x00000000   Number         0  printf_stubs.o ABSOLUTE
    _printf_widthprec                        0x00000000   Number         0  printf_stubs.o ABSOLUTE
    __ARM_exceptions_init                     - Undefined Weak Reference
    __alloca_initialize                       - Undefined Weak Reference
    __arm_preinit_                            - Undefined Weak Reference
    __cpp_initialize__aeabi_                  - Undefined Weak Reference
    __cxa_finalize                            - Undefined Weak Reference
    __sigvec_lookup                           - Undefined Weak Reference
    _atexit_init                              - Undefined Weak Reference
    _call_atexit_fns                          - Undefined Weak Reference
    _clock_init                               - Undefined Weak Reference
    _fp_trap_init                             - Undefined Weak Reference
    _fp_trap_shutdown                         - Undefined Weak Reference
    _get_lc_collate                           - Undefined Weak Reference
    _get_lc_ctype                             - Undefined Weak Reference
    _get_lc_monetary                          - Undefined Weak Reference
    _get_lc_time                              - Undefined Weak Reference
    _getenv_init                              - Undefined Weak Reference
    _handle_redirection                       - Undefined Weak Reference
    _init_alloc                               - Undefined Weak Reference
    _init_user_alloc                          - Undefined Weak Reference
    _initio                                   - Undefined Weak Reference
    _rand_init                                - Undefined Weak Reference
    _signal_finish                            - Undefined Weak Reference
    _signal_init                              - Undefined Weak Reference
    _terminate_alloc                          - Undefined Weak Reference
    _terminate_user_alloc                     - Undefined Weak Reference
    _terminateio                              - Undefined Weak Reference
    __Vectors_End                            0x000000c0   Data           0  startup_mkl05z4.o(RESET)
    __Vectors_Size                           0x000000c0   Number         0  startup_mkl05z4.o ABSOLUTE
    __main                                   0x000000c1   Thumb Code     8  __main.o(!!!main)
    __scatterload                            0x000000c9   Thumb Code     0  __scatter.o(!!!scatter)
    __scatterload_rt2                        0x000000c9   Thumb Code    52  __scatter.o(!!!scatter)
    __scatterload_rt2_thumb_only             0x000000c9   Thumb Code     0  __scatter.o(!!!scatter)
    __scatterload_null                       0x000000d9   Thumb Code     0  __scatter.o(!!!scatter)
    __scatterload_copy                       0x00000105   Thumb Code    26  __scatter_copy.o(!!handler_copy)
    __scatterload_zeroinit                   0x00000121   Thumb Code    28  __scatter_zi.o(!!handler_zi)
    _printf_percent                          0x0000013d   Thumb Code     0  _printf_percent.o(.ARM.Collect$$_printf_percent$$00000000)
    _printf_f                                0x0000013f   Thumb Code     0  _printf_f.o(.ARM.Collect$$_printf_percent$$00000003)
    _printf_e                                0x00000149   Thumb Code     0  _printf_e.o(.ARM.Collect$$_printf_percent$$00000004)
    _printf_g                                0x00000153   Thumb Code     0  _printf_g.o(.ARM.Collect$$_printf_percent$$00000005)
    _printf_a                                0x0000015d   Thumb Code     0  _printf_a.o(.ARM.Collect$$_printf_percent$$00000006)
    _printf_percent_end                      0x00000167   Thumb Code     0  _printf_percent_end.o(.ARM.Collect$$_printf_percent$$00000017)
    __rt_lib_init                            0x0000016b   Thumb Code     0  libinit.o(.ARM.Collect$$libinit$$00000000)
    __rt_lib_init_fp_1                       0x0000016d   Thumb Code     0  libinit2.o(.ARM.Collect$$libinit$$00000002)
    __rt_lib_init_heap_1                     0x0000016d   Thumb Code     0  libinit2.o(.ARM.Collect$$libinit$$0000000A)
    __rt_lib_init_lc_common                  0x0000016d   Thumb Code     0  libinit2.o(.ARM.Collect$$libinit$$0000000F)
    __rt_lib_init_preinit_1                  0x0000016d   Thumb Code     0  libinit2.o(.ARM.Collect$$libinit$$00000004)
    __rt_lib_init_rand_1                     0x0000016d   Thumb Code     0  libinit2.o(.ARM.Collect$$libinit$$0000000E)
    __rt_lib_init_user_alloc_1               0x0000016d   Thumb Code     0  libinit2.o(.ARM.Collect$$libinit$$0000000C)
    __rt_lib_init_lc_collate_1               0x00000173   Thumb Code     0  libinit2.o(.ARM.Collect$$libinit$$00000011)
    __rt_lib_init_lc_ctype_1                 0x00000173   Thumb Code     0  libinit2.o(.ARM.Collect$$libinit$$00000013)
    __rt_lib_init_lc_monetary_1              0x00000173   Thumb Code     0  libinit2.o(.ARM.Collect$$libinit$$00000015)
    __rt_lib_init_lc_numeric_2               0x00000173   Thumb Code     0  libinit2.o(.ARM.Collect$$libinit$$00000016)
    __rt_lib_init_alloca_1                   0x0000017d   Thumb Code     0  libinit2.o(.ARM.Collect$$libinit$$0000002E)
    __rt_lib_init_argv_1                     0x0000017d   Thumb Code     0  libinit2.o(.ARM.Collect$$libinit$$0000002C)
    __rt_lib_init_atexit_1                   0x0000017d   Thumb Code     0  libinit2.o(.ARM.Collect$$libinit$$0000001B)
    __rt_lib_init_clock_1                    0x0000017d   Thumb Code     0  libinit2.o(.ARM.Collect$$libinit$$00000021)
    __rt_lib_init_cpp_1                      0x0000017d   Thumb Code     0  libinit2.o(.ARM.Collect$$libinit$$00000032)
    __rt_lib_init_exceptions_1               0x0000017d   Thumb Code     0  libinit2.o(.ARM.Collect$$libinit$$00000030)
    __rt_lib_init_fp_trap_1                  0x0000017d   Thumb Code     0  libinit2.o(.ARM.Collect$$libinit$$0000001F)
    __rt_lib_init_getenv_1                   0x0000017d   Thumb Code     0  libinit2.o(.ARM.Collect$$libinit$$00000023)
    __rt_lib_init_lc_numeric_1               0x0000017d   Thumb Code     0  libinit2.o(.ARM.Collect$$libinit$$00000017)
    __rt_lib_init_lc_time_1                  0x0000017d   Thumb Code     0  libinit2.o(.ARM.Collect$$libinit$$00000019)
    __rt_lib_init_return                     0x0000017d   Thumb Code     0  libinit2.o(.ARM.Collect$$libinit$$00000033)
    __rt_lib_init_signal_1                   0x0000017d   Thumb Code     0  libinit2.o(.ARM.Collect$$libinit$$0000001D)
    __rt_lib_init_stdio_1                    0x0000017d   Thumb Code     0  libinit2.o(.ARM.Collect$$libinit$$00000025)
    __rt_lib_shutdown                        0x0000017f   Thumb Code     0  libshutdown.o(.ARM.Collect$$libshutdown$$00000000)
    __rt_lib_shutdown_cpp_1                  0x00000181   Thumb Code     0  libshutdown2.o(.ARM.Collect$$libshutdown$$00000002)
    __rt_lib_shutdown_fp_trap_1              0x00000181   Thumb Code     0  libshutdown2.o(.ARM.Collect$$libshutdown$$00000007)
    __rt_lib_shutdown_heap_1                 0x00000181   Thumb Code     0  libshutdown2.o(.ARM.Collect$$libshutdown$$0000000F)
    __rt_lib_shutdown_return                 0x00000181   Thumb Code     0  libshutdown2.o(.ARM.Collect$$libshutdown$$00000010)
    __rt_lib_shutdown_signal_1               0x00000181   Thumb Code     0  libshutdown2.o(.ARM.Collect$$libshutdown$$0000000A)
    __rt_lib_shutdown_stdio_1                0x00000181   Thumb Code     0  libshutdown2.o(.ARM.Collect$$libshutdown$$00000004)
    __rt_lib_shutdown_user_alloc_1           0x00000181   Thumb Code     0  libshutdown2.o(.ARM.Collect$$libshutdown$$0000000C)
    __rt_entry                               0x00000183   Thumb Code     0  __rtentry.o(.ARM.Collect$$rtentry$$00000000)
    __rt_entry_presh_1                       0x00000183   Thumb Code     0  __rtentry2.o(.ARM.Collect$$rtentry$$00000002)
    __rt_entry_sh                            0x00000183   Thumb Code     0  __rtentry4.o(.ARM.Collect$$rtentry$$00000004)
    __rt_entry_li                            0x00000189   Thumb Code     0  __rtentry2.o(.ARM.Collect$$rtentry$$0000000A)
    __rt_entry_postsh_1                      0x00000189   Thumb Code     0  __rtentry2.o(.ARM.Collect$$rtentry$$00000009)
    __rt_entry_main                          0x0000018d   Thumb Code     0  __rtentry2.o(.ARM.Collect$$rtentry$$0000000D)
    __rt_entry_postli_1                      0x0000018d   Thumb Code     0  __rtentry2.o(.ARM.Collect$$rtentry$$0000000C)
    __rt_exit                                0x00000195   Thumb Code     0  rtexit.o(.ARM.Collect$$rtexit$$00000000)
    __rt_exit_ls                             0x00000197   Thumb Code     0  rtexit2.o(.ARM.Collect$$rtexit$$00000003)
    __rt_exit_prels_1                        0x00000197   Thumb Code     0  rtexit2.o(.ARM.Collect$$rtexit$$00000002)
    __rt_exit_exit                           0x0000019b   Thumb Code     0  rtexit2.o(.ARM.Collect$$rtexit$$00000004)
    Reset_Handler                            0x000001a1   Thumb Code     8  startup_mkl05z4.o(.text)
    NMI_Handler                              0x000001a9   Thumb Code     2  startup_mkl05z4.o(.text)
    HardFault_Handler                        0x000001ab   Thumb Code     2  startup_mkl05z4.o(.text)
    SVC_Handler                              0x000001ad   Thumb Code     2  startup_mkl05z4.o(.text)
    PendSV_Handler                           0x000001af   Thumb Code     2  startup_mkl05z4.o(.text)
    ADC0_IRQHandler                          0x000001b3   Thumb Code     0  startup_mkl05z4.o(.text)
    CMP0_IRQHandler                          0x000001b3   Thumb Code     0  startup_mkl05z4.o(.text)
    DAC0_IRQHandler                          0x000001b3   Thumb Code     0  startup_mkl05z4.o(.text)
    DMA0_IRQHandler                          0x000001b3   Thumb Code     0  startup_mkl05z4.o(.text)
    DMA1_IRQHandler                          0x000001b3   Thumb Code     0  startup_mkl05z4.o(.text)
    DMA2_IRQHandler                          0x000001b3   Thumb Code     0  startup_mkl05z4.o(.text)
    DMA3_IRQHandler                          0x000001b3   Thumb Code     0  startup_mkl05z4.o(.text)
    DefaultISR                               0x000001b3   Thumb Code     0  startup_mkl05z4.o(.text)
    FTFA_IRQHandler                          0x000001b3   Thumb Code     0  startup_mkl05z4.o(.text)
    I2C0_IRQHandler                          0x000001b3   Thumb Code     0  startup_mkl05z4.o(.text)
    LLW_IRQHandler                           0x000001b3   Thumb Code     0  startup_mkl05z4.o(.text)
    LPTimer_IRQHandler                       0x000001b3   Thumb Code     0  startup_mkl05z4.o(.text)
    LVD_LVW_IRQHandler                       0x000001b3   Thumb Code     0  startup_mkl05z4.o(.text)
    MCG_IRQHandler                           0x000001b3   Thumb Code     0  startup_mkl05z4.o(.text)
    PORTB_IRQHandler                         0x000001b3   Thumb Code     0  startup_mkl05z4.o(.text)
    RTC_IRQHandler                           0x000001b3   Thumb Code     0  startup_mkl05z4.o(.text)
    RTC_Seconds_IRQHandler                   0x000001b3   Thumb Code     0  startup_mkl05z4.o(.text)
    Reserved20_IRQHandler                    0x000001b3   Thumb Code     0  startup_mkl05z4.o(.text)
    Reserved25_IRQHandler                    0x000001b3   Thumb Code     0  startup_mkl05z4.o(.text)
    Reserved27_IRQHandler                    0x000001b3   Thumb Code     0  startup_mkl05z4.o(.text)
    Reserved29_IRQHandler                    0x000001b3   Thumb Code     0  startup_mkl05z4.o(.text)
    Reserved30_IRQHandler                    0x000001b3   Thumb Code     0  startup_mkl05z4.o(.text)
    Reserved35_IRQHandler                    0x000001b3   Thumb Code     0  startup_mkl05z4.o(.text)
    Reserved39_IRQHandler                    0x000001b3   Thumb Code     0  startup_mkl05z4.o(.text)
    Reserved40_IRQHandler                    0x000001b3   Thumb Code     0  startup_mkl05z4.o(.text)
    Reserved45_IRQHandler                    0x000001b3   Thumb Code     0  startup_mkl05z4.o(.text)
    SPI0_IRQHandler                          0x000001b3   Thumb Code     0  startup_mkl05z4.o(.text)
    TPM0_IRQHandler                          0x000001b3   Thumb Code     0  startup_mkl05z4.o(.text)
    UART0_IRQHandler                         0x000001b3   Thumb Code     0  startup_mkl05z4.o(.text)
    __user_initial_stackheap                 0x000001b5   Thumb Code     0  startup_mkl05z4.o(.text)
    __2sprintf                               0x000001d5   Thumb Code    36  noretval__2sprintf.o(.text)
    _printf_pre_padding                      0x000001fd   Thumb Code    44  _printf_pad.o(.text)
    _printf_post_padding                     0x00000229   Thumb Code    34  _printf_pad.o(.text)
    __printf                                 0x0000024d   Thumb Code   386  __printf_flags_ss_wp.o(.text)
    __use_two_region_memory                  0x000003d5   Thumb Code     2  heapauxi.o(.text)
    __rt_heap_escrow$2region                 0x000003d7   Thumb Code     2  heapauxi.o(.text)
    __rt_heap_expand$2region                 0x000003d9   Thumb Code     2  heapauxi.o(.text)
    __read_errno                             0x000003db   Thumb Code    10  _rserrno.o(.text)
    __set_errno                              0x000003e5   Thumb Code    12  _rserrno.o(.text)
    _sputc                                   0x000003f1   Thumb Code    10  _sputc.o(.text)
    __I$use$semihosting                      0x000003fb   Thumb Code     0  use_no_semi.o(.text)
    __use_no_semihosting_swi                 0x000003fb   Thumb Code     2  use_no_semi.o(.text)
    __I$use$fp                               0x000003fc   Number         0  usenofp.o(x$fpl$usenofp)
    __semihosting_library_function           0x000003fd   Thumb Code     0  indicate_semi.o(.text)
    __aeabi_uidivmod                         0x00000411   Thumb Code    28  aeabi_sdivfast.o(.text)
    __aeabi_idivmod                          0x0000042d   Thumb Code   472  aeabi_sdivfast.o(.text)
    __aeabi_d2f                              0x00000609   Thumb Code     0  d2f.o(.text)
    _d2f                                     0x00000609   Thumb Code   120  d2f.o(.text)
    __aeabi_dadd                             0x0000097d   Thumb Code     0  daddsub.o(.text)
    _dadd                                    0x0000097d   Thumb Code    26  daddsub.o(.text)
    __aeabi_dsub                             0x00000997   Thumb Code     0  daddsub.o(.text)
    _dsub                                    0x00000997   Thumb Code    22  daddsub.o(.text)
    __aeabi_drsub                            0x000009ad   Thumb Code     0  daddsub.o(.text)
    _drsb                                    0x000009ad   Thumb Code    28  daddsub.o(.text)
    __aeabi_ddiv                             0x000009dd   Thumb Code     0  ddiv.o(.text)
    _ddiv                                    0x000009dd   Thumb Code  1072  ddiv.o(.text)
    _drdiv                                   0x00000e0d   Thumb Code    20  ddiv.o(.text)
    __aeabi_d2iz                             0x00000e25   Thumb Code     0  dfixi.o(.text)
    _dfix                                    0x00000e25   Thumb Code    98  dfixi.o(.text)
    __aeabi_i2d_normalise                    0x00000e91   Thumb Code    66  dflti.o(.text)
    __aeabi_i2d                              0x00000ed3   Thumb Code    16  dflti.o(.text)
    _dflt                                    0x00000ed3   Thumb Code     0  dflti.o(.text)
    __aeabi_ui2d                             0x00000ee3   Thumb Code     6  dflti.o(.text)
    _dfltu                                   0x00000ee3   Thumb Code     0  dflti.o(.text)
    __aeabi_dmul                             0x00000ee9   Thumb Code     0  dmul.o(.text)
    _dmul                                    0x00000ee9   Thumb Code   558  dmul.o(.text)
    __aeabi_f2d                              0x00001131   Thumb Code     0  f2d.o(.text)
    _f2d                                     0x00001131   Thumb Code    80  f2d.o(.text)
    __aeabi_fdiv                             0x00001185   Thumb Code     0  fdiv.o(.text)
    _fdiv                                    0x00001185   Thumb Code   334  fdiv.o(.text)
    _frdiv                                   0x000012d3   Thumb Code     8  fdiv.o(.text)
    __aeabi_f2uiz                            0x000012e5   Thumb Code     0  ffixui.o(.text)
    _ffixu                                   0x000012e5   Thumb Code    48  ffixui.o(.text)
    __aeabi_i2f_normalise                    0x00001315   Thumb Code    72  fflti.o(.text)
    __aeabi_i2f                              0x0000135d   Thumb Code    16  fflti.o(.text)
    _fflt                                    0x0000135d   Thumb Code     0  fflti.o(.text)
    __aeabi_ui2f                             0x0000136d   Thumb Code     6  fflti.o(.text)
    _ffltu                                   0x0000136d   Thumb Code     0  fflti.o(.text)
    _printf_fp_dec_real                      0x00001511   Thumb Code   620  _printf_fp_dec.o(.text)
    _printf_fp_hex_real                      0x00001789   Thumb Code   718  _printf_fp_hex.o(.text)
    _printf_char_common                      0x00001a6b   Thumb Code    32  _printf_char_common.o(.text)
    __rt_locale                              0x00001a91   Thumb Code     8  rt_locale_intlibspace.o(.text)
    __aeabi_errno_addr                       0x00001a99   Thumb Code     8  rt_errno_addr_intlibspace.o(.text)
    __errno$intlibspace                      0x00001a99   Thumb Code     0  rt_errno_addr_intlibspace.o(.text)
    __rt_errno_addr$intlibspace              0x00001a99   Thumb Code     0  rt_errno_addr_intlibspace.o(.text)
    _ll_udiv10                               0x00001aa1   Thumb Code   122  lludiv10.o(.text)
    _printf_fp_infnan                        0x00001b1d   Thumb Code   120  _printf_fp_infnan.o(.text)
    _btod_etento                             0x00001ba5   Thumb Code   210  bigflt0.o(.text)
    _btod_d2e                                0x00001c7d   Thumb Code    64  btod.o(.text)
    _btod_emul                               0x000020b1   Thumb Code    28  btod.o(.text)
    _btod_emuld                              0x000020cd   Thumb Code   144  btod.o(.text)
    _btod_ediv                               0x0000215d   Thumb Code    26  btod.o(.text)
    _btod_edivd                              0x00002177   Thumb Code   124  btod.o(.text)
    __rt_udiv10                              0x000021fd   Thumb Code    40  rtudiv10.o(.text)
    __fpl_dcmp_InfNaN                        0x00002225   Thumb Code   154  dcmpin.o(.text)
    __ARM_scalbn                             0x000022c5   Thumb Code    84  dscalbn.o(.text)
    __fpl_fcmp_InfNaN                        0x00002325   Thumb Code    96  fcmpin.o(.text)
    __user_libspace                          0x00002389   Thumb Code     8  libspace.o(.text)
    __user_perproc_libspace                  0x00002389   Thumb Code     0  libspace.o(.text)
    __user_perthread_libspace                0x00002389   Thumb Code     0  libspace.o(.text)
    __user_setup_stackheap                   0x00002391   Thumb Code    62  sys_stackheap_outer.o(.text)
    exit                                     0x000023cf   Thumb Code    16  exit.o(.text)
    strcmp                                   0x000023e1   Thumb Code   176  strcmpv6m.o(.text)
    __fpl_cmpreturn                          0x00002491   Thumb Code    46  cmpret.o(.text)
    __fpl_dcheck_NaN2                        0x000024c1   Thumb Code    14  dnan2.o(.text)
    __fpl_fcheck_NaN2                        0x000024d5   Thumb Code    10  fnan2.o(.text)
    __fpl_return_NaN                         0x000024e5   Thumb Code    94  retnan.o(.text)
    _sys_exit                                0x00002545   Thumb Code     8  sys_exit.o(.text)
    DAC_Init                                 0x00002551   Thumb Code    40  dac.o(.text.DAC_Init)
    DAC_Load_Trig                            0x00002579   Thumb Code    44  dac.o(.text.DAC_Load_Trig)
    I2C_Init                                 0x000025ad   Thumb Code    64  i2c.o(.text.I2C_Init)
    I2C_Read                                 0x000025f9   Thumb Code    76  i2c.o(.text.I2C_Read)
    I2C_Write                                0x00002649   Thumb Code    60  i2c.o(.text.I2C_Write)
    InCap_OutComp_Init                       0x00002689   Thumb Code   116  tpm.o(.text.InCap_OutComp_Init)
    Klaw_Init                                0x0000270d   Thumb Code    68  klaw.o(.text.Klaw_Init)
    Klaw_S2_4_Int                            0x00002755   Thumb Code    48  klaw.o(.text.Klaw_S2_4_Int)
    LCD1602_BF_AC                            0x00002789   Thumb Code   200  lcd1602.o(.text.LCD1602_BF_AC)
    LCD1602_Backlight                        0x00002851   Thumb Code    16  lcd1602.o(.text.LCD1602_Backlight)
    LCD1602_CheckAddress                     0x00002861   Thumb Code    40  lcd1602.o(.text.LCD1602_CheckAddress)
    LCD1602_ClearAll                         0x00002889   Thumb Code    12  lcd1602.o(.text.LCD1602_ClearAll)
    LCD1602_Init                             0x00002895   Thumb Code    72  lcd1602.o(.text.LCD1602_Init)
    LCD1602_Print                            0x000028e1   Thumb Code    32  lcd1602.o(.text.LCD1602_Print)
    LCD1602_SetCursor                        0x00002901   Thumb Code    30  lcd1602.o(.text.LCD1602_SetCursor)
    LCD1602_Write4                           0x0000291f   Thumb Code    26  lcd1602.o(.text.LCD1602_Write4)
    LCD1602_Write8                           0x00002939   Thumb Code    40  lcd1602.o(.text.LCD1602_Write8)
    PCF8574_Write                            0x00002961   Thumb Code    36  lcd1602.o(.text.PCF8574_Write)
    PIT_IRQHandler                           0x0000298d   Thumb Code    56  main.o(.text.PIT_IRQHandler)
    PIT_Init                                 0x000029d1   Thumb Code    52  pit.o(.text.PIT_Init)
    PORTA_IRQHandler                         0x00002a15   Thumb Code   252  main.o(.text.PORTA_IRQHandler)
    PWM_Init                                 0x00002b41   Thumb Code   104  tpm.o(.text.PWM_Init)
    SysTick_Handler                          0x00002bd9   Thumb Code    52  main.o(.text.SysTick_Handler)
    SystemInit                               0x00002c21   Thumb Code    60  system_mkl05z4.o(.text.SystemInit)
    TPM1_IRQHandler                          0x00002c6d   Thumb Code   132  main.o(.text.TPM1_IRQHandler)
    TSI0_IRQHandler                          0x00002d09   Thumb Code    20  tsi.o(.text.TSI0_IRQHandler)
    TSI_Init                                 0x00002d1d   Thumb Code    60  tsi.o(.text.TSI_Init)
    TSI_ReadSlider                           0x00002d6d   Thumb Code    84  tsi.o(.text.TSI_ReadSlider)
    calculateDistance                        0x00002e7d   Thumb Code    24  tpm.o(.text.calculateDistance)
    change_electrode                         0x00002e9d   Thumb Code    76  tsi.o(.text.change_electrode)
    i2c_clr_IICIF                            0x00002f01   Thumb Code    12  i2c.o(.text.i2c_clr_IICIF)
    i2c_disable                              0x00002f0d   Thumb Code    12  i2c.o(.text.i2c_disable)
    i2c_enable                               0x00002f19   Thumb Code    12  i2c.o(.text.i2c_enable)
    i2c_m_start                              0x00002f25   Thumb Code    12  i2c.o(.text.i2c_m_start)
    i2c_m_stop                               0x00002f31   Thumb Code    12  i2c.o(.text.i2c_m_stop)
    i2c_nack                                 0x00002f3d   Thumb Code    12  i2c.o(.text.i2c_nack)
    i2c_rec                                  0x00002f49   Thumb Code    12  i2c.o(.text.i2c_rec)
    i2c_recv                                 0x00002f55   Thumb Code     8  i2c.o(.text.i2c_recv)
    i2c_send                                 0x00002f5d   Thumb Code     8  i2c.o(.text.i2c_send)
    i2c_tran                                 0x00002f69   Thumb Code    12  i2c.o(.text.i2c_tran)
    i2c_wait                                 0x00002f79   Thumb Code    80  i2c.o(.text.i2c_wait)
    main                                     0x00002fd5   Thumb Code   788  main.o(.text.main)
    self_calibration                         0x00003405   Thumb Code   152  tsi.o(.text.self_calibration)
    __aeabi_uidiv                            0x000034a9   Thumb Code    68  aeabi_sdivfast.o(.text_divfast)
    __aeabi_idiv                             0x000034ed   Thumb Code   434  aeabi_sdivfast.o(.text_divfast)
    __ARM_common_ll_muluu                    0x0000369f   Thumb Code    48  btod.o(i.__ARM_common_ll_muluu)
    __ARM_fpclassify                         0x000036d1   Thumb Code    40  fpclassify.o(i.__ARM_fpclassify)
    __ieee754_rem_pio2                       0x000036fd   Thumb Code   838  rred.o(i.__ieee754_rem_pio2)
    __kernel_cos                             0x00003a99   Thumb Code   224  cos_i.o(i.__kernel_cos)
    __kernel_poly                            0x00003b8d   Thumb Code   172  poly.o(i.__kernel_poly)
    __kernel_sin                             0x00003c39   Thumb Code   222  sin_i.o(i.__kernel_sin)
    __mathlib_dbl_infnan                     0x00003d25   Thumb Code    10  dunder.o(i.__mathlib_dbl_infnan)
    __mathlib_dbl_invalid                    0x00003d2f   Thumb Code    16  dunder.o(i.__mathlib_dbl_invalid)
    __mathlib_dbl_underflow                  0x00003d41   Thumb Code    14  dunder.o(i.__mathlib_dbl_underflow)
    __aeabi_dcmpge                           0x00003d55   Thumb Code     0  dcmp.o(i._dgeq)
    _dgeq                                    0x00003d55   Thumb Code    22  dcmp.o(i._dgeq)
    __aeabi_dcmple                           0x00003d6b   Thumb Code     0  dcmp.o(i._dleq)
    _dleq                                    0x00003d6b   Thumb Code    26  dcmp.o(i._dleq)
    __aeabi_dcmplt                           0x00003d85   Thumb Code     0  dcmp.o(i._dls)
    _dls                                     0x00003d85   Thumb Code    22  dcmp.o(i._dls)
    __aeabi_fcmpeq                           0x00003d9b   Thumb Code     0  fcmp.o(i._feq)
    _feq                                     0x00003d9b   Thumb Code    22  fcmp.o(i._feq)
    __aeabi_fcmpge                           0x00003db1   Thumb Code     0  fcmp.o(i._fgeq)
    _fgeq                                    0x00003db1   Thumb Code    22  fcmp.o(i._fgeq)
    _is_digit                                0x00003dc7   Thumb Code    14  __printf_wp.o(i._is_digit)
    sin                                      0x00003dd5   Thumb Code   146  sin.o(i.sin)
    _get_lc_numeric                          0x00003e71   Thumb Code    44  lc_numeric_c.o(locale$$code)
    _dcmpge                                  0x00003e9d   Thumb Code    94  dgef.o(x$fpl$dgeqf)
    __aeabi_cdcmple                          0x00003f01   Thumb Code     0  dlef.o(x$fpl$dleqf)
    _dcmple                                  0x00003f01   Thumb Code    94  dlef.o(x$fpl$dleqf)
    __aeabi_fadd                             0x00003f65   Thumb Code     0  faddsub.o(x$fpl$fadd)
    _fadd                                    0x00003f65   Thumb Code   134  faddsub.o(x$fpl$fadd)
    __aeabi_cfcmpeq                          0x00003ff1   Thumb Code     0  feqf.o(x$fpl$feqf)
    _fcmpeq                                  0x00003ff1   Thumb Code    78  feqf.o(x$fpl$feqf)
    _fcmpge                                  0x00004045   Thumb Code    78  fgef.o(x$fpl$fgeqf)
    __aeabi_fmul                             0x00004099   Thumb Code     0  fmul.o(x$fpl$fmul)
    _fmul                                    0x00004099   Thumb Code   172  fmul.o(x$fpl$fmul)
    __aeabi_fsub                             0x00004149   Thumb Code     0  faddsub.o(x$fpl$fsub)
    _fsub                                    0x00004149   Thumb Code   204  faddsub.o(x$fpl$fsub)
    _printf_fp_dec                           0x00004219   Thumb Code    16  printf1.o(x$fpl$printf1)
    _printf_fp_hex                           0x00004229   Thumb Code    16  printf2.o(x$fpl$printf2)
    Region$$Table$$Base                      0x0000450c   Number         0  anon$$obj.o(Region$$Table)
    Region$$Table$$Limit                     0x0000452c   Number         0  anon$$obj.o(Region$$Table)
    SystemCoreClock                          0x1ffffc00   Data           4  system_mkl05z4.o(.data.SystemCoreClock)
    on_off                                   0x1ffffc05   Data           1  main.o(.data.on_off)
    slider                                   0x1ffffc08   Data           4  main.o(.data.slider)
    unit                                     0x1ffffc0c   Data           4  main.o(.data.unit)
    __libspace_start                         0x1ffffc10   Data          96  libspace.o(.bss)
    S1_press                                 0x1ffffc70   Data           1  main.o(.bss.S1_press)
    __temporary_stack_top$libspace           0x1ffffc70   Data           0  libspace.o(.bss)
    S2_press                                 0x1ffffc71   Data           1  main.o(.bss.S2_press)
    S3_press                                 0x1ffffc72   Data           1  main.o(.bss.S3_press)
    S4_press                                 0x1ffffc73   Data           1  main.o(.bss.S4_press)
    Sinus                                    0x1ffffc74   Data        2048  main.o(.bss.Sinus)
    avg                                      0x20000474   Data           4  main.o(.bss.avg)
    d                                        0x20000478   Data           4  main.o(.bss.d)
    dac                                      0x2000047c   Data           2  main.o(.bss.dac)
    df                                       0x2000047e   Data           2  main.o(.bss.df)
    distance                                 0x20000480   Data           4  main.o(.bss.distance)
    dummy                                    0x20000484   Data           1  i2c.o(.bss.dummy)
    faza                                     0x20000488   Data           2  main.o(.bss.faza)
    freq                                     0x2000048c   Data           4  main.o(.bss.freq)
    mod                                      0x20000498   Data           2  main.o(.bss.mod)
    nyquist                                  0x2000049a   Data           2  main.o(.bss.nyquist)
    sum                                      0x200004a0   Data           4  main.o(.bss.sum)
    tick                                     0x200004a4   Data           4  main.o(.bss.tick)
    tick_head                                0x200004a8   Data           4  main.o(.bss.tick_head)
    w                                        0x200004ac   Data           1  main.o(.bss.w)
    wynik                                    0x200004b0   Data           4  main.o(.bss.wynik)
    wynik_ok                                 0x200004b4   Data           1  main.o(.bss.wynik_ok)



==============================================================================

Memory Map of the image

  Image Entry point : 0x000000c1

  Load Region LR_IROM1 (Base: 0x00000000, Size: 0x00004558, Max: 0x00008000, ABSOLUTE)

    Execution Region ER_IROM1 (Exec base: 0x00000000, Load base: 0x00000000, Size: 0x00004548, Max: 0x00008000, ABSOLUTE)

    Exec Addr    Load Addr    Size         Type   Attr      Idx    E Section Name        Object

    0x00000000   0x00000000   0x000000c0   Data   RO          245    RESET               startup_mkl05z4.o
    0x000000c0   0x000000c0   0x00000008   Code   RO          313  * !!!main             c_p.l(__main.o)
    0x000000c8   0x000000c8   0x0000003c   Code   RO          664    !!!scatter          c_p.l(__scatter.o)
    0x00000104   0x00000104   0x0000001a   Code   RO          666    !!handler_copy      c_p.l(__scatter_copy.o)
    0x0000011e   0x0000011e   0x00000002   PAD
    0x00000120   0x00000120   0x0000001c   Code   RO          668    !!handler_zi        c_p.l(__scatter_zi.o)
    0x0000013c   0x0000013c   0x00000002   Code   RO          302    .ARM.Collect$$_printf_percent$$00000000  c_p.l(_printf_percent.o)
    0x0000013e   0x0000013e   0x0000000a   Code   RO          298    .ARM.Collect$$_printf_percent$$00000003  c_p.l(_printf_f.o)
    0x00000148   0x00000148   0x0000000a   Code   RO          299    .ARM.Collect$$_printf_percent$$00000004  c_p.l(_printf_e.o)
    0x00000152   0x00000152   0x0000000a   Code   RO          300    .ARM.Collect$$_printf_percent$$00000005  c_p.l(_printf_g.o)
    0x0000015c   0x0000015c   0x0000000a   Code   RO          301    .ARM.Collect$$_printf_percent$$00000006  c_p.l(_printf_a.o)
    0x00000166   0x00000166   0x00000004   Code   RO          399    .ARM.Collect$$_printf_percent$$00000017  c_p.l(_printf_percent_end.o)
    0x0000016a   0x0000016a   0x00000002   Code   RO          521    .ARM.Collect$$libinit$$00000000  c_p.l(libinit.o)
    0x0000016c   0x0000016c   0x00000000   Code   RO          523    .ARM.Collect$$libinit$$00000002  c_p.l(libinit2.o)
    0x0000016c   0x0000016c   0x00000000   Code   RO          525    .ARM.Collect$$libinit$$00000004  c_p.l(libinit2.o)
    0x0000016c   0x0000016c   0x00000000   Code   RO          528    .ARM.Collect$$libinit$$0000000A  c_p.l(libinit2.o)
    0x0000016c   0x0000016c   0x00000000   Code   RO          530    .ARM.Collect$$libinit$$0000000C  c_p.l(libinit2.o)
    0x0000016c   0x0000016c   0x00000000   Code   RO          532    .ARM.Collect$$libinit$$0000000E  c_p.l(libinit2.o)
    0x0000016c   0x0000016c   0x00000006   Code   RO          533    .ARM.Collect$$libinit$$0000000F  c_p.l(libinit2.o)
    0x00000172   0x00000172   0x00000000   Code   RO          535    .ARM.Collect$$libinit$$00000011  c_p.l(libinit2.o)
    0x00000172   0x00000172   0x00000000   Code   RO          537    .ARM.Collect$$libinit$$00000013  c_p.l(libinit2.o)
    0x00000172   0x00000172   0x00000000   Code   RO          539    .ARM.Collect$$libinit$$00000015  c_p.l(libinit2.o)
    0x00000172   0x00000172   0x0000000a   Code   RO          540    .ARM.Collect$$libinit$$00000016  c_p.l(libinit2.o)
    0x0000017c   0x0000017c   0x00000000   Code   RO          541    .ARM.Collect$$libinit$$00000017  c_p.l(libinit2.o)
    0x0000017c   0x0000017c   0x00000000   Code   RO          543    .ARM.Collect$$libinit$$00000019  c_p.l(libinit2.o)
    0x0000017c   0x0000017c   0x00000000   Code   RO          545    .ARM.Collect$$libinit$$0000001B  c_p.l(libinit2.o)
    0x0000017c   0x0000017c   0x00000000   Code   RO          547    .ARM.Collect$$libinit$$0000001D  c_p.l(libinit2.o)
    0x0000017c   0x0000017c   0x00000000   Code   RO          549    .ARM.Collect$$libinit$$0000001F  c_p.l(libinit2.o)
    0x0000017c   0x0000017c   0x00000000   Code   RO          551    .ARM.Collect$$libinit$$00000021  c_p.l(libinit2.o)
    0x0000017c   0x0000017c   0x00000000   Code   RO          553    .ARM.Collect$$libinit$$00000023  c_p.l(libinit2.o)
    0x0000017c   0x0000017c   0x00000000   Code   RO          555    .ARM.Collect$$libinit$$00000025  c_p.l(libinit2.o)
    0x0000017c   0x0000017c   0x00000000   Code   RO          559    .ARM.Collect$$libinit$$0000002C  c_p.l(libinit2.o)
    0x0000017c   0x0000017c   0x00000000   Code   RO          561    .ARM.Collect$$libinit$$0000002E  c_p.l(libinit2.o)
    0x0000017c   0x0000017c   0x00000000   Code   RO          563    .ARM.Collect$$libinit$$00000030  c_p.l(libinit2.o)
    0x0000017c   0x0000017c   0x00000000   Code   RO          565    .ARM.Collect$$libinit$$00000032  c_p.l(libinit2.o)
    0x0000017c   0x0000017c   0x00000002   Code   RO          566    .ARM.Collect$$libinit$$00000033  c_p.l(libinit2.o)
    0x0000017e   0x0000017e   0x00000002   Code   RO          630    .ARM.Collect$$libshutdown$$00000000  c_p.l(libshutdown.o)
    0x00000180   0x00000180   0x00000000   Code   RO          648    .ARM.Collect$$libshutdown$$00000002  c_p.l(libshutdown2.o)
    0x00000180   0x00000180   0x00000000   Code   RO          650    .ARM.Collect$$libshutdown$$00000004  c_p.l(libshutdown2.o)
    0x00000180   0x00000180   0x00000000   Code   RO          653    .ARM.Collect$$libshutdown$$00000007  c_p.l(libshutdown2.o)
    0x00000180   0x00000180   0x00000000   Code   RO          656    .ARM.Collect$$libshutdown$$0000000A  c_p.l(libshutdown2.o)
    0x00000180   0x00000180   0x00000000   Code   RO          658    .ARM.Collect$$libshutdown$$0000000C  c_p.l(libshutdown2.o)
    0x00000180   0x00000180   0x00000000   Code   RO          661    .ARM.Collect$$libshutdown$$0000000F  c_p.l(libshutdown2.o)
    0x00000180   0x00000180   0x00000002   Code   RO          662    .ARM.Collect$$libshutdown$$00000010  c_p.l(libshutdown2.o)
    0x00000182   0x00000182   0x00000000   Code   RO          381    .ARM.Collect$$rtentry$$00000000  c_p.l(__rtentry.o)
    0x00000182   0x00000182   0x00000000   Code   RO          441    .ARM.Collect$$rtentry$$00000002  c_p.l(__rtentry2.o)
    0x00000182   0x00000182   0x00000006   Code   RO          453    .ARM.Collect$$rtentry$$00000004  c_p.l(__rtentry4.o)
    0x00000188   0x00000188   0x00000000   Code   RO          443    .ARM.Collect$$rtentry$$00000009  c_p.l(__rtentry2.o)
    0x00000188   0x00000188   0x00000004   Code   RO          444    .ARM.Collect$$rtentry$$0000000A  c_p.l(__rtentry2.o)
    0x0000018c   0x0000018c   0x00000000   Code   RO          446    .ARM.Collect$$rtentry$$0000000C  c_p.l(__rtentry2.o)
    0x0000018c   0x0000018c   0x00000008   Code   RO          447    .ARM.Collect$$rtentry$$0000000D  c_p.l(__rtentry2.o)
    0x00000194   0x00000194   0x00000002   Code   RO          574    .ARM.Collect$$rtexit$$00000000  c_p.l(rtexit.o)
    0x00000196   0x00000196   0x00000000   Code   RO          595    .ARM.Collect$$rtexit$$00000002  c_p.l(rtexit2.o)
    0x00000196   0x00000196   0x00000004   Code   RO          596    .ARM.Collect$$rtexit$$00000003  c_p.l(rtexit2.o)
    0x0000019a   0x0000019a   0x00000006   Code   RO          597    .ARM.Collect$$rtexit$$00000004  c_p.l(rtexit2.o)
    0x000001a0   0x000001a0   0x00000034   Code   RO          247    .text               startup_mkl05z4.o
    0x000001d4   0x000001d4   0x00000028   Code   RO          272    .text               c_p.l(noretval__2sprintf.o)
    0x000001fc   0x000001fc   0x0000004e   Code   RO          276    .text               c_p.l(_printf_pad.o)
    0x0000024a   0x0000024a   0x00000002   PAD
    0x0000024c   0x0000024c   0x00000188   Code   RO          295    .text               c_p.l(__printf_flags_ss_wp.o)
    0x000003d4   0x000003d4   0x00000006   Code   RO          311    .text               c_p.l(heapauxi.o)
    0x000003da   0x000003da   0x00000016   Code   RO          386    .text               c_p.l(_rserrno.o)
    0x000003f0   0x000003f0   0x0000000a   Code   RO          397    .text               c_p.l(_sputc.o)
    0x000003fa   0x000003fa   0x00000002   Code   RO          617    .text               c_p.l(use_no_semi.o)
    0x000003fc   0x000003fc   0x00000000   Code   RO          619    .text               c_p.l(indicate_semi.o)
    0x000003fc   0x000003fc   0x00000000   Code   RO          412    x$fpl$usenofp       fz_ps.l(usenofp.o)
    0x000003fc   0x000003fc   0x00000002   Data   RO          219    .rodata.elec_array  tsi.o
    0x000003fe   0x000003fe   0x00000002   PAD
    0x00000400   0x00000400   0x00000010   Code   RO          246    .ARM.__at_0x400     startup_mkl05z4.o
    0x00000410   0x00000410   0x000001f8   Code   RO          303    .text               c_p.l(aeabi_sdivfast.o)
    0x00000608   0x00000608   0x0000007c   Code   RO          315    .text               fz_ps.l(d2f.o)
    0x00000684   0x00000684   0x00000358   Code   RO          317    .text               fz_ps.l(daddsub.o)
    0x000009dc   0x000009dc   0x00000448   Code   RO          331    .text               fz_ps.l(ddiv.o)
    0x00000e24   0x00000e24   0x0000006c   Code   RO          334    .text               fz_ps.l(dfixi.o)
    0x00000e90   0x00000e90   0x00000058   Code   RO          336    .text               fz_ps.l(dflti.o)
    0x00000ee8   0x00000ee8   0x00000248   Code   RO          338    .text               fz_ps.l(dmul.o)
    0x00001130   0x00001130   0x00000054   Code   RO          340    .text               fz_ps.l(f2d.o)
    0x00001184   0x00001184   0x00000160   Code   RO          360    .text               fz_ps.l(fdiv.o)
    0x000012e4   0x000012e4   0x00000030   Code   RO          363    .text               fz_ps.l(ffixui.o)
    0x00001314   0x00001314   0x0000005e   Code   RO          365    .text               fz_ps.l(fflti.o)
    0x00001372   0x00001372   0x00000002   PAD
    0x00001374   0x00001374   0x00000414   Code   RO          388    .text               c_p.l(_printf_fp_dec.o)
    0x00001788   0x00001788   0x000002d8   Code   RO          392    .text               c_p.l(_printf_fp_hex.o)
    0x00001a60   0x00001a60   0x00000030   Code   RO          395    .text               c_p.l(_printf_char_common.o)
    0x00001a90   0x00001a90   0x00000008   Code   RO          460    .text               c_p.l(rt_locale_intlibspace.o)
    0x00001a98   0x00001a98   0x00000008   Code   RO          465    .text               c_p.l(rt_errno_addr_intlibspace.o)
    0x00001aa0   0x00001aa0   0x0000007a   Code   RO          467    .text               c_p.l(lludiv10.o)
    0x00001b1a   0x00001b1a   0x00000002   PAD
    0x00001b1c   0x00001b1c   0x00000088   Code   RO          469    .text               c_p.l(_printf_fp_infnan.o)
    0x00001ba4   0x00001ba4   0x000000d8   Code   RO          473    .text               c_p.l(bigflt0.o)
    0x00001c7c   0x00001c7c   0x00000580   Code   RO          476    .text               c_p.l(btod.o)
    0x000021fc   0x000021fc   0x00000028   Code   RO          486    .text               c_p.l(rtudiv10.o)
    0x00002224   0x00002224   0x000000a0   Code   RO          488    .text               fz_ps.l(dcmpin.o)
    0x000022c4   0x000022c4   0x00000060   Code   RO          490    .text               fz_ps.l(dscalbn.o)
    0x00002324   0x00002324   0x00000064   Code   RO          492    .text               fz_ps.l(fcmpin.o)
    0x00002388   0x00002388   0x00000008   Code   RO          500    .text               c_p.l(libspace.o)
    0x00002390   0x00002390   0x0000003e   Code   RO          503    .text               c_p.l(sys_stackheap_outer.o)
    0x000023ce   0x000023ce   0x00000010   Code   RO          508    .text               c_p.l(exit.o)
    0x000023de   0x000023de   0x00000002   PAD
    0x000023e0   0x000023e0   0x000000b0   Code   RO          514    .text               c_p.l(strcmpv6m.o)
    0x00002490   0x00002490   0x0000002e   Code   RO          567    .text               fz_ps.l(cmpret.o)
    0x000024be   0x000024be   0x00000002   PAD
    0x000024c0   0x000024c0   0x00000014   Code   RO          569    .text               fz_ps.l(dnan2.o)
    0x000024d4   0x000024d4   0x00000010   Code   RO          571    .text               fz_ps.l(fnan2.o)
    0x000024e4   0x000024e4   0x0000005e   Code   RO          588    .text               fz_ps.l(retnan.o)
    0x00002542   0x00002542   0x00000002   PAD
    0x00002544   0x00002544   0x0000000c   Code   RO          590    .text               c_p.l(sys_exit.o)
    0x00002550   0x00002550   0x00000028   Code   RO            2    .text.DAC_Init      dac.o
    0x00002578   0x00002578   0x00000034   Code   RO            4    .text.DAC_Load_Trig  dac.o
    0x000025ac   0x000025ac   0x0000004c   Code   RO           14    .text.I2C_Init      i2c.o
    0x000025f8   0x000025f8   0x00000050   Code   RO           34    .text.I2C_Read      i2c.o
    0x00002648   0x00002648   0x00000040   Code   RO           32    .text.I2C_Write     i2c.o
    0x00002688   0x00002688   0x00000084   Code   RO          185    .text.InCap_OutComp_Init  tpm.o
    0x0000270c   0x0000270c   0x00000048   Code   RO           64    .text.Klaw_Init     klaw.o
    0x00002754   0x00002754   0x00000034   Code   RO           66    .text.Klaw_S2_4_Int  klaw.o
    0x00002788   0x00002788   0x000000c8   Code   RO          109    .text.LCD1602_BF_AC  lcd1602.o
    0x00002850   0x00002850   0x00000010   Code   RO          103    .text.LCD1602_Backlight  lcd1602.o
    0x00002860   0x00002860   0x00000028   Code   RO           83    .text.LCD1602_CheckAddress  lcd1602.o
    0x00002888   0x00002888   0x0000000c   Code   RO           95    .text.LCD1602_ClearAll  lcd1602.o
    0x00002894   0x00002894   0x0000004c   Code   RO           81    .text.LCD1602_Init  lcd1602.o
    0x000028e0   0x000028e0   0x00000020   Code   RO           97    .text.LCD1602_Print  lcd1602.o
    0x00002900   0x00002900   0x0000001e   Code   RO           93    .text.LCD1602_SetCursor  lcd1602.o
    0x0000291e   0x0000291e   0x0000001a   Code   RO          107    .text.LCD1602_Write4  lcd1602.o
    0x00002938   0x00002938   0x00000028   Code   RO           85    .text.LCD1602_Write8  lcd1602.o
    0x00002960   0x00002960   0x0000002c   Code   RO          105    .text.PCF8574_Write  lcd1602.o
    0x0000298c   0x0000298c   0x00000044   Code   RO          140    .text.PIT_IRQHandler  main.o
    0x000029d0   0x000029d0   0x00000044   Code   RO          230    .text.PIT_Init      pit.o
    0x00002a14   0x00002a14   0x0000012c   Code   RO          136    .text.PORTA_IRQHandler  main.o
    0x00002b40   0x00002b40   0x00000078   Code   RO          183    .text.PWM_Init      tpm.o
    0x00002bb8   0x00002bb8   0x00000020   Code   RO          148    .text.SysTick_Config  main.o
    0x00002bd8   0x00002bd8   0x00000048   Code   RO          134    .text.SysTick_Handler  main.o
    0x00002c20   0x00002c20   0x0000004c   Code   RO          256    .text.SystemInit    system_mkl05z4.o
    0x00002c6c   0x00002c6c   0x0000009c   Code   RO          142    .text.TPM1_IRQHandler  main.o
    0x00002d08   0x00002d08   0x00000014   Code   RO          215    .text.TSI0_IRQHandler  tsi.o
    0x00002d1c   0x00002d1c   0x00000050   Code   RO          201    .text.TSI_Init      tsi.o
    0x00002d6c   0x00002d6c   0x00000054   Code   RO          211    .text.TSI_ReadSlider  tsi.o
    0x00002dc0   0x00002dc0   0x0000000c   Code   RO           70    .text.__NVIC_ClearPendingIRQ  klaw.o
    0x00002dcc   0x00002dcc   0x0000000c   Code   RO          138    .text.__NVIC_ClearPendingIRQ  main.o
    0x00002dd8   0x00002dd8   0x0000000c   Code   RO          187    .text.__NVIC_ClearPendingIRQ  tpm.o
    0x00002de4   0x00002de4   0x0000000c   Code   RO          205    .text.__NVIC_ClearPendingIRQ  tsi.o
    0x00002df0   0x00002df0   0x00000010   Code   RO          232    .text.__NVIC_ClearPendingIRQ  pit.o
    0x00002e00   0x00002e00   0x0000000c   Code   RO           72    .text.__NVIC_EnableIRQ  klaw.o
    0x00002e0c   0x00002e0c   0x0000000c   Code   RO          189    .text.__NVIC_EnableIRQ  tpm.o
    0x00002e18   0x00002e18   0x0000000c   Code   RO          207    .text.__NVIC_EnableIRQ  tsi.o
    0x00002e24   0x00002e24   0x00000010   Code   RO          234    .text.__NVIC_EnableIRQ  pit.o
    0x00002e34   0x00002e34   0x00000018   Code   RO           68    .text.__NVIC_SetPriority  klaw.o
    0x00002e4c   0x00002e4c   0x00000018   Code   RO          146    .text.__NVIC_SetPriority  main.o
    0x00002e64   0x00002e64   0x00000018   Code   RO          203    .text.__NVIC_SetPriority  tsi.o
    0x00002e7c   0x00002e7c   0x00000020   Code   RO          191    .text.calculateDistance  tpm.o
    0x00002e9c   0x00002e9c   0x00000064   Code   RO          213    .text.change_electrode  tsi.o
    0x00002f00   0x00002f00   0x0000000c   Code   RO           46    .text.i2c_clr_IICIF  i2c.o
    0x00002f0c   0x00002f0c   0x0000000c   Code   RO           30    .text.i2c_disable   i2c.o
    0x00002f18   0x00002f18   0x0000000c   Code   RO           18    .text.i2c_enable    i2c.o
    0x00002f24   0x00002f24   0x0000000c   Code   RO           22    .text.i2c_m_start   i2c.o
    0x00002f30   0x00002f30   0x0000000c   Code   RO           28    .text.i2c_m_stop    i2c.o
    0x00002f3c   0x00002f3c   0x0000000c   Code   RO           38    .text.i2c_nack      i2c.o
    0x00002f48   0x00002f48   0x0000000c   Code   RO           36    .text.i2c_rec       i2c.o
    0x00002f54   0x00002f54   0x00000008   Code   RO           40    .text.i2c_recv      i2c.o
    0x00002f5c   0x00002f5c   0x0000000c   Code   RO           24    .text.i2c_send      i2c.o
    0x00002f68   0x00002f68   0x00000010   Code   RO           20    .text.i2c_tran      i2c.o
    0x00002f78   0x00002f78   0x0000005c   Code   RO           26    .text.i2c_wait      i2c.o
    0x00002fd4   0x00002fd4   0x00000430   Code   RO          144    .text.main          main.o
    0x00003404   0x00003404   0x000000a4   Code   RO          209    .text.self_calibration  tsi.o
    0x000034a8   0x000034a8   0x000001f6   Code   RO          304    .text_divfast       c_p.l(aeabi_sdivfast.o)
    0x0000369e   0x0000369e   0x00000030   Code   RO          479    i.__ARM_common_ll_muluu  c_p.l(btod.o)
    0x000036ce   0x000036ce   0x00000002   PAD
    0x000036d0   0x000036d0   0x0000002c   Code   RO          496    i.__ARM_fpclassify  m_ps.l(fpclassify.o)
    0x000036fc   0x000036fc   0x0000039c   Code   RO          430    i.__ieee754_rem_pio2  m_ps.l(rred.o)
    0x00003a98   0x00003a98   0x000000f4   Code   RO          413    i.__kernel_cos      m_ps.l(cos_i.o)
    0x00003b8c   0x00003b8c   0x000000ac   Code   RO          498    i.__kernel_poly     m_ps.l(poly.o)
    0x00003c38   0x00003c38   0x000000ec   Code   RO          437    i.__kernel_sin      m_ps.l(sin_i.o)
    0x00003d24   0x00003d24   0x0000000a   Code   RO          417    i.__mathlib_dbl_infnan  m_ps.l(dunder.o)
    0x00003d2e   0x00003d2e   0x00000010   Code   RO          419    i.__mathlib_dbl_invalid  m_ps.l(dunder.o)
    0x00003d3e   0x00003d3e   0x00000002   PAD
    0x00003d40   0x00003d40   0x00000014   Code   RO          422    i.__mathlib_dbl_underflow  m_ps.l(dunder.o)
    0x00003d54   0x00003d54   0x00000016   Code   RO          320    i._dgeq             fz_ps.l(dcmp.o)
    0x00003d6a   0x00003d6a   0x0000001a   Code   RO          322    i._dleq             fz_ps.l(dcmp.o)
    0x00003d84   0x00003d84   0x00000016   Code   RO          323    i._dls              fz_ps.l(dcmp.o)
    0x00003d9a   0x00003d9a   0x00000016   Code   RO          348    i._feq              fz_ps.l(fcmp.o)
    0x00003db0   0x00003db0   0x00000016   Code   RO          349    i._fgeq             fz_ps.l(fcmp.o)
    0x00003dc6   0x00003dc6   0x0000000e   Code   RO          288    i._is_digit         c_p.l(__printf_wp.o)
    0x00003dd4   0x00003dd4   0x0000009c   Code   RO          378    i.sin               m_ps.l(sin.o)
    0x00003e70   0x00003e70   0x0000002c   Code   RO          484    locale$$code        c_p.l(lc_numeric_c.o)
    0x00003e9c   0x00003e9c   0x00000064   Code   RO          402    x$fpl$dgeqf         fz_ps.l(dgef.o)
    0x00003f00   0x00003f00   0x00000064   Code   RO          404    x$fpl$dleqf         fz_ps.l(dlef.o)
    0x00003f64   0x00003f64   0x0000008c   Code   RO          342    x$fpl$fadd          fz_ps.l(faddsub.o)
    0x00003ff0   0x00003ff0   0x00000054   Code   RO          406    x$fpl$feqf          fz_ps.l(feqf.o)
    0x00004044   0x00004044   0x00000054   Code   RO          408    x$fpl$fgeqf         fz_ps.l(fgef.o)
    0x00004098   0x00004098   0x000000b0   Code   RO          367    x$fpl$fmul          fz_ps.l(fmul.o)
    0x00004148   0x00004148   0x000000d0   Code   RO          344    x$fpl$fsub          fz_ps.l(faddsub.o)
    0x00004218   0x00004218   0x00000010   Code   RO          369    x$fpl$printf1       fz_ps.l(printf1.o)
    0x00004228   0x00004228   0x00000010   Code   RO          371    x$fpl$printf2       fz_ps.l(printf2.o)
    0x00004238   0x00004238   0x00000011   Data   RO          296    .constdata          c_p.l(__printf_flags_ss_wp.o)
    0x00004249   0x00004249   0x00000080   Data   RO          332    .constdata          fz_ps.l(ddiv.o)
    0x000042c9   0x000042c9   0x00000040   Data   RO          361    .constdata          fz_ps.l(fdiv.o)
    0x00004309   0x00004309   0x00000026   Data   RO          393    .constdata          c_p.l(_printf_fp_hex.o)
    0x0000432f   0x0000432f   0x00000001   PAD
    0x00004330   0x00004330   0x00000030   Data   RO          414    .constdata          m_ps.l(cos_i.o)
    0x00004360   0x00004360   0x000000cc   Data   RO          432    .constdata          m_ps.l(rred.o)
    0x0000442c   0x0000442c   0x00000004   PAD
    0x00004430   0x00004430   0x00000028   Data   RO          438    .constdata          m_ps.l(sin_i.o)
    0x00004458   0x00004458   0x00000094   Data   RO          474    .constdata          c_p.l(bigflt0.o)
    0x000044ec   0x000044ec   0x00000020   Data   RO          170    .rodata.cst32       main.o
    0x0000450c   0x0000450c   0x00000020   Data   RO          663    Region$$Table       anon$$obj.o
    0x0000452c   0x0000452c   0x0000001c   Data   RO          483    locale$$data        c_p.l(lc_numeric_c.o)


    Execution Region RW_IRAM1 (Exec base: 0x1ffffc00, Load base: 0x00004548, Size: 0x00000bb8, Max: 0x00001000, ABSOLUTE)

    Exec Addr    Load Addr    Size         Type   Attr      Idx    E Section Name        Object

    0x1ffffc00   0x00004548   0x00000004   Data   RW          260    .data.SystemCoreClock  system_mkl05z4.o
    0x1ffffc04   0x0000454c   0x00000001   Data   RW          124    .data.lcd_backlight  lcd1602.o
    0x1ffffc05   0x0000454d   0x00000001   Data   RW          160    .data.on_off        main.o
    0x1ffffc06   0x0000454e   0x00000002   PAD
    0x1ffffc08   0x00004550   0x00000004   Data   RW          159    .data.slider        main.o
    0x1ffffc0c   0x00004554   0x00000004   Data   RW          158    .data.unit          main.o
    0x1ffffc10        -       0x00000060   Zero   RW          501    .bss                c_p.l(libspace.o)
    0x1ffffc70        -       0x00000001   Zero   RW          150    .bss.S1_press       main.o
    0x1ffffc71        -       0x00000001   Zero   RW          151    .bss.S2_press       main.o
    0x1ffffc72        -       0x00000001   Zero   RW          152    .bss.S3_press       main.o
    0x1ffffc73        -       0x00000001   Zero   RW          153    .bss.S4_press       main.o
    0x1ffffc74        -       0x00000800   Zero   RW          161    .bss.Sinus          main.o
    0x20000474        -       0x00000004   Zero   RW          156    .bss.avg            main.o
    0x20000478        -       0x00000004   Zero   RW          157    .bss.d              main.o
    0x2000047c        -       0x00000002   Zero   RW          163    .bss.dac            main.o
    0x2000047e        -       0x00000002   Zero   RW          167    .bss.df             main.o
    0x20000480        -       0x00000004   Zero   RW          165    .bss.distance       main.o
    0x20000484        -       0x00000001   Zero   RW           55    .bss.dummy          i2c.o
    0x20000485        -       0x00000001   Zero   RW          217    .bss.end_flag       tsi.o
    0x20000486        -       0x00000001   Zero   RW           54    .bss.error          i2c.o
    0x20000487   0x00004558   0x00000001   PAD
    0x20000488        -       0x00000002   Zero   RW          162    .bss.faza           main.o
    0x2000048a   0x00004558   0x00000002   PAD
    0x2000048c        -       0x00000004   Zero   RW          169    .bss.freq           main.o
    0x20000490        -       0x00000004   Zero   RW          220    .bss.gu16Baseline   tsi.o
    0x20000494        -       0x00000004   Zero   RW          218    .bss.gu16Delta      tsi.o
    0x20000498        -       0x00000002   Zero   RW          164    .bss.mod            main.o
    0x2000049a        -       0x00000002   Zero   RW          168    .bss.nyquist        main.o
    0x2000049c        -       0x00000001   Zero   RW          221    .bss.ongoing_elec   tsi.o
    0x2000049d        -       0x00000001   Zero   RW          125    .bss.pcf_address    lcd1602.o
    0x2000049e   0x00004558   0x00000002   PAD
    0x200004a0        -       0x00000004   Zero   RW          155    .bss.sum            main.o
    0x200004a4        -       0x00000004   Zero   RW          172    .bss.tick           main.o
    0x200004a8        -       0x00000004   Zero   RW          171    .bss.tick_head      main.o
    0x200004ac        -       0x00000001   Zero   RW          173    .bss.w              main.o
    0x200004ad   0x00004558   0x00000003   PAD
    0x200004b0        -       0x00000004   Zero   RW          166    .bss.wynik          main.o
    0x200004b4        -       0x00000001   Zero   RW          154    .bss.wynik_ok       main.o
    0x200004b5   0x00004558   0x00000003   PAD
    0x200004b8        -       0x00000000   Zero   RW          244    HEAP                startup_mkl05z4.o
    0x200004b8        -       0x00000300   Zero   RW          243    STACK               startup_mkl05z4.o


==============================================================================

Image component sizes


      Code (inc. data)   RO Data    RW Data    ZI Data      Debug   Object Name

        92          8          0          0          0       2024   dac.o
       432         40          0          0          2       5175   i2c.o
       172         12          0          0          0       3467   klaw.o
       516         12          0          1          1       5307   lcd1602.o
      1736        396         32          9       2096       6150   main.o
       100         24          0          0          0       3202   pit.o
        68         38        192          0        768        844   startup_mkl05z4.o
        76         16          0          4          0       2343   system_mkl05z4.o
       308         40          0          0          0       3952   tpm.o
       496         60          2          0         10       4777   tsi.o

    ----------------------------------------------------------------------
      3996        646        260         16       2888      37241   Object Totals
         0          0         32          0          0          0   (incl. Generated)
         0          0          2          2         11          0   (incl. Padding)

    ----------------------------------------------------------------------

      Code (inc. data)   RO Data    RW Data    ZI Data      Debug   Library Member Name

         8          0          0          0          0         68   __main.o
       392          6         17          0          0         76   __printf_flags_ss_wp.o
        14          0          0          0          0         60   __printf_wp.o
         0          0          0          0          0          0   __rtentry.o
        12          0          0          0          0          0   __rtentry2.o
         6          0          0          0          0          0   __rtentry4.o
        60          8          0          0          0          0   __scatter.o
        26          0          0          0          0          0   __scatter_copy.o
        28          0          0          0          0          0   __scatter_zi.o
        10          0          0          0          0          0   _printf_a.o
        48          6          0          0          0         88   _printf_char_common.o
        10          0          0          0          0          0   _printf_e.o
        10          0          0          0          0          0   _printf_f.o
      1044         12          0          0          0        116   _printf_fp_dec.o
       728         10         38          0          0         84   _printf_fp_hex.o
       136         16          0          0          0         76   _printf_fp_infnan.o
        10          0          0          0          0          0   _printf_g.o
        78          0          0          0          0        100   _printf_pad.o
         2          0          0          0          0          0   _printf_percent.o
         4          0          0          0          0          0   _printf_percent_end.o
        22          0          0          0          0         92   _rserrno.o
        10          0          0          0          0         60   _sputc.o
      1006          4          0          0          0        184   aeabi_sdivfast.o
       216          6        148          0          0         80   bigflt0.o
      1456         30          0          0          0        336   btod.o
        16          0          0          0          0         68   exit.o
         6          0          0          0          0        136   heapauxi.o
         0          0          0          0          0          0   indicate_semi.o
        44         10         28          0          0         76   lc_numeric_c.o
         2          0          0          0          0          0   libinit.o
        18          0          0          0          0          0   libinit2.o
         2          0          0          0          0          0   libshutdown.o
         2          0          0          0          0          0   libshutdown2.o
         8          4          0          0         96         68   libspace.o
       122          0          0          0          0         72   lludiv10.o
        40          4          0          0          0         84   noretval__2sprintf.o
         8          4          0          0          0         68   rt_errno_addr_intlibspace.o
         8          4          0          0          0         68   rt_locale_intlibspace.o
         2          0          0          0          0          0   rtexit.o
        10          0          0          0          0          0   rtexit2.o
        40          0          0          0          0         60   rtudiv10.o
       176          4          0          0          0         80   strcmpv6m.o
        12          4          0          0          0         60   sys_exit.o
        62          0          0          0          0         80   sys_stackheap_outer.o
         2          0          0          0          0         68   use_no_semi.o
        46          0          0          0          0         60   cmpret.o
       124          4          0          0          0         72   d2f.o
       856         20          0          0          0        208   daddsub.o
        70          0          0          0          0        204   dcmp.o
       160          6          0          0          0         76   dcmpin.o
      1096         26        128          0          0        112   ddiv.o
       108         10          0          0          0         72   dfixi.o
        88          0          0          0          0         92   dflti.o
       100          4          0          0          0         92   dgef.o
       100          4          0          0          0         92   dlef.o
       584         26          0          0          0         84   dmul.o
        20          6          0          0          0         68   dnan2.o
        96         12          0          0          0         72   dscalbn.o
        84          4          0          0          0         60   f2d.o
       348          8          0          0          0        160   faddsub.o
        44          0          0          0          0        136   fcmp.o
       100          4          0          0          0         68   fcmpin.o
       352         10         64          0          0         92   fdiv.o
        84          4          0          0          0         76   feqf.o
        48          0          0          0          0         60   ffixui.o
        94          0          0          0          0         92   fflti.o
        84          4          0          0          0         76   fgef.o
       176          4          0          0          0         80   fmul.o
        16          6          0          0          0         68   fnan2.o
        16          4          0          0          0         76   printf1.o
        16          4          0          0          0         76   printf2.o
        94          0          0          0          0         68   retnan.o
         0          0          0          0          0          0   usenofp.o
       244         20         48          0          0         92   cos_i.o
        46          6          0          0          0        204   dunder.o
        44          4          0          0          0         60   fpclassify.o
       172          0          0          0          0         76   poly.o
       924         86        204          0          0        120   rred.o
       156         10          0          0          0        104   sin.o
       236         14         40          0          0        100   sin_i.o

    ----------------------------------------------------------------------
     12760        442        720          0         96       5656   Library Totals
        18          0          5          0          0          0   (incl. Padding)

    ----------------------------------------------------------------------

      Code (inc. data)   RO Data    RW Data    ZI Data      Debug   Library Name

      5916        132        231          0         96       2408   c_p.l
      5004        170        192          0          0       2492   fz_ps.l
      1822        140        292          0          0        756   m_ps.l

    ----------------------------------------------------------------------
     12760        442        720          0         96       5656   Library Totals

    ----------------------------------------------------------------------

==============================================================================


      Code (inc. data)   RO Data    RW Data    ZI Data      Debug   

     16756       1088        980         16       2984      39841   Grand Totals
     16756       1088        980         16       2984      39841   ELF Image Totals
     16756       1088        980         16          0          0   ROM Totals

==============================================================================

    Total RO  Size (Code + RO Data)                17736 (  17.32kB)
    Total RW  Size (RW Data + ZI Data)              3000 (   2.93kB)
    Total ROM Size (Code + RO Data + RW Data)      17752 (  17.34kB)

==============================================================================

