Component: ARM Compiler 6.16 Tool: armlink [5dfeaa00]

==============================================================================

Section Cross References

    dac.o(.ARM.exidx.text.DAC_Init) refers to dac.o(.text.DAC_Init) for [Anonymous Symbol]
    dac.o(.ARM.exidx.text.DAC_Load_Trig) refers to dac.o(.text.DAC_Load_Trig) for [Anonymous Symbol]
    i2c.o(.ARM.exidx.text.I2C_Init) refers to i2c.o(.text.I2C_Init) for [Anonymous Symbol]
    i2c.o(.text.I2C_Ping) refers to i2c.o(.text.i2c_enable) for i2c_enable
    i2c.o(.text.I2C_Ping) refers to i2c.o(.text.i2c_tran) for i2c_tran
    i2c.o(.text.I2C_Ping) refers to i2c.o(.text.i2c_m_start) for i2c_m_start
    i2c.o(.text.I2C_Ping) refers to i2c.o(.text.i2c_send) for i2c_send
    i2c.o(.text.I2C_Ping) refers to i2c.o(.text.i2c_wait) for i2c_wait
    i2c.o(.text.I2C_Ping) refers to i2c.o(.text.i2c_m_stop) for i2c_m_stop
    i2c.o(.text.I2C_Ping) refers to i2c.o(.text.i2c_disable) for i2c_disable
    i2c.o(.text.I2C_Ping) refers to i2c.o(.bss.error) for [Anonymous Symbol]
    i2c.o(.ARM.exidx.text.I2C_Ping) refers to i2c.o(.text.I2C_Ping) for [Anonymous Symbol]
    i2c.o(.ARM.exidx.text.i2c_enable) refers to i2c.o(.text.i2c_enable) for [Anonymous Symbol]
    i2c.o(.ARM.exidx.text.i2c_tran) refers to i2c.o(.text.i2c_tran) for [Anonymous Symbol]
    i2c.o(.ARM.exidx.text.i2c_m_start) refers to i2c.o(.text.i2c_m_start) for [Anonymous Symbol]
    i2c.o(.ARM.exidx.text.i2c_send) refers to i2c.o(.text.i2c_send) for [Anonymous Symbol]
    i2c.o(.text.i2c_wait) refers to i2c.o(.text.i2c_clr_IICIF) for i2c_clr_IICIF
    i2c.o(.text.i2c_wait) refers to i2c.o(.bss.error) for [Anonymous Symbol]
    i2c.o(.ARM.exidx.text.i2c_wait) refers to i2c.o(.text.i2c_wait) for [Anonymous Symbol]
    i2c.o(.ARM.exidx.text.i2c_m_stop) refers to i2c.o(.text.i2c_m_stop) for [Anonymous Symbol]
    i2c.o(.ARM.exidx.text.i2c_disable) refers to i2c.o(.text.i2c_disable) for [Anonymous Symbol]
    i2c.o(.text.I2C_Write) refers to i2c.o(.text.i2c_enable) for i2c_enable
    i2c.o(.text.I2C_Write) refers to i2c.o(.text.i2c_tran) for i2c_tran
    i2c.o(.text.I2C_Write) refers to i2c.o(.text.i2c_m_start) for i2c_m_start
    i2c.o(.text.I2C_Write) refers to i2c.o(.text.i2c_send) for i2c_send
    i2c.o(.text.I2C_Write) refers to i2c.o(.text.i2c_wait) for i2c_wait
    i2c.o(.text.I2C_Write) refers to i2c.o(.text.i2c_m_stop) for i2c_m_stop
    i2c.o(.text.I2C_Write) refers to i2c.o(.text.i2c_disable) for i2c_disable
    i2c.o(.text.I2C_Write) refers to i2c.o(.bss.error) for [Anonymous Symbol]
    i2c.o(.ARM.exidx.text.I2C_Write) refers to i2c.o(.text.I2C_Write) for [Anonymous Symbol]
    i2c.o(.text.I2C_Read) refers to i2c.o(.text.i2c_enable) for i2c_enable
    i2c.o(.text.I2C_Read) refers to i2c.o(.text.i2c_tran) for i2c_tran
    i2c.o(.text.I2C_Read) refers to i2c.o(.text.i2c_m_start) for i2c_m_start
    i2c.o(.text.I2C_Read) refers to i2c.o(.text.i2c_send) for i2c_send
    i2c.o(.text.I2C_Read) refers to i2c.o(.text.i2c_wait) for i2c_wait
    i2c.o(.text.I2C_Read) refers to i2c.o(.text.i2c_rec) for i2c_rec
    i2c.o(.text.I2C_Read) refers to i2c.o(.text.i2c_nack) for i2c_nack
    i2c.o(.text.I2C_Read) refers to i2c.o(.text.i2c_recv) for i2c_recv
    i2c.o(.text.I2C_Read) refers to i2c.o(.text.i2c_m_stop) for i2c_m_stop
    i2c.o(.text.I2C_Read) refers to i2c.o(.text.i2c_disable) for i2c_disable
    i2c.o(.text.I2C_Read) refers to i2c.o(.bss.error) for [Anonymous Symbol]
    i2c.o(.text.I2C_Read) refers to i2c.o(.bss.dummy) for dummy
    i2c.o(.ARM.exidx.text.I2C_Read) refers to i2c.o(.text.I2C_Read) for [Anonymous Symbol]
    i2c.o(.ARM.exidx.text.i2c_rec) refers to i2c.o(.text.i2c_rec) for [Anonymous Symbol]
    i2c.o(.ARM.exidx.text.i2c_nack) refers to i2c.o(.text.i2c_nack) for [Anonymous Symbol]
    i2c.o(.ARM.exidx.text.i2c_recv) refers to i2c.o(.text.i2c_recv) for [Anonymous Symbol]
    i2c.o(.text.I2C_WriteReg) refers to i2c.o(.text.i2c_enable) for i2c_enable
    i2c.o(.text.I2C_WriteReg) refers to i2c.o(.text.i2c_tran) for i2c_tran
    i2c.o(.text.I2C_WriteReg) refers to i2c.o(.text.i2c_m_start) for i2c_m_start
    i2c.o(.text.I2C_WriteReg) refers to i2c.o(.text.i2c_send) for i2c_send
    i2c.o(.text.I2C_WriteReg) refers to i2c.o(.text.i2c_wait) for i2c_wait
    i2c.o(.text.I2C_WriteReg) refers to i2c.o(.text.i2c_m_stop) for i2c_m_stop
    i2c.o(.text.I2C_WriteReg) refers to i2c.o(.text.i2c_disable) for i2c_disable
    i2c.o(.text.I2C_WriteReg) refers to i2c.o(.bss.error) for [Anonymous Symbol]
    i2c.o(.ARM.exidx.text.I2C_WriteReg) refers to i2c.o(.text.I2C_WriteReg) for [Anonymous Symbol]
    i2c.o(.text.I2C_ReadReg) refers to i2c.o(.text.i2c_enable) for i2c_enable
    i2c.o(.text.I2C_ReadReg) refers to i2c.o(.text.i2c_clr_IICIF) for i2c_clr_IICIF
    i2c.o(.text.I2C_ReadReg) refers to i2c.o(.text.i2c_tran) for i2c_tran
    i2c.o(.text.I2C_ReadReg) refers to i2c.o(.text.i2c_m_start) for i2c_m_start
    i2c.o(.text.I2C_ReadReg) refers to i2c.o(.text.i2c_send) for i2c_send
[...]
    .text                                    0x00002520   Section        0  fnan2.o(.text)
    .text                                    0x00002530   Section        0  retnan.o(.text)
    .text                                    0x00002590   Section        0  sys_exit.o(.text)
    [Anonymous Symbol]                       0x0000259c   Section        0  dac.o(.text.DAC_Init)
    [Anonymous Symbol]                       0x000025c4   Section        0  dac.o(.text.DAC_Load_Trig)
    __arm_cp.1_0                             0x000025f0   Number         4  dac.o(.text.DAC_Load_Trig)
    __arm_cp.1_1                             0x000025f4   Number         4  dac.o(.text.DAC_Load_Trig)
    [Anonymous Symbol]                       0x000025f8   Section        0  i2c.o(.text.I2C_Init)
    __arm_cp.0_0                             0x00002638   Number         4  i2c.o(.text.I2C_Init)
    __arm_cp.0_1                             0x0000263c   Number         4  i2c.o(.text.I2C_Init)
    __arm_cp.0_2                             0x00002640   Number         4  i2c.o(.text.I2C_Init)
    [Anonymous Symbol]                       0x00002644   Section        0  i2c.o(.text.I2C_Read)
    __arm_cp.10_1                            0x00002690   Number         4  i2c.o(.text.I2C_Read)
    [Anonymous Symbol]                       0x00002694   Section        0  i2c.o(.text.I2C_Write)
    __arm_cp.9_0                             0x000026d0   Number         4  i2c.o(.text.I2C_Write)
    [Anonymous Symbol]                       0x000026d4   Section        0  tpm.o(.text.InCap_OutComp_Init)
    __arm_cp.1_0                             0x00002748   Number         4  tpm.o(.text.InCap_OutComp_Init)
    __arm_cp.1_1                             0x0000274c   Number         4  tpm.o(.text.InCap_OutComp_Init)
    __arm_cp.1_2                             0x00002750   Number         4  tpm.o(.text.InCap_OutComp_Init)
    __arm_cp.1_3                             0x00002754   Number         4  tpm.o(.text.InCap_OutComp_Init)
    [Anonymous Symbol]                       0x00002758   Section        0  klaw.o(.text.Klaw_Init)
    __arm_cp.0_0                             0x0000279c   Number         4  klaw.o(.text.Klaw_Init)
    [Anonymous Symbol]                       0x000027a0   Section        0  klaw.o(.text.Klaw_S2_4_Int)
    __arm_cp.1_0                             0x000027d0   Number         4  klaw.o(.text.Klaw_S2_4_Int)
    [Anonymous Symbol]                       0x000027d4   Section        0  lcd1602.o(.text.LCD1602_BF_AC)
    [Anonymous Symbol]                       0x0000289c   Section        0  lcd1602.o(.text.LCD1602_Backlight)
    [Anonymous Symbol]                       0x000028ac   Section        0  lcd1602.o(.text.LCD1602_CheckAddress)
    [Anonymous Symbol]                       0x000028d4   Section        0  lcd1602.o(.text.LCD1602_ClearAll)
    [Anonymous Symbol]                       0x000028e0   Section        0  lcd1602.o(.text.LCD1602_Init)
    __arm_cp.0_0                             0x00002928   Number         4  lcd1602.o(.text.LCD1602_Init)
    [Anonymous Symbol]                       0x0000292c   Section        0  lcd1602.o(.text.LCD1602_Print)
    [Anonymous Symbol]                       0x0000294c   Section        0  lcd1602.o(.text.LCD1602_SetCursor)
    [Anonymous Symbol]                       0x0000296a   Section        0  lcd1602.o(.text.LCD1602_Write4)
    [Anonymous Symbol]                       0x00002984   Section        0  lcd1602.o(.text.LCD1602_Write8)
    [Anonymous Symbol]                       0x000029ac   Section        0  lcd1602.o(.text.PCF8574_Write)
    __arm_cp.12_0                            0x000029d0   Number         4  lcd1602.o(.text.PCF8574_Write)
    __arm_cp.12_1                            0x000029d4   Number         4  lcd1602.o(.text.PCF8574_Write)
    [Anonymous Symbol]                       0x000029d8   Section        0  main.o(.text.PIT_IRQHandler)
    __arm_cp.3_0                             0x00002a10   Number         4  main.o(.text.PIT_IRQHandler)
    __arm_cp.3_1                             0x00002a14   Number         4  main.o(.text.PIT_IRQHandler)
    __arm_cp.3_4                             0x00002a18   Number         4  main.o(.text.PIT_IRQHandler)
    [Anonymous Symbol]                       0x00002a1c   Section        0  pit.o(.text.PIT_Init)
    __arm_cp.0_0                             0x00002a50   Number         4  pit.o(.text.PIT_Init)
    __arm_cp.0_1                             0x00002a54   Number         4  pit.o(.text.PIT_Init)
    __arm_cp.0_2                             0x00002a58   Number         4  pit.o(.text.PIT_Init)
    __arm_cp.0_3                             0x00002a5c   Number         4  pit.o(.text.PIT_Init)
    [Anonymous Symbol]                       0x00002a60   Section        0  main.o(.text.PORTA_IRQHandler)
    __arm_cp.1_0                             0x00002b5c   Number         4  main.o(.text.PORTA_IRQHandler)
    __arm_cp.1_1                             0x00002b60   Number         4  main.o(.text.PORTA_IRQHandler)
    __arm_cp.1_2                             0x00002b64   Number         4  main.o(.text.PORTA_IRQHandler)
    __arm_cp.1_3                             0x00002b68   Number         4  main.o(.text.PORTA_IRQHandler)
    __arm_cp.1_4                             0x00002b6c   Number         4  main.o(.text.PORTA_IRQHandler)
    __arm_cp.1_5                             0x00002b70   Number         4  main.o(.text.PORTA_IRQHandler)
    __arm_cp.1_6                             0x00002b74   Number         4  main.o(.text.PORTA_IRQHandler)
    __arm_cp.1_7                             0x00002b78   Number         4  main.o(.text.PORTA_IRQHandler)
    __arm_cp.1_8                             0x00002b7c   Number         4  main.o(.text.PORTA_IRQHandler)
    __arm_cp.1_9                             0x00002b80   Number         4  main.o(.text.PORTA_IRQHandler)
    __arm_cp.1_10                            0x00002b84   Number         4  main.o(.text.PORTA_IRQHandler)
    __arm_cp.1_11                            0x00002b88   Number         4  main.o(.text.PORTA_IRQHandler)
    [Anonymous Symbol]                       0x00002b8c   Section        0  tpm.o(.text.PWM_Init)
    __arm_cp.0_0                             0x00002bf4   Number         4  tpm.o(.text.PWM_Init)
    __arm_cp.0_1                             0x00002bf8   Number         4  tpm.o(.text.PWM_Init)
    __arm_cp.0_2                             0x00002bfc   Number         4  tpm.o(.text.PWM_Init)
    __arm_cp.0_3                             0x00002c00   Number         4  tpm.o(.text.PWM_Init)
    __arm_cp.0_4                             0x00002c04   Number         4  tpm.o(.text.PWM_Init)
    SysTick_Config                           0x00002c09   Thumb Code    28  main.o(.text.SysTick_Config)
    [Anonymous Symbol]                       0x00002c08   Section        0  main.o(.text.SysTick_Config)
    __arm_cp.7_0                             0x00002c24   Number         4  main.o(.text.SysTick_Config)
    [Anonymous Symbol]                       0x00002c28   Section        0  main.o(.text.SysTick_Handler)
    __arm_cp.0_0                             0x00002c74   Number         4  main.o(.text.SysTick_Handler)
    __arm_cp.0_1                             0x00002c78   Number         4  main.o(.text.SysTick_Handler)
    __arm_cp.0_2                             0x00002c7c   Number         4  main.o(.text.SysTick_Handler)
    __arm_cp.0_3                             0x00002c80   Number         4  main.o(.text.SysTick_Handler)
    __arm_cp.0_4                             0x00002c84   Number         4  main.o(.text.SysTick_Handler)
    __arm_cp.0_5                             0x00002c88   Number         4  main.o(.text.SysTick_Handler)
    [Anonymous Symbol]                       0x00002c8c   Section        0  system_mkl05z4.o(.text.SystemInit)
    __arm_cp.0_0                             0x00002cc8   Number         4  system_mkl05z4.o(.text.SystemInit)
    __arm_cp.0_1                             0x00002ccc   Number         4  system_mkl05z4.o(.text.SystemInit)
    __arm_cp.0_2                             0x00002cd0   Number         4  system_mkl05z4.o(.text.SystemInit)
    __arm_cp.0_3                             0x00002cd4   Number         4  system_mkl05z4.o(.text.SystemInit)
    [Anonymous Symbol]                       0x00002cd8   Section        0  main.o(.text.TPM1_IRQHandler)
    __arm_cp.4_0                             0x00002d5c   Number         4  main.o(.text.TPM1_IRQHandler)
    __arm_cp.4_1                             0x00002d60   Number         4  main.o(.text.TPM1_IRQHandler)
    __arm_cp.4_2                             0x00002d64   Number         4  main.o(.text.TPM1_IRQHandler)
    __arm_cp.4_3                             0x00002d68   Number         4  main.o(.text.TPM1_IRQHandler)
    __arm_cp.4_4                             0x00002d6c   Number         4  main.o(.text.TPM1_IRQHandler)
    __arm_cp.4_5                             0x00002d70   Number         4  main.o(.text.TPM1_IRQHandler)
    [Anonymous Symbol]                       0x00002d74   Section        0  tsi.o(.text.TSI0_IRQHandler)
    [Anonymous Symbol]                       0x00002d88   Section        0  tsi.o(.text.TSI_Init)
    __arm_cp.0_0                             0x00002dc4   Number         4  tsi.o(.text.TSI_Init)
    __arm_cp.0_1                             0x00002dc8   Number         4  tsi.o(.text.TSI_Init)
    __arm_cp.0_2                             0x00002dcc   Number         4  tsi.o(.text.TSI_Init)
    __arm_cp.0_3                             0x00002dd0   Number         4  tsi.o(.text.TSI_Init)
    __arm_cp.0_4                             0x00002dd4   Number         4  tsi.o(.text.TSI_Init)
    [Anonymous Symbol]                       0x00002dd8   Section        0  tsi.o(.text.TSI_ReadSlider)
    __NVIC_ClearPendingIRQ                   0x00002e2d   Thumb Code    12  klaw.o(.text.__NVIC_ClearPendingIRQ)
    [Anonymous Symbol]                       0x00002e2c   Section        0  klaw.o(.text.__NVIC_ClearPendingIRQ)
    __NVIC_ClearPendingIRQ                   0x00002e39   Thumb Code    12  main.o(.text.__NVIC_ClearPendingIRQ)
    [Anonymous Symbol]                       0x00002e38   Section        0  main.o(.text.__NVIC_ClearPendingIRQ)
    __NVIC_ClearPendingIRQ                   0x00002e45   Thumb Code    12  tpm.o(.text.__NVIC_ClearPendingIRQ)
    [Anonymous Symbol]                       0x00002e44   Section        0  tpm.o(.text.__NVIC_ClearPendingIRQ)
    __NVIC_ClearPendingIRQ                   0x00002e51   Thumb Code    12  tsi.o(.text.__NVIC_ClearPendingIRQ)
    [Anonymous Symbol]                       0x00002e50   Section        0  tsi.o(.text.__NVIC_ClearPendingIRQ)
    __NVIC_ClearPendingIRQ                   0x00002e5d   Thumb Code    12  pit.o(.text.__NVIC_ClearPendingIRQ)
    [Anonymous Symbol]                       0x00002e5c   Section        0  pit.o(.text.__NVIC_ClearPendingIRQ)
    __arm_cp.1_0                             0x00002e68   Number         4  pit.o(.text.__NVIC_ClearPendingIRQ)
    __NVIC_EnableIRQ                         0x00002e6d   Thumb Code    12  klaw.o(.text.__NVIC_EnableIRQ)
    [Anonymous Symbol]                       0x00002e6c   Section        0  klaw.o(.text.__NVIC_EnableIRQ)
    __NVIC_EnableIRQ                         0x00002e79   Thumb Code    12  tpm.o(.text.__NVIC_EnableIRQ)
    [Anonymous Symbol]                       0x00002e78   Section        0  tpm.o(.text.__NVIC_EnableIRQ)
    __NVIC_EnableIRQ                         0x00002e85   Thumb Code    12  tsi.o(.text.__NVIC_EnableIRQ)
    [Anonymous Symbol]                       0x00002e84   Section        0  tsi.o(.text.__NVIC_EnableIRQ)
    __NVIC_EnableIRQ                         0x00002e91   Thumb Code    12  pit.o(.text.__NVIC_EnableIRQ)
    [Anonymous Symbol]                       0x00002e90   Section        0  pit.o(.text.__NVIC_EnableIRQ)
    __arm_cp.2_0                             0x00002e9c   Number         4  pit.o(.text.__NVIC_EnableIRQ)
    __NVIC_SetPriority                       0x00002ea1   Thumb Code    20  klaw.o(.text.__NVIC_SetPriority)
    [Anonymous Symbol]                       0x00002ea0   Section        0  klaw.o(.text.__NVIC_SetPriority)
    __arm_cp.2_0                             0x00002eb4   Number         4  klaw.o(.text.__NVIC_SetPriority)
    __NVIC_SetPriority                       0x00002eb9   Thumb Code    20  main.o(.text.__NVIC_SetPriority)
    [Anonymous Symbol]                       0x00002eb8   Section        0  main.o(.text.__NVIC_SetPriority)
    __arm_cp.6_0                             0x00002ecc   Number         4  main.o(.text.__NVIC_SetPriority)
    __NVIC_SetPriority                       0x00002ed1   Thumb Code    20  tsi.o(.text.__NVIC_SetPriority)
    [Anonymous Symbol]                       0x00002ed0   Section        0  tsi.o(.text.__NVIC_SetPriority)
    __arm_cp.1_0                             0x00002ee4   Number         4  tsi.o(.text.__NVIC_SetPriority)
    __NVIC_SetPriority                       0x00002ee9   Thumb Code    20  pit.o(.text.__NVIC_SetPriority)
    [Anonymous Symbol]                       0x00002ee8   Section        0  pit.o(.text.__NVIC_SetPriority)
    __arm_cp.3_0                             0x00002efc   Number         4  pit.o(.text.__NVIC_SetPriority)
    [Anonymous Symbol]                       0x00002f00   Section        0  tpm.o(.text.calculateDistance)
    __arm_cp.4_0                             0x00002f18   Number         4  tpm.o(.text.calculateDistance)
    __arm_cp.4_1                             0x00002f1c   Number         4  tpm.o(.text.calculateDistance)
    [Anonymous Symbol]                       0x00002f20   Section        0  tsi.o(.text.change_electrode)
    __arm_cp.6_0                             0x00002f6c   Number         4  tsi.o(.text.change_electrode)
    __arm_cp.6_1                             0x00002f70   Number         4  tsi.o(.text.change_electrode)
    __arm_cp.6_2                             0x00002f74   Number         4  tsi.o(.text.change_electrode)
    __arm_cp.6_3                             0x00002f78   Number         4  tsi.o(.text.change_electrode)
    __arm_cp.6_4                             0x00002f7c   Number         4  tsi.o(.text.change_electrode)
    __arm_cp.6_5                             0x00002f80   Number         4  tsi.o(.text.change_electrode)
    [Anonymous Symbol]                       0x00002f84   Section        0  i2c.o(.text.i2c_clr_IICIF)
    [Anonymous Symbol]                       0x00002f90   Section        0  i2c.o(.text.i2c_disable)
    [Anonymous Symbol]                       0x00002f9c   Section        0  i2c.o(.text.i2c_enable)
    [Anonymous Symbol]                       0x00002fa8   Section        0  i2c.o(.text.i2c_m_start)
    [Anonymous Symbol]                       0x00002fb4   Section        0  i2c.o(.text.i2c_m_stop)
    [Anonymous Symbol]                       0x00002fc0   Section        0  i2c.o(.text.i2c_nack)
    [Anonymous Symbol]                       0x00002fcc   Section        0  i2c.o(.text.i2c_rec)
    [Anonymous Symbol]                       0x00002fd8   Section        0  i2c.o(.text.i2c_recv)
    [Anonymous Symbol]                       0x00002fe0   Section        0  i2c.o(.text.i2c_send)
    __arm_cp.5_0                             0x00002fe8   Number         4  i2c.o(.text.i2c_send)
    [Anonymous Symbol]                       0x00002fec   Section        0  i2c.o(.text.i2c_tran)
    __arm_cp.3_0                             0x00002ff8   Number         4  i2c.o(.text.i2c_tran)
    [Anonymous Symbol]                       0x00002ffc   Section        0  i2c.o(.text.i2c_wait)
    __arm_cp.6_0                             0x0000304c   Number         4  i2c.o(.text.i2c_wait)
    __arm_cp.6_1                             0x00003050   Number         4  i2c.o(.text.i2c_wait)
    __arm_cp.6_2                             0x00003054   Number         4  i2c.o(.text.i2c_wait)
    [Anonymous Symbol]                       0x00003058   Section        0  main.o(.text.main)
    __arm_cp.5_0                             0x00003360   Number         4  main.o(.text.main)
    __arm_cp.5_1                             0x00003364   Number         4  main.o(.text.main)
    __arm_cp.5_2                             0x00003368   Number         4  main.o(.text.main)
    __arm_cp.5_3                             0x0000336c   Number         4  main.o(.text.main)
    __arm_cp.5_4                             0x00003370   Number         4  main.o(.text.main)
    __arm_cp.5_5                             0x00003374   Number         4  main.o(.text.main)
    __arm_cp.5_6                             0x00003378   Number         4  main.o(.text.main)
    __arm_cp.5_7                             0x0000337c   Number         4  main.o(.text.main)
    __arm_cp.5_8                             0x00003380   Number         4  main.o(.text.main)
    __arm_cp.5_9                             0x00003384   Number         4  main.o(.text.main)
    __arm_cp.5_10                            0x00003388   Number         4  main.o(.text.main)
    __arm_cp.5_11                            0x0000338c   Number         4  main.o(.text.main)
    __arm_cp.5_12                            0x00003390   Number         4  main.o(.text.main)
    __arm_cp.5_13                            0x00003394   Number         4  main.o(.text.main)
    __arm_cp.5_14                            0x00003398   Number         4  main.o(.text.main)
    __arm_cp.5_15                            0x0000339c   Number         4  main.o(.text.main)
    __arm_cp.5_16                            0x000033a0   Number         4  main.o(.text.main)
    __arm_cp.5_17                            0x000033a4   Number         4  main.o(.text.main)
    __arm_cp.5_18                            0x000033a8   Number         4  main.o(.text.main)
    __arm_cp.5_19                            0x000033ac   Number         4  main.o(.text.main)
    __arm_cp.5_20                            0x000033b0   Number         4  main.o(.text.main)
    __arm_cp.5_21                            0x000033b4   Number         4  main.o(.text.main)
    __arm_cp.5_22                            0x000033b8   Number         4  main.o(.text.main)
    __arm_cp.5_24                            0x000033cc   Number         4  main.o(.text.main)
    __arm_cp.5_25                            0x000033d0   Number         4  main.o(.text.main)
    __arm_cp.5_26                            0x000033d4   Number         4  main.o(.text.main)
    __arm_cp.5_29                            0x000033f4   Number         4  main.o(.text.main)
    __arm_cp.5_30                            0x000033f8   Number         4  main.o(.text.main)
    __arm_cp.5_33                            0x00003418   Number         4  main.o(.text.main)
    __arm_cp.5_36                            0x00003438   Number         4  main.o(.text.main)
    __arm_cp.5_37                            0x0000343c   Number         4  main.o(.text.main)
    __arm_cp.5_40                            0x0000345c   Number         4  main.o(.text.main)
    __arm_cp.5_42                            0x0000346c   Number         4  main.o(.text.main)
    __arm_cp.5_43                            0x00003470   Number         4  main.o(.text.main)
    __arm_cp.5_44                            0x00003474   Number         4  main.o(.text.main)
    __arm_cp.5_45                            0x00003478   Number         4  main.o(.text.main)
    [Anonymous Symbol]                       0x0000347c   Section        0  tsi.o(.text.self_calibration)
    __arm_cp.4_0                             0x00003514   Number         4  tsi.o(.text.self_calibration)
    __arm_cp.4_1                             0x00003518   Number         4  tsi.o(.text.self_calibration)
    __arm_cp.4_2                             0x0000351c   Number         4  tsi.o(.text.self_calibration)
    .text_divfast                            0x00003520   Section      502  aeabi_sdivfast.o(.text_divfast)
    i.__ARM_common_ll_muluu                  0x00003716   Section        0  btod.o(i.__ARM_common_ll_muluu)
    i.__ARM_fpclassify                       0x00003748   Section        0  fpclassify.o(i.__ARM_fpclassify)
    i.__ieee754_rem_pio2                     0x00003774   Section        0  rred.o(i.__ieee754_rem_pio2)
    i.__kernel_cos                           0x00003b10   Section        0  cos_i.o(i.__kernel_cos)
    i.__kernel_poly                          0x00003c04   Section        0  poly.o(i.__kernel_poly)
    i.__kernel_sin                           0x00003cb0   Section        0  sin_i.o(i.__kernel_sin)
    i.__mathlib_dbl_infnan                   0x00003d9c   Section        0  dunder.o(i.__mathlib_dbl_infnan)
    i.__mathlib_dbl_invalid                  0x00003da6   Section        0  dunder.o(i.__mathlib_dbl_invalid)
    i.__mathlib_dbl_underflow                0x00003db8   Section        0  dunder.o(i.__mathlib_dbl_underflow)
    i._dgeq                                  0x00003dcc   Section        0  dcmp.o(i._dgeq)
    i._dleq                                  0x00003de2   Section        0  dcmp.o(i._dleq)
    i._dls                                   0x00003dfc   Section        0  dcmp.o(i._dls)
    i._feq                                   0x00003e12   Section        0  fcmp.o(i._feq)
    i._fgeq                                  0x00003e28   Section        0  fcmp.o(i._fgeq)
    i._is_digit                              0x00003e3e   Section        0  __printf_wp.o(i._is_digit)
    i.sin                                    0x00003e4c   Section        0  sin.o(i.sin)
    locale$$code                             0x00003ee8   Section       44  lc_numeric_c.o(locale$$code)
    x$fpl$dgeqf                              0x00003f14   Section      100  dgef.o(x$fpl$dgeqf)
    x$fpl$dleqf                              0x00003f78   Section      100  dlef.o(x$fpl$dleqf)
    x$fpl$fadd                               0x00003fdc   Section      140  faddsub.o(x$fpl$fadd)
    _fadd1                                   0x00003fe9   Thumb Code     0  faddsub.o(x$fpl$fadd)
    x$fpl$feqf                               0x00004068   Section       84  feqf.o(x$fpl$feqf)
    x$fpl$fgeqf                              0x000040bc   Section       84  fgef.o(x$fpl$fgeqf)
    x$fpl$fmul                               0x00004110   Section      176  fmul.o(x$fpl$fmul)
    x$fpl$fsub                               0x000041c0   Section      208  faddsub.o(x$fpl$fsub)
    _fsub1                                   0x000041cd   Thumb Code     0  faddsub.o(x$fpl$fsub)
    x$fpl$printf1                            0x00004290   Section       16  printf1.o(x$fpl$printf1)
    x$fpl$printf2                            0x000042a0   Section       16  printf2.o(x$fpl$printf2)
    maptable                                 0x000042b0   Data          17  __printf_flags_ss_wp.o(.constdata)
    .constdata                               0x000042b0   Section       17  __printf_flags_ss_wp.o(.constdata)
    ddiv_reciptbl                            0x000042c1   Data         128  ddiv.o(.constdata)
    .constdata                               0x000042c1   Section      128  ddiv.o(.constdata)
    fdiv_tab                                 0x00004341   Data          64  fdiv.o(.constdata)
    .constdata                               0x00004341   Section       64  fdiv.o(.constdata)
    lc_hextab                                0x00004381   Data          19  _printf_fp_hex.o(.constdata)
    .constdata                               0x00004381   Section       38  _printf_fp_hex.o(.constdata)
    uc_hextab                                0x00004394   Data          19  _printf_fp_hex.o(.constdata)
    C                                        0x000043a8   Data          48  cos_i.o(.constdata)
    .constdata                               0x000043a8   Section       48  cos_i.o(.constdata)
    pio2s                                    0x000043d8   Data          48  rred.o(.constdata)
    .constdata                               0x000043d8   Section      204  rred.o(.constdata)
    twooverpi                                0x00004408   Data         156  rred.o(.constdata)
    S                                        0x000044a8   Data          40  sin_i.o(.constdata)
    .constdata                               0x000044a8   Section       40  sin_i.o(.constdata)
    tenpwrs_x                                0x000044d0   Data          60  bigflt0.o(.constdata)
    .constdata                               0x000044d0   Section      148  bigflt0.o(.constdata)
    tenpwrs_i                                0x0000450c   Data          64  bigflt0.o(.constdata)
    [Anonymous Symbol]                       0x00004564   Section        0  main.o(.rodata.cst32)
    locale$$data                             0x000045a4   Section       28  lc_numeric_c.o(locale$$data)
    __lcnum_c_name                           0x000045a8   Data           2  lc_numeric_c.o(locale$$data)
    __lcnum_c_start                          0x000045b0   Data           0  lc_numeric_c.o(locale$$data)
    __lcnum_c_point                          0x000045bc   Data           0  lc_numeric_c.o(locale$$data)
    __lcnum_c_thousands                      0x000045be   Data           0  lc_numeric_c.o(locale$$data)
    __lcnum_c_grouping                       0x000045bf   Data           0  lc_numeric_c.o(locale$$data)
    __lcnum_c_end                            0x000045c0   Data           0  lc_numeric_c.o(locale$$data)
    lcd_backlight                            0x1ffffc04   Data           1  lcd1602.o(.data.lcd_backlight)
    [Anonymous Symbol]                       0x1ffffc04   Section        0  lcd1602.o(.data.lcd_backlight)
    .bss                                     0x1ffffc10   Section       96  libspace.o(.bss)
    end_flag                                 0x20000485   Data           1  tsi.o(.bss.end_flag)
    [Anonymous Symbol]                       0x20000485   Section        0  tsi.o(.bss.end_flag)
    error                                    0x20000486   Data           1  i2c.o(.bss.error)
    [Anonymous Symbol]                       0x20000486   Section        0  i2c.o(.bss.error)
    gu16Baseline                             0x20000490   Data           4  tsi.o(.bss.gu16Baseline)
    [Anonymous Symbol]                       0x20000490   Section        0  tsi.o(.bss.gu16Baseline)
    gu16Delta                                0x20000494   Data           4  tsi.o(.bss.gu16Delta)
    [Anonymous Symbol]                       0x20000494   Section        0  tsi.o(.bss.gu16Delta)
    ongoing_elec                             0x2000049c   Data           1  tsi.o(.bss.ongoing_elec)
    [Anonymous Symbol]                       0x2000049c   Section        0  tsi.o(.bss.ongoing_elec)
    pcf_address                              0x2000049d   Data           1  lcd1602.o(.bss.pcf_address)
    [Anonymous Symbol]                       0x2000049d   Section        0  lcd1602.o(.bss.pcf_address)
    Heap_Mem                                 0x200004b8   Data           0  startup_mkl05z4.o(HEAP)
    Stack_Mem                                0x200004b8   Data         768  startup_mkl05z4.o(STACK)
    HEAP                                     0x200004b8   Section        0  startup_mkl05z4.o(HEAP)
    STACK                                    0x200004b8   Section      768  startup_mkl05z4.o(STACK)
    __initial_sp                             0x200007b8   Data           0  startup_mkl05z4.o(STACK)

    Global Symbols

    Symbol Name                              Value     Ov Type        Size  Object(Section)

    BuildAttributes$$THM_ISAv3M$S$PE$A:L22$X:L11$S22$IEEE1$IW$~IW$USESV6$~STKCKD$USESV7$~SHL$OTIME$ROPI$IEEEX$EBA8$UX$STANDARDLIB$REQ8$PRES8$EABIv2 0x00000000   Number         0  anon$$obj.o ABSOLUTE
    __Vectors                                0x00000000   Data           4  startup_mkl05z4.o(RESET)
    _printf_flags                            0x00000000   Number         0  printf_stubs.o ABSOLUTE
    _printf_return_value                     0x00000000   Number         0  printf_stubs.o ABSOLUTE
    _printf_sizespec                         0x00000000   Number         0  printf_stubs.o ABSOLUTE
    _printf_widthprec                        0x00000000   Number         0  printf_stubs.o ABSOLUTE
    __ARM_exceptions_init                     - Undefined Weak Reference
    __alloca_initialize                       - Undefined Weak Reference
    __arm_preinit_                            - Undefined Weak Reference
    __cpp_initialize__aeabi_                  - Undefined Weak Reference
    __cxa_finalize                            - Undefined Weak Reference
    __sigvec_lookup                           - Undefined Weak Reference
    _atexit_init                              - Undefined Weak Reference
    _call_atexit_fns                          - Undefined Weak Reference
    _clock_init                               - Undefined Weak Reference
    _fp_trap_init                             - Undefined Weak Reference
    _fp_trap_shutdown                         - Undefined Weak Reference
    _get_lc_collate                           - Undefined Weak Reference
    _get_lc_ctype                             - Undefined Weak Reference
    _get_lc_monetary                          - Undefined Weak Reference
    _get_lc_time                              - Undefined Weak Reference
    _getenv_init                              - Undefined Weak Reference
    _handle_redirection                       - Undefined Weak Reference
    _init_alloc                               - Undefined Weak Reference
    _init_user_alloc                          - Undefined Weak Reference
    _initio                                   - Undefined Weak Reference
    _rand_init                                - Undefined Weak Reference
    _signal_finish                            - Undefined Weak Reference
    _signal_init                              - Undefined Weak Reference
    _terminate_alloc                          - Undefined Weak Reference
    _terminate_user_alloc                     - Undefined Weak Reference
    _terminateio                              - Undefined Weak Reference
    __Vectors_End                            0x000000c0   Data           0  startup_mkl05z4.o(RESET)
    __Vectors_Size                           0x000000c0   Number         0  startup_mkl05z4.o ABSOLUTE
    __main                                   0x000000c1   Thumb Code     8  __main.o(!!!main)
    __scatterload                            0x000000c9   Thumb Code     0  __scatter.o(!!!scatter)
    __scatterload_rt2                        0x000000c9   Thumb Code    52  __scatter.o(!!!scatter)
    __scatterload_rt2_thumb_only             0x000000c9   Thumb Code     0  __scatter.o(!!!scatter)
    __scatterload_null                       0x000000d9   Thumb Code     0  __scatter.o(!!!scatter)
    __scatterload_copy                       0x00000105   Thumb Code    26  __scatter_copy.o(!!handler_copy)
    __scatterload_zeroinit                   0x00000121   Thumb Code    28  __scatter_zi.o(!!handler_zi)
    _printf_percent                          0x0000013d   Thumb Code     0  _printf_percent.o(.ARM.Collect$$_printf_percent$$00000000)
    _printf_f                                0x0000013f   Thumb Code     0  _printf_f.o(.ARM.Collect$$_printf_percent$$00000003)
    _printf_e                                0x00000149   Thumb Code     0  _printf_e.o(.ARM.Collect$$_printf_percent$$00000004)
    _printf_g                                0x00000153   Thumb Code     0  _printf_g.o(.ARM.Collect$$_printf_percent$$00000005)
    _printf_a                                0x0000015d   Thumb Code     0  _printf_a.o(.ARM.Collect$$_printf_percent$$00000006)
    _printf_percent_end                      0x00000167   Thumb Code     0  _printf_percent_end.o(.ARM.Collect$$_printf_percent$$00000017)
    __rt_lib_init                            0x0000016b   Thumb Code     0  libinit.o(.ARM.Collect$$libinit$$00000000)
    __rt_lib_init_fp_1                       0x0000016d   Thumb Code     0  libinit2.o(.ARM.Collect$$libinit$$00000002)
    __rt_lib_init_heap_1                     0x0000016d   Thumb Code     0  libinit2.o(.ARM.Collect$$libinit$$0000000A)
    __rt_lib_init_lc_common                  0x0000016d   Thumb Code     0  libinit2.o(.ARM.Collect$$libinit$$0000000F)
    __rt_lib_init_preinit_1                  0x0000016d   Thumb Code     0  libinit2.o(.ARM.Collect$$libinit$$00000004)
    __rt_lib_init_rand_1                     0x0000016d   Thumb Code     0  libinit2.o(.ARM.Collect$$libinit$$0000000E)
    __rt_lib_init_user_alloc_1               0x0000016d   Thumb Code     0  libinit2.o(.ARM.Collect$$libinit$$0000000C)
    __rt_lib_init_lc_collate_1               0x00000173   Thumb Code     0  libinit2.o(.ARM.Collect$$libinit$$00000011)
    __rt_lib_init_lc_ctype_1                 0x00000173   Thumb Code     0  libinit2.o(.ARM.Collect$$libinit$$00000013)
    __rt_lib_init_lc_monetary_1              0x00000173   Thumb Code     0  libinit2.o(.ARM.Collect$$libinit$$00000015)
    __rt_lib_init_lc_numeric_2               0x00000173   Thumb Code     0  libinit2.o(.ARM.Collect$$libinit$$00000016)
    __rt_lib_init_alloca_1                   0x0000017d   Thumb Code     0  libinit2.o(.ARM.Collect$$libinit$$0000002E)
    __rt_lib_init_argv_1                     0x0000017d   Thumb Code     0  libinit2.o(.ARM.Collect$$libinit$$0000002C)
    __rt_lib_init_atexit_1                   0x0000017d   Thumb Code     0  libinit2.o(.ARM.Collect$$libinit$$0000001B)
    __rt_lib_init_clock_1                    0x0000017d   Thumb Code     0  libinit2.o(.ARM.Collect$$libinit$$00000021)
    __rt_lib_init_cpp_1                      0x0000017d   Thumb Code     0  libinit2.o(.ARM.Collect$$libinit$$00000032)
    __rt_lib_init_exceptions_1               0x0000017d   Thumb Code     0  libinit2.o(.ARM.Collect$$libinit$$00000030)
    __rt_lib_init_fp_trap_1                  0x0000017d   Thumb Code     0  libinit2.o(.ARM.Collect$$libinit$$0000001F)
    __rt_lib_init_getenv_1                   0x0000017d   Thumb Code     0  libinit2.o(.ARM.Collect$$libinit$$00000023)
    __rt_lib_init_lc_numeric_1               0x0000017d   Thumb Code     0  libinit2.o(.ARM.Collect$$libinit$$00000017)
    __rt_lib_init_lc_time_1                  0x0000017d   Thumb Code     0  libinit2.o(.ARM.Collect$$libinit$$00000019)
    __rt_lib_init_return                     0x0000017d   Thumb Code     0  libinit2.o(.ARM.Collect$$libinit$$00000033)
    __rt_lib_init_signal_1                   0x0000017d   Thumb Code     0  libinit2.o(.ARM.Collect$$libinit$$0000001D)
    __rt_lib_init_stdio_1                    0x0000017d   Thumb Code     0  libinit2.o(.ARM.Collect$$libinit$$00000025)
    __rt_lib_shutdown                        0x0000017f   Thumb Code     0  libshutdown.o(.ARM.Collect$$libshutdown$$00000000)
    __rt_lib_shutdown_cpp_1                  0x00000181   Thumb Code     0  libshutdown2.o(.ARM.Collect$$libshutdown$$00000002)
    __rt_lib_shutdown_fp_trap_1              0x00000181   Thumb Code     0  libshutdown2.o(.ARM.Collect$$libshutdown$$00000007)
    __rt_lib_shutdown_heap_1                 0x00000181   Thumb Code     0  libshutdown2.o(.ARM.Collect$$libshutdown$$0000000F)
    __rt_lib_shutdown_return                 0x00000181   Thumb Code     0  libshutdown2.o(.ARM.Collect$$libshutdown$$00000010)
    __rt_lib_shutdown_signal_1               0x00000181   Thumb Code     0  libshutdown2.o(.ARM.Collect$$libshutdown$$0000000A)
    __rt_lib_shutdown_stdio_1                0x00000181   Thumb Code     0  libshutdown2.o(.ARM.Collect$$libshutdown$$00000004)
    __rt_lib_shutdown_user_alloc_1           0x00000181   Thumb Code     0  libshutdown2.o(.ARM.Collect$$libshutdown$$0000000C)
    __rt_entry                               0x00000183   Thumb Code     0  __rtentry.o(.ARM.Collect$$rtentry$$00000000)
    __rt_entry_presh_1                       0x00000183   Thumb Code     0  __rtentry2.o(.ARM.Collect$$rtentry$$00000002)
    __rt_entry_sh                            0x00000183   Thumb Code     0  __rtentry4.o(.ARM.Collect$$rtentry$$00000004)
    __rt_entry_li                            0x00000189   Thumb Code     0  __rtentry2.o(.ARM.Collect$$rtentry$$0000000A)
    __rt_entry_postsh_1                      0x00000189   Thumb Code     0  __rtentry2.o(.ARM.Collect$$rtentry$$00000009)
    __rt_entry_main                          0x0000018d   Thumb Code     0  __rtentry2.o(.ARM.Collect$$rtentry$$0000000D)
    __rt_entry_postli_1                      0x0000018d   Thumb Code     0  __rtentry2.o(.ARM.Collect$$rtentry$$0000000C)
    __rt_exit                                0x00000195   Thumb Code     0  rtexit.o(.ARM.Collect$$rtexit$$00000000)
    __rt_exit_ls                             0x00000197   Thumb Code     0  rtexit2.o(.ARM.Collect$$rtexit$$00000003)
    __rt_exit_prels_1                        0x00000197   Thumb Code     0  rtexit2.o(.ARM.Collect$$rtexit$$00000002)
    __rt_exit_exit                           0x0000019b   Thumb Code     0  rtexit2.o(.ARM.Collect$$rtexit$$00000004)
    Reset_Handler                            0x000001a1   Thumb Code     8  startup_mkl05z4.o(.text)
    NMI_Handler                              0x000001a9   Thumb Code     2  startup_mkl05z4.o(.text)
    HardFault_Handler                        0x000001ab   Thumb Code     2  startup_mkl05z4.o(.text)
    SVC_Handler                              0x000001ad   Thumb Code     2  startup_mkl05z4.o(.text)
    PendSV_Handler                           0x000001af   Thumb Code     2  startup_mkl05z4.o(.text)
    ADC0_IRQHandler                          0x000001b3   Thumb Code     0  startup_mkl05z4.o(.text)
    CMP0_IRQHandler                          0x000001b3   Thumb Code     0  startup_mkl05z4.o(.text)
    DAC0_IRQHandler                          0x000001b3   Thumb Code     0  startup_mkl05z4.o(.text)
    DMA0_IRQHandler                          0x000001b3   Thumb Code     0  startup_mkl05z4.o(.text)
    DMA1_IRQHandler                          0x000001b3   Thumb Code     0  startup_mkl05z4.o(.text)
    DMA2_IRQHandler                          0x000001b3   Thumb Code     0  startup_mkl05z4.o(.text)
    DMA3_IRQHandler                          0x000001b3   Thumb Code     0  startup_mkl05z4.o(.text)
    DefaultISR                               0x000001b3   Thumb Code     0  startup_mkl05z4.o(.text)
    FTFA_IRQHandler                          0x000001b3   Thumb Code     0  startup_mkl05z4.o(.text)
    I2C0_IRQHandler                          0x000001b3   Thumb Code     0  startup_mkl05z4.o(.text)
    LLW_IRQHandler                           0x000001b3   Thumb Code     0  startup_mkl05z4.o(.text)
    LPTimer_IRQHandler                       0x000001b3   Thumb Code     0  startup_mkl05z4.o(.text)
    LVD_LVW_IRQHandler                       0x000001b3   Thumb Code     0  startup_mkl05z4.o(.text)
    MCG_IRQHandler                           0x000001b3   Thumb Code     0  startup_mkl05z4.o(.text)
    PORTB_IRQHandler                         0x000001b3   Thumb Code     0  startup_mkl05z4.o(.text)
    RTC_IRQHandler                           0x000001b3   Thumb Code     0  startup_mkl05z4.o(.text)
    RTC_Seconds_IRQHandler                   0x000001b3   Thumb Code     0  startup_mkl05z4.o(.text)
    Reserved20_IRQHandler                    0x000001b3   Thumb Code     0  startup_mkl05z4.o(.text)
    Reserved25_IRQHandler                    0x000001b3   Thumb Code     0  startup_mkl05z4.o(.text)
    Reserved27_IRQHandler                    0x000001b3   Thumb Code     0  startup_mkl05z4.o(.text)
    Reserved29_IRQHandler                    0x000001b3   Thumb Code     0  startup_mkl05z4.o(.text)
    Reserved30_IRQHandler                    0x000001b3   Thumb Code     0  startup_mkl05z4.o(.text)
    Reserved35_IRQHandler                    0x000001b3   Thumb Code     0  startup_mkl05z4.o(.text)
    Reserved39_IRQHandler                    0x000001b3   Thumb Code     0  startup_mkl05z4.o(.text)
    Reserved40_IRQHandler                    0x000001b3   Thumb Code     0  startup_mkl05z4.o(.text)
    Reserved45_IRQHandler                    0x000001b3   Thumb Code     0  startup_mkl05z4.o(.text)
    SPI0_IRQHandler                          0x000001b3   Thumb Code     0  startup_mkl05z4.o(.text)
    TPM0_IRQHandler                          0x000001b3   Thumb Code     0  startup_mkl05z4.o(.text)
    UART0_IRQHandler                         0x000001b3   Thumb Code     0  startup_mkl05z4.o(.text)
    __user_initial_stackheap                 0x000001b5   Thumb Code     0  startup_mkl05z4.o(.text)
    __2sprintf                               0x000001d5   Thumb Code    36  noretval__2sprintf.o(.text)
    _printf_pre_padding                      0x000001fd   Thumb Code    44  _printf_pad.o(.text)
    _printf_post_padding                     0x00000229   Thumb Code    34  _printf_pad.o(.text)
    __printf                                 0x0000024d   Thumb Code   386  __printf_flags_ss_wp.o(.text)
    __use_two_region_memory                  0x000003d5   Thumb Code     2  heapauxi.o(.text)
    __rt_heap_escrow$2region                 0x000003d7   Thumb Code     2  heapauxi.o(.text)
    __rt_heap_expand$2region                 0x000003d9   Thumb Code     2  heapauxi.o(.text)
    __read_errno                             0x000003db   Thumb Code    10  _rserrno.o(.text)
    __set_errno                              0x000003e5   Thumb Code    12  _rserrno.o(.text)
    _sputc                                   0x000003f1   Thumb Code    10  _sputc.o(.text)
    __I$use$semihosting                      0x000003fb   Thumb Code     0  use_no_semi.o(.text)
    __use_no_semihosting_swi                 0x000003fb   Thumb Code     2  use_no_semi.o(.text)
    __I$use$fp                               0x000003fc   Number         0  usenofp.o(x$fpl$usenofp)
    __semihosting_library_function           0x000003fd   Thumb Code     0  indicate_semi.o(.text)
    __aeabi_uidivmod                         0x00000411   Thumb Code    28  aeabi_sdivfast.o(.text)
    __aeabi_idivmod                          0x0000042d   Thumb Code   472  aeabi_sdivfast.o(.text)
    __aeabi_d2f                              0x00000609   Thumb Code     0  d2f.o(.text)
    _d2f                                     0x00000609   Thumb Code   120  d2f.o(.text)
    __aeabi_dadd                             0x0000097d   Thumb Code     0  daddsub.o(.text)
    _dadd                                    0x0000097d   Thumb Code    26  daddsub.o(.text)
    __aeabi_dsub                             0x00000997   Thumb Code     0  daddsub.o(.text)
    _dsub                                    0x00000997   Thumb Code    22  daddsub.o(.text)
    __aeabi_drsub                            0x000009ad   Thumb Code     0  daddsub.o(.text)
    _drsb                                    0x000009ad   Thumb Code    28  daddsub.o(.text)
    __aeabi_ddiv                             0x000009dd   Thumb Code     0  ddiv.o(.text)
    _ddiv                                    0x000009dd   Thumb Code  1072  ddiv.o(.text)
    _drdiv                                   0x00000e0d   Thumb Code    20  ddiv.o(.text)
    __aeabi_d2iz                             0x00000e25   Thumb Code     0  dfixi.o(.text)
    _dfix                                    0x00000e25   Thumb Code    98  dfixi.o(.text)
    __aeabi_i2d_normalise                    0x00000e91   Thumb Code    66  dflti.o(.text)
    __aeabi_i2d                              0x00000ed3   Thumb Code    16  dflti.o(.text)
    _dflt                                    0x00000ed3   Thumb Code     0  dflti.o(.text)
    __aeabi_ui2d                             0x00000ee3   Thumb Code     6  dflti.o(.text)
    _dfltu                                   0x00000ee3   Thumb Code     0  dflti.o(.text)
    __aeabi_dmul                             0x00000ee9   Thumb Code     0  dmul.o(.text)
    _dmul                                    0x00000ee9   Thumb Code   558  dmul.o(.text)
    __aeabi_f2d                              0x00001131   Thumb Code     0  f2d.o(.text)
    _f2d                                     0x00001131   Thumb Code    80  f2d.o(.text)
    __aeabi_fdiv                             0x00001185   Thumb Code     0  fdiv.o(.text)
    _fdiv                                    0x00001185   Thumb Code   334  fdiv.o(.text)
    _frdiv                                   0x000012d3   Thumb Code     8  fdiv.o(.text)
    __aeabi_f2iz                             0x000012e5   Thumb Code     0  ffixi.o(.text)
    _ffix                                    0x000012e5   Thumb Code    76  ffixi.o(.text)
    __aeabi_f2uiz                            0x00001331   Thumb Code     0  ffixui.o(.text)
    _ffixu                                   0x00001331   Thumb Code    48  ffixui.o(.text)
    __aeabi_i2f_normalise                    0x00001361   Thumb Code    72  fflti.o(.text)
    __aeabi_i2f                              0x000013a9   Thumb Code    16  fflti.o(.text)
    _fflt                                    0x000013a9   Thumb Code     0  fflti.o(.text)
    __aeabi_ui2f                             0x000013b9   Thumb Code     6  fflti.o(.text)
    _ffltu                                   0x000013b9   Thumb Code     0  fflti.o(.text)
    _printf_fp_dec_real                      0x0000155d   Thumb Code   620  _printf_fp_dec.o(.text)
    _printf_fp_hex_real                      0x000017d5   Thumb Code   718  _printf_fp_hex.o(.text)
    _printf_char_common                      0x00001ab7   Thumb Code    32  _printf_char_common.o(.text)
    __rt_locale                              0x00001add   Thumb Code     8  rt_locale_intlibspace.o(.text)
    __aeabi_errno_addr                       0x00001ae5   Thumb Code     8  rt_errno_addr_intlibspace.o(.text)
    __errno$intlibspace                      0x00001ae5   Thumb Code     0  rt_errno_addr_intlibspace.o(.text)
    __rt_errno_addr$intlibspace              0x00001ae5   Thumb Code     0  rt_errno_addr_intlibspace.o(.text)
    _ll_udiv10                               0x00001aed   Thumb Code   122  lludiv10.o(.text)
    _printf_fp_infnan                        0x00001b69   Thumb Code   120  _printf_fp_infnan.o(.text)
    _btod_etento                             0x00001bf1   Thumb Code   210  bigflt0.o(.text)
    _btod_d2e                                0x00001cc9   Thumb Code    64  btod.o(.text)
    _btod_emul                               0x000020fd   Thumb Code    28  btod.o(.text)
    _btod_emuld                              0x00002119   Thumb Code   144  btod.o(.text)
    _btod_ediv                               0x000021a9   Thumb Code    26  btod.o(.text)
    _btod_edivd                              0x000021c3   Thumb Code   124  btod.o(.text)
    __rt_udiv10                              0x00002249   Thumb Code    40  rtudiv10.o(.text)
    __fpl_dcmp_InfNaN                        0x00002271   Thumb Code   154  dcmpin.o(.text)
    __ARM_scalbn                             0x00002311   Thumb Code    84  dscalbn.o(.text)
    __fpl_fcmp_InfNaN                        0x00002371   Thumb Code    96  fcmpin.o(.text)
    __user_libspace                          0x000023d5   Thumb Code     8  libspace.o(.text)
    __user_perproc_libspace                  0x000023d5   Thumb Code     0  libspace.o(.text)
    __user_perthread_libspace                0x000023d5   Thumb Code     0  libspace.o(.text)
    __user_setup_stackheap                   0x000023dd   Thumb Code    62  sys_stackheap_outer.o(.text)
    exit                                     0x0000241b   Thumb Code    16  exit.o(.text)
    strcmp                                   0x0000242d   Thumb Code   176  strcmpv6m.o(.text)
    __fpl_cmpreturn                          0x000024dd   Thumb Code    46  cmpret.o(.text)
    __fpl_dcheck_NaN2                        0x0000250d   Thumb Code    14  dnan2.o(.text)
    __fpl_fcheck_NaN2                        0x00002521   Thumb Code    10  fnan2.o(.text)
    __fpl_return_NaN                         0x00002531   Thumb Code    94  retnan.o(.text)
    _sys_exit                                0x00002591   Thumb Code     8  sys_exit.o(.text)
    DAC_Init                                 0x0000259d   Thumb Code    40  dac.o(.text.DAC_Init)
    DAC_Load_Trig                            0x000025c5   Thumb Code    44  dac.o(.text.DAC_Load_Trig)
    I2C_Init                                 0x000025f9   Thumb Code    64  i2c.o(.text.I2C_Init)
    I2C_Read                                 0x00002645   Thumb Code    76  i2c.o(.text.I2C_Read)
    I2C_Write                                0x00002695   Thumb Code    60  i2c.o(.text.I2C_Write)
    InCap_OutComp_Init                       0x000026d5   Thumb Code   116  tpm.o(.text.InCap_OutComp_Init)
    Klaw_Init                                0x00002759   Thumb Code    68  klaw.o(.text.Klaw_Init)
    Klaw_S2_4_Int                            0x000027a1   Thumb Code    48  klaw.o(.text.Klaw_S2_4_Int)
    LCD1602_BF_AC                            0x000027d5   Thumb Code   200  lcd1602.o(.text.LCD1602_BF_AC)
    LCD1602_Backlight                        0x0000289d   Thumb Code    16  lcd1602.o(.text.LCD1602_Backlight)
    LCD1602_CheckAddress                     0x000028ad   Thumb Code    40  lcd1602.o(.text.LCD1602_CheckAddress)
    LCD1602_ClearAll                         0x000028d5   Thumb Code    12  lcd1602.o(.text.LCD1602_ClearAll)
    LCD1602_Init                             0x000028e1   Thumb Code    72  lcd1602.o(.text.LCD1602_Init)
    LCD1602_Print                            0x0000292d   Thumb Code    32  lcd1602.o(.text.LCD1602_Print)
    LCD1602_SetCursor                        0x0000294d   Thumb Code    30  lcd1602.o(.text.LCD1602_SetCursor)
    LCD1602_Write4                           0x0000296b   Thumb Code    26  lcd1602.o(.text.LCD1602_Write4)
    LCD1602_Write8                           0x00002985   Thumb Code    40  lcd1602.o(.text.LCD1602_Write8)
    PCF8574_Write                            0x000029ad   Thumb Code    36  lcd1602.o(.text.PCF8574_Write)
    PIT_IRQHandler                           0x000029d9   Thumb Code    56  main.o(.text.PIT_IRQHandler)
    PIT_Init                                 0x00002a1d   Thumb Code    52  pit.o(.text.PIT_Init)
    PORTA_IRQHandler                         0x00002a61   Thumb Code   252  main.o(.text.PORTA_IRQHandler)
    PWM_Init                                 0x00002b8d   Thumb Code   104  tpm.o(.text.PWM_Init)
    SysTick_Handler                          0x00002c29   Thumb Code    76  main.o(.text.SysTick_Handler)
    SystemInit                               0x00002c8d   Thumb Code    60  system_mkl05z4.o(.text.SystemInit)
    TPM1_IRQHandler                          0x00002cd9   Thumb Code   132  main.o(.text.TPM1_IRQHandler)
    TSI0_IRQHandler                          0x00002d75   Thumb Code    20  tsi.o(.text.TSI0_IRQHandler)
    TSI_Init                                 0x00002d89   Thumb Code    60  tsi.o(.text.TSI_Init)
    TSI_ReadSlider                           0x00002dd9   Thumb Code    84  tsi.o(.text.TSI_ReadSlider)
    calculateDistance                        0x00002f01   Thumb Code    24  tpm.o(.text.calculateDistance)
    change_electrode                         0x00002f21   Thumb Code    76  tsi.o(.text.change_electrode)
    i2c_clr_IICIF                            0x00002f85   Thumb Code    12  i2c.o(.text.i2c_clr_IICIF)
    i2c_disable                              0x00002f91   Thumb Code    12  i2c.o(.text.i2c_disable)
    i2c_enable                               0x00002f9d   Thumb Code    12  i2c.o(.text.i2c_enable)
    i2c_m_start                              0x00002fa9   Thumb Code    12  i2c.o(.text.i2c_m_start)
    i2c_m_stop                               0x00002fb5   Thumb Code    12  i2c.o(.text.i2c_m_stop)
    i2c_nack                                 0x00002fc1   Thumb Code    12  i2c.o(.text.i2c_nack)
    i2c_rec                                  0x00002fcd   Thumb Code    12  i2c.o(.text.i2c_rec)
    i2c_recv                                 0x00002fd9   Thumb Code     8  i2c.o(.text.i2c_recv)
    i2c_send                                 0x00002fe1   Thumb Code     8  i2c.o(.text.i2c_send)
    i2c_tran                                 0x00002fed   Thumb Code    12  i2c.o(.text.i2c_tran)
    i2c_wait                                 0x00002ffd   Thumb Code    80  i2c.o(.text.i2c_wait)
    main                                     0x00003059   Thumb Code   776  main.o(.text.main)
    self_calibration                         0x0000347d   Thumb Code   152  tsi.o(.text.self_calibration)
    __aeabi_uidiv                            0x00003521   Thumb Code    68  aeabi_sdivfast.o(.text_divfast)
    __aeabi_idiv                             0x00003565   Thumb Code   434  aeabi_sdivfast.o(.text_divfast)
    __ARM_common_ll_muluu                    0x00003717   Thumb Code    48  btod.o(i.__ARM_common_ll_muluu)
    __ARM_fpclassify                         0x00003749   Thumb Code    40  fpclassify.o(i.__ARM_fpclassify)
    __ieee754_rem_pio2                       0x00003775   Thumb Code   838  rred.o(i.__ieee754_rem_pio2)
    __kernel_cos                             0x00003b11   Thumb Code   224  cos_i.o(i.__kernel_cos)
    __kernel_poly                            0x00003c05   Thumb Code   172  poly.o(i.__kernel_poly)
    __kernel_sin                             0x00003cb1   Thumb Code   222  sin_i.o(i.__kernel_sin)
    __mathlib_dbl_infnan                     0x00003d9d   Thumb Code    10  dunder.o(i.__mathlib_dbl_infnan)
    __mathlib_dbl_invalid                    0x00003da7   Thumb Code    16  dunder.o(i.__mathlib_dbl_invalid)
    __mathlib_dbl_underflow                  0x00003db9   Thumb Code    14  dunder.o(i.__mathlib_dbl_underflow)
    __aeabi_dcmpge                           0x00003dcd   Thumb Code     0  dcmp.o(i._dgeq)
    _dgeq                                    0x00003dcd   Thumb Code    22  dcmp.o(i._dgeq)
    __aeabi_dcmple                           0x00003de3   Thumb Code     0  dcmp.o(i._dleq)
    _dleq                                    0x00003de3   Thumb Code    26  dcmp.o(i._dleq)
    __aeabi_dcmplt                           0x00003dfd   Thumb Code     0  dcmp.o(i._dls)
    _dls                                     0x00003dfd   Thumb Code    22  dcmp.o(i._dls)
    __aeabi_fcmpeq                           0x00003e13   Thumb Code     0  fcmp.o(i._feq)
    _feq                                     0x00003e13   Thumb Code    22  fcmp.o(i._feq)
    __aeabi_fcmpge                           0x00003e29   Thumb Code     0  fcmp.o(i._fgeq)
    _fgeq                                    0x00003e29   Thumb Code    22  fcmp.o(i._fgeq)
    _is_digit                                0x00003e3f   Thumb Code    14  __printf_wp.o(i._is_digit)
    sin                                      0x00003e4d   Thumb Code   146  sin.o(i.sin)
    _get_lc_numeric                          0x00003ee9   Thumb Code    44  lc_numeric_c.o(locale$$code)
    _dcmpge                                  0x00003f15   Thumb Code    94  dgef.o(x$fpl$dgeqf)
    __aeabi_cdcmple                          0x00003f79   Thumb Code     0  dlef.o(x$fpl$dleqf)
    _dcmple                                  0x00003f79   Thumb Code    94  dlef.o(x$fpl$dleqf)
    __aeabi_fadd                             0x00003fdd   Thumb Code     0  faddsub.o(x$fpl$fadd)
    _fadd                                    0x00003fdd   Thumb Code   134  faddsub.o(x$fpl$fadd)
    __aeabi_cfcmpeq                          0x00004069   Thumb Code     0  feqf.o(x$fpl$feqf)
    _fcmpeq                                  0x00004069   Thumb Code    78  feqf.o(x$fpl$feqf)
    _fcmpge                                  0x000040bd   Thumb Code    78  fgef.o(x$fpl$fgeqf)
    __aeabi_fmul                             0x00004111   Thumb Code     0  fmul.o(x$fpl$fmul)
    _fmul                                    0x00004111   Thumb Code   172  fmul.o(x$fpl$fmul)
    __aeabi_fsub                             0x000041c1   Thumb Code     0  faddsub.o(x$fpl$fsub)
    _fsub                                    0x000041c1   Thumb Code   204  faddsub.o(x$fpl$fsub)
    _printf_fp_dec                           0x00004291   Thumb Code    16  printf1.o(x$fpl$printf1)
    _printf_fp_hex                           0x000042a1   Thumb Code    16  printf2.o(x$fpl$printf2)
    Region$$Table$$Base                      0x00004584   Number         0  anon$$obj.o(Region$$Table)
    Region$$Table$$Limit                     0x000045a4   Number         0  anon$$obj.o(Region$$Table)
    SystemCoreClock                          0x1ffffc00   Data           4  system_mkl05z4.o(.data.SystemCoreClock)
    on_off                                   0x1ffffc05   Data           1  main.o(.data.on_off)
    slider                                   0x1ffffc08   Data           4  main.o(.data.slider)
    unit                                     0x1ffffc0c   Data           4  main.o(.data.unit)
    __libspace_start                         0x1ffffc10   Data          96  libspace.o(.bss)
    S1_press                                 0x1ffffc70   Data           1  main.o(.bss.S1_press)
    __temporary_stack_top$libspace           0x1ffffc70   Data           0  libspace.o(.bss)
    S2_press                                 0x1ffffc71   Data           1  main.o(.bss.S2_press)
    S3_press                                 0x1ffffc72   Data           1  main.o(.bss.S3_press)
    S4_press                                 0x1ffffc73   Data           1  main.o(.bss.S4_press)
    Sinus                                    0x1ffffc74   Data        2048  main.o(.bss.Sinus)
    avg                                      0x20000474   Data           4  main.o(.bss.avg)
    d                                        0x20000478   Data           4  main.o(.bss.d)
    dac                                      0x2000047c   Data           2  main.o(.bss.dac)
    df                                       0x2000047e   Data           2  main.o(.bss.df)
    distance                                 0x20000480   Data           4  main.o(.bss.distance)
    dummy                                    0x20000484   Data           1  i2c.o(.bss.dummy)
    faza                                     0x20000488   Data           2  main.o(.bss.faza)
    freq                                     0x2000048c   Data           4  main.o(.bss.freq)
    mod                                      0x20000498   Data           2  main.o(.bss.mod)
    nyquist                                  0x2000049a   Data           2  main.o(.bss.nyquist)
    sum                                      0x200004a0   Data           4  main.o(.bss.sum)
    tick                                     0x200004a4   Data           4  main.o(.bss.tick)
    tick_head                                0x200004a8   Data           4  main.o(.bss.tick_head)
    w                                        0x200004ac   Data           1  main.o(.bss.w)
    wynik                                    0x200004b0   Data           4  main.o(.bss.wynik)
    wynik_ok                                 0x200004b4   Data           1  main.o(.bss.wynik_ok)



==============================================================================

Memory Map of the image

  Image Entry point : 0x000000c1

  Load Region LR_IROM1 (Base: 0x00000000, Size: 0x000045d0, Max: 0x00008000, ABSOLUTE)

    Execution Region ER_IROM1 (Exec base: 0x00000000, Load base: 0x00000000, Size: 0x000045c0, Max: 0x00008000, ABSOLUTE)

    Exec Addr    Load Addr    Size         Type   Attr      Idx    E Section Name        Object

    0x00000000   0x00000000   0x000000c0   Data   RO          255    RESET               startup_mkl05z4.o
    0x000000c0   0x000000c0   0x00000008   Code   RO          323  * !!!main             c_p.l(__main.o)
    0x000000c8   0x000000c8   0x0000003c   Code   RO          676    !!!scatter          c_p.l(__scatter.o)
    0x00000104   0x00000104   0x0000001a   Code   RO          678    !!handler_copy      c_p.l(__scatter_copy.o)
    0x0000011e   0x0000011e   0x00000002   PAD
    0x00000120   0x00000120   0x0000001c   Code   RO          680    !!handler_zi        c_p.l(__scatter_zi.o)
    0x0000013c   0x0000013c   0x00000002   Code   RO          312    .ARM.Collect$$_printf_percent$$00000000  c_p.l(_printf_percent.o)
    0x0000013e   0x0000013e   0x0000000a   Code   RO          308    .ARM.Collect$$_printf_percent$$00000003  c_p.l(_printf_f.o)
    0x00000148   0x00000148   0x0000000a   Code   RO          309    .ARM.Collect$$_printf_percent$$00000004  c_p.l(_printf_e.o)
    0x00000152   0x00000152   0x0000000a   Code   RO          310    .ARM.Collect$$_printf_percent$$00000005  c_p.l(_printf_g.o)
    0x0000015c   0x0000015c   0x0000000a   Code   RO          311    .ARM.Collect$$_printf_percent$$00000006  c_p.l(_printf_a.o)
    0x00000166   0x00000166   0x00000004   Code   RO          411    .ARM.Collect$$_printf_percent$$00000017  c_p.l(_printf_percent_end.o)
    0x0000016a   0x0000016a   0x00000002   Code   RO          533    .ARM.Collect$$libinit$$00000000  c_p.l(libinit.o)
    0x0000016c   0x0000016c   0x00000000   Code   RO          535    .ARM.Collect$$libinit$$00000002  c_p.l(libinit2.o)
    0x0000016c   0x0000016c   0x00000000   Code   RO          537    .ARM.Collect$$libinit$$00000004  c_p.l(libinit2.o)
    0x0000016c   0x0000016c   0x00000000   Code   RO          540    .ARM.Collect$$libinit$$0000000A  c_p.l(libinit2.o)
    0x0000016c   0x0000016c   0x00000000   Code   RO          542    .ARM.Collect$$libinit$$0000000C  c_p.l(libinit2.o)
    0x0000016c   0x0000016c   0x00000000   Code   RO          544    .ARM.Collect$$libinit$$0000000E  c_p.l(libinit2.o)
    0x0000016c   0x0000016c   0x00000006   Code   RO          545    .ARM.Collect$$libinit$$0000000F  c_p.l(libinit2.o)
    0x00000172   0x00000172   0x00000000   Code   RO          547    .ARM.Collect$$libinit$$00000011  c_p.l(libinit2.o)
    0x00000172   0x00000172   0x00000000   Code   RO          549    .ARM.Collect$$libinit$$00000013  c_p.l(libinit2.o)
    0x00000172   0x00000172   0x00000000   Code   RO          551    .ARM.Collect$$libinit$$00000015  c_p.l(libinit2.o)
    0x00000172   0x00000172   0x0000000a   Code   RO          552    .ARM.Collect$$libinit$$00000016  c_p.l(libinit2.o)
    0x0000017c   0x0000017c   0x00000000   Code   RO          553    .ARM.Collect$$libinit$$00000017  c_p.l(libinit2.o)
    0x0000017c   0x0000017c   0x00000000   Code   RO          555    .ARM.Collect$$libinit$$00000019  c_p.l(libinit2.o)
    0x0000017c   0x0000017c   0x00000000   Code   RO          557    .ARM.Collect$$libinit$$0000001B  c_p.l(libinit2.o)
    0x0000017c   0x0000017c   0x00000000   Code   RO          559    .ARM.Collect$$libinit$$0000001D  c_p.l(libinit2.o)
    0x0000017c   0x0000017c   0x00000000   Code   RO          561    .ARM.Collect$$libinit$$0000001F  c_p.l(libinit2.o)
    0x0000017c   0x0000017c   0x00000000   Code   RO          563    .ARM.Collect$$libinit$$00000021  c_p.l(libinit2.o)
    0x0000017c   0x0000017c   0x00000000   Code   RO          565    .ARM.Collect$$libinit$$00000023  c_p.l(libinit2.o)
    0x0000017c   0x0000017c   0x00000000   Code   RO          567    .ARM.Collect$$libinit$$00000025  c_p.l(libinit2.o)
    0x0000017c   0x0000017c   0x00000000   Code   RO          571    .ARM.Collect$$libinit$$0000002C  c_p.l(libinit2.o)
    0x0000017c   0x0000017c   0x00000000   Code   RO          573    .ARM.Collect$$libinit$$0000002E  c_p.l(libinit2.o)
    0x0000017c   0x0000017c   0x00000000   Code   RO          575    .ARM.Collect$$libinit$$00000030  c_p.l(libinit2.o)
    0x0000017c   0x0000017c   0x00000000   Code   RO          577    .ARM.Collect$$libinit$$00000032  c_p.l(libinit2.o)
    0x0000017c   0x0000017c   0x00000002   Code   RO          578    .ARM.Collect$$libinit$$00000033  c_p.l(libinit2.o)
    0x0000017e   0x0000017e   0x00000002   Code   RO          642    .ARM.Collect$$libshutdown$$00000000  c_p.l(libshutdown.o)
    0x00000180   0x00000180   0x00000000   Code   RO          660    .ARM.Collect$$libshutdown$$00000002  c_p.l(libshutdown2.o)
    0x00000180   0x00000180   0x00000000   Code   RO          662    .ARM.Collect$$libshutdown$$00000004  c_p.l(libshutdown2.o)
    0x00000180   0x00000180   0x00000000   Code   RO          665    .ARM.Collect$$libshutdown$$00000007  c_p.l(libshutdown2.o)
    0x00000180   0x00000180   0x00000000   Code   RO          668    .ARM.Collect$$libshutdown$$0000000A  c_p.l(libshutdown2.o)
    0x00000180   0x00000180   0x00000000   Code   RO          670    .ARM.Collect$$libshutdown$$0000000C  c_p.l(libshutdown2.o)
    0x00000180   0x00000180   0x00000000   Code   RO          673    .ARM.Collect$$libshutdown$$0000000F  c_p.l(libshutdown2.o)
    0x00000180   0x00000180   0x00000002   Code   RO          674    .ARM.Collect$$libshutdown$$00000010  c_p.l(libshutdown2.o)
    0x00000182   0x00000182   0x00000000   Code   RO          393    .ARM.Collect$$rtentry$$00000000  c_p.l(__rtentry.o)
    0x00000182   0x00000182   0x00000000   Code   RO          453    .ARM.Collect$$rtentry$$00000002  c_p.l(__rtentry2.o)
    0x00000182   0x00000182   0x00000006   Code   RO          465    .ARM.Collect$$rtentry$$00000004  c_p.l(__rtentry4.o)
    0x00000188   0x00000188   0x00000000   Code   RO          455    .ARM.Collect$$rtentry$$00000009  c_p.l(__rtentry2.o)
    0x00000188   0x00000188   0x00000004   Code   RO          456    .ARM.Collect$$rtentry$$0000000A  c_p.l(__rtentry2.o)
    0x0000018c   0x0000018c   0x00000000   Code   RO          458    .ARM.Collect$$rtentry$$0000000C  c_p.l(__rtentry2.o)
    0x0000018c   0x0000018c   0x00000008   Code   RO          459    .ARM.Collect$$rtentry$$0000000D  c_p.l(__rtentry2.o)
    0x00000194   0x00000194   0x00000002   Code   RO          586    .ARM.Collect$$rtexit$$00000000  c_p.l(rtexit.o)
    0x00000196   0x00000196   0x00000000   Code   RO          607    .ARM.Collect$$rtexit$$00000002  c_p.l(rtexit2.o)
    0x00000196   0x00000196   0x00000004   Code   RO          608    .ARM.Collect$$rtexit$$00000003  c_p.l(rtexit2.o)
    0x0000019a   0x0000019a   0x00000006   Code   RO          609    .ARM.Collect$$rtexit$$00000004  c_p.l(rtexit2.o)
    0x000001a0   0x000001a0   0x00000034   Code   RO          257    .text               startup_mkl05z4.o
    0x000001d4   0x000001d4   0x00000028   Code   RO          282    .text               c_p.l(noretval__2sprintf.o)
    0x000001fc   0x000001fc   0x0000004e   Code   RO          286    .text               c_p.l(_printf_pad.o)
    0x0000024a   0x0000024a   0x00000002   PAD
    0x0000024c   0x0000024c   0x00000188   Code   RO          305    .text               c_p.l(__printf_flags_ss_wp.o)
    0x000003d4   0x000003d4   0x00000006   Code   RO          321    .text               c_p.l(heapauxi.o)
    0x000003da   0x000003da   0x00000016   Code   RO          398    .text               c_p.l(_rserrno.o)
    0x000003f0   0x000003f0   0x0000000a   Code   RO          409    .text               c_p.l(_sputc.o)
    0x000003fa   0x000003fa   0x00000002   Code   RO          629    .text               c_p.l(use_no_semi.o)
    0x000003fc   0x000003fc   0x00000000   Code   RO          631    .text               c_p.l(indicate_semi.o)
    0x000003fc   0x000003fc   0x00000000   Code   RO          424    x$fpl$usenofp       fz_ps.l(usenofp.o)
    0x000003fc   0x000003fc   0x00000002   Data   RO          227    .rodata.elec_array  tsi.o
    0x000003fe   0x000003fe   0x00000002   PAD
    0x00000400   0x00000400   0x00000010   Code   RO          256    .ARM.__at_0x400     startup_mkl05z4.o
    0x00000410   0x00000410   0x000001f8   Code   RO          313    .text               c_p.l(aeabi_sdivfast.o)
    0x00000608   0x00000608   0x0000007c   Code   RO          325    .text               fz_ps.l(d2f.o)
    0x00000684   0x00000684   0x00000358   Code   RO          327    .text               fz_ps.l(daddsub.o)
    0x000009dc   0x000009dc   0x00000448   Code   RO          341    .text               fz_ps.l(ddiv.o)
    0x00000e24   0x00000e24   0x0000006c   Code   RO          344    .text               fz_ps.l(dfixi.o)
    0x00000e90   0x00000e90   0x00000058   Code   RO          346    .text               fz_ps.l(dflti.o)
    0x00000ee8   0x00000ee8   0x00000248   Code   RO          348    .text               fz_ps.l(dmul.o)
    0x00001130   0x00001130   0x00000054   Code   RO          350    .text               fz_ps.l(f2d.o)
    0x00001184   0x00001184   0x00000160   Code   RO          370    .text               fz_ps.l(fdiv.o)
    0x000012e4   0x000012e4   0x0000004c   Code   RO          373    .text               fz_ps.l(ffixi.o)
    0x00001330   0x00001330   0x00000030   Code   RO          375    .text               fz_ps.l(ffixui.o)
    0x00001360   0x00001360   0x0000005e   Code   RO          377    .text               fz_ps.l(fflti.o)
    0x000013be   0x000013be   0x00000002   PAD
    0x000013c0   0x000013c0   0x00000414   Code   RO          400    .text               c_p.l(_printf_fp_dec.o)
    0x000017d4   0x000017d4   0x000002d8   Code   RO          404    .text               c_p.l(_printf_fp_hex.o)
    0x00001aac   0x00001aac   0x00000030   Code   RO          407    .text               c_p.l(_printf_char_common.o)
    0x00001adc   0x00001adc   0x00000008   Code   RO          472    .text               c_p.l(rt_locale_intlibspace.o)
    0x00001ae4   0x00001ae4   0x00000008   Code   RO          477    .text               c_p.l(rt_errno_addr_intlibspace.o)
    0x00001aec   0x00001aec   0x0000007a   Code   RO          479    .text               c_p.l(lludiv10.o)
    0x00001b66   0x00001b66   0x00000002   PAD
    0x00001b68   0x00001b68   0x00000088   Code   RO          481    .text               c_p.l(_printf_fp_infnan.o)
    0x00001bf0   0x00001bf0   0x000000d8   Code   RO          485    .text               c_p.l(bigflt0.o)
    0x00001cc8   0x00001cc8   0x00000580   Code   RO          488    .text               c_p.l(btod.o)
    0x00002248   0x00002248   0x00000028   Code   RO          498    .text               c_p.l(rtudiv10.o)
    0x00002270   0x00002270   0x000000a0   Code   RO          500    .text               fz_ps.l(dcmpin.o)
    0x00002310   0x00002310   0x00000060   Code   RO          502    .text               fz_ps.l(dscalbn.o)
    0x00002370   0x00002370   0x00000064   Code   RO          504    .text               fz_ps.l(fcmpin.o)
    0x000023d4   0x000023d4   0x00000008   Code   RO          512    .text               c_p.l(libspace.o)
    0x000023dc   0x000023dc   0x0000003e   Code   RO          515    .text               c_p.l(sys_stackheap_outer.o)
    0x0000241a   0x0000241a   0x00000010   Code   RO          520    .text               c_p.l(exit.o)
    0x0000242a   0x0000242a   0x00000002   PAD
    0x0000242c   0x0000242c   0x000000b0   Code   RO          526    .text               c_p.l(strcmpv6m.o)
    0x000024dc   0x000024dc   0x0000002e   Code   RO          579    .text               fz_ps.l(cmpret.o)
    0x0000250a   0x0000250a   0x00000002   PAD
    0x0000250c   0x0000250c   0x00000014   Code   RO          581    .text               fz_ps.l(dnan2.o)
    0x00002520   0x00002520   0x00000010   Code   RO          583    .text               fz_ps.l(fnan2.o)
    0x00002530   0x00002530   0x0000005e   Code   RO          600    .text               fz_ps.l(retnan.o)
    0x0000258e   0x0000258e   0x00000002   PAD
    0x00002590   0x00002590   0x0000000c   Code   RO          602    .text               c_p.l(sys_exit.o)
    0x0000259c   0x0000259c   0x00000028   Code   RO            2    .text.DAC_Init      dac.o
    0x000025c4   0x000025c4   0x00000034   Code   RO            4    .text.DAC_Load_Trig  dac.o
    0x000025f8   0x000025f8   0x0000004c   Code   RO           14    .text.I2C_Init      i2c.o
    0x00002644   0x00002644   0x00000050   Code   RO           34    .text.I2C_Read      i2c.o
    0x00002694   0x00002694   0x00000040   Code   RO           32    .text.I2C_Write     i2c.o
    0x000026d4   0x000026d4   0x00000084   Code   RO          193    .text.InCap_OutComp_Init  tpm.o
    0x00002758   0x00002758   0x00000048   Code   RO           64    .text.Klaw_Init     klaw.o
    0x000027a0   0x000027a0   0x00000034   Code   RO           66    .text.Klaw_S2_4_Int  klaw.o
    0x000027d4   0x000027d4   0x000000c8   Code   RO          109    .text.LCD1602_BF_AC  lcd1602.o
    0x0000289c   0x0000289c   0x00000010   Code   RO          103    .text.LCD1602_Backlight  lcd1602.o
    0x000028ac   0x000028ac   0x00000028   Code   RO           83    .text.LCD1602_CheckAddress  lcd1602.o
    0x000028d4   0x000028d4   0x0000000c   Code   RO           95    .text.LCD1602_ClearAll  lcd1602.o
    0x000028e0   0x000028e0   0x0000004c   Code   RO           81    .text.LCD1602_Init  lcd1602.o
    0x0000292c   0x0000292c   0x00000020   Code   RO           97    .text.LCD1602_Print  lcd1602.o
    0x0000294c   0x0000294c   0x0000001e   Code   RO           93    .text.LCD1602_SetCursor  lcd1602.o
    0x0000296a   0x0000296a   0x0000001a   Code   RO          107    .text.LCD1602_Write4  lcd1602.o
    0x00002984   0x00002984   0x00000028   Code   RO           85    .text.LCD1602_Write8  lcd1602.o
    0x000029ac   0x000029ac   0x0000002c   Code   RO          105    .text.PCF8574_Write  lcd1602.o
    0x000029d8   0x000029d8   0x00000044   Code   RO          148    .text.PIT_IRQHandler  main.o
    0x00002a1c   0x00002a1c   0x00000044   Code   RO          238    .text.PIT_Init      pit.o
    0x00002a60   0x00002a60   0x0000012c   Code   RO          144    .text.PORTA_IRQHandler  main.o
    0x00002b8c   0x00002b8c   0x0000007c   Code   RO          191    .text.PWM_Init      tpm.o
    0x00002c08   0x00002c08   0x00000020   Code   RO          156    .text.SysTick_Config  main.o
    0x00002c28   0x00002c28   0x00000064   Code   RO          142    .text.SysTick_Handler  main.o
    0x00002c8c   0x00002c8c   0x0000004c   Code   RO          266    .text.SystemInit    system_mkl05z4.o
    0x00002cd8   0x00002cd8   0x0000009c   Code   RO          150    .text.TPM1_IRQHandler  main.o
    0x00002d74   0x00002d74   0x00000014   Code   RO          223    .text.TSI0_IRQHandler  tsi.o
    0x00002d88   0x00002d88   0x00000050   Code   RO          209    .text.TSI_Init      tsi.o
    0x00002dd8   0x00002dd8   0x00000054   Code   RO          219    .text.TSI_ReadSlider  tsi.o
    0x00002e2c   0x00002e2c   0x0000000c   Code   RO           70    .text.__NVIC_ClearPendingIRQ  klaw.o
    0x00002e38   0x00002e38   0x0000000c   Code   RO          146    .text.__NVIC_ClearPendingIRQ  main.o
    0x00002e44   0x00002e44   0x0000000c   Code   RO          195    .text.__NVIC_ClearPendingIRQ  tpm.o
    0x00002e50   0x00002e50   0x0000000c   Code   RO          213    .text.__NVIC_ClearPendingIRQ  tsi.o
    0x00002e5c   0x00002e5c   0x00000010   Code   RO          240    .text.__NVIC_ClearPendingIRQ  pit.o
    0x00002e6c   0x00002e6c   0x0000000c   Code   RO           72    .text.__NVIC_EnableIRQ  klaw.o
    0x00002e78   0x00002e78   0x0000000c   Code   RO          197    .text.__NVIC_EnableIRQ  tpm.o
    0x00002e84   0x00002e84   0x0000000c   Code   RO          215    .text.__NVIC_EnableIRQ  tsi.o
    0x00002e90   0x00002e90   0x00000010   Code   RO          242    .text.__NVIC_EnableIRQ  pit.o
    0x00002ea0   0x00002ea0   0x00000018   Code   RO           68    .text.__NVIC_SetPriority  klaw.o
    0x00002eb8   0x00002eb8   0x00000018   Code   RO          154    .text.__NVIC_SetPriority  main.o
    0x00002ed0   0x00002ed0   0x00000018   Code   RO          211    .text.__NVIC_SetPriority  tsi.o
    0x00002ee8   0x00002ee8   0x00000018   Code   RO          244    .text.__NVIC_SetPriority  pit.o
    0x00002f00   0x00002f00   0x00000020   Code   RO          199    .text.calculateDistance  tpm.o
    0x00002f20   0x00002f20   0x00000064   Code   RO          221    .text.change_electrode  tsi.o
    0x00002f84   0x00002f84   0x0000000c   Code   RO           46    .text.i2c_clr_IICIF  i2c.o
    0x00002f90   0x00002f90   0x0000000c   Code   RO           30    .text.i2c_disable   i2c.o
    0x00002f9c   0x00002f9c   0x0000000c   Code   RO           18    .text.i2c_enable    i2c.o
    0x00002fa8   0x00002fa8   0x0000000c   Code   RO           22    .text.i2c_m_start   i2c.o
    0x00002fb4   0x00002fb4   0x0000000c   Code   RO           28    .text.i2c_m_stop    i2c.o
    0x00002fc0   0x00002fc0   0x0000000c   Code   RO           38    .text.i2c_nack      i2c.o
    0x00002fcc   0x00002fcc   0x0000000c   Code   RO           36    .text.i2c_rec       i2c.o
    0x00002fd8   0x00002fd8   0x00000008   Code   RO           40    .text.i2c_recv      i2c.o
    0x00002fe0   0x00002fe0   0x0000000c   Code   RO           24    .text.i2c_send      i2c.o
    0x00002fec   0x00002fec   0x00000010   Code   RO           20    .text.i2c_tran      i2c.o
    0x00002ffc   0x00002ffc   0x0000005c   Code   RO           26    .text.i2c_wait      i2c.o
    0x00003058   0x00003058   0x00000424   Code   RO          152    .text.main          main.o
    0x0000347c   0x0000347c   0x000000a4   Code   RO          217    .text.self_calibration  tsi.o
    0x00003520   0x00003520   0x000001f6   Code   RO          314    .text_divfast       c_p.l(aeabi_sdivfast.o)
    0x00003716   0x00003716   0x00000030   Code   RO          491    i.__ARM_common_ll_muluu  c_p.l(btod.o)
    0x00003746   0x00003746   0x00000002   PAD
    0x00003748   0x00003748   0x0000002c   Code   RO          508    i.__ARM_fpclassify  m_ps.l(fpclassify.o)
    0x00003774   0x00003774   0x0000039c   Code   RO          442    i.__ieee754_rem_pio2  m_ps.l(rred.o)
    0x00003b10   0x00003b10   0x000000f4   Code   RO          425    i.__kernel_cos      m_ps.l(cos_i.o)
    0x00003c04   0x00003c04   0x000000ac   Code   RO          510    i.__kernel_poly     m_ps.l(poly.o)
    0x00003cb0   0x00003cb0   0x000000ec   Code   RO          449    i.__kernel_sin      m_ps.l(sin_i.o)
    0x00003d9c   0x00003d9c   0x0000000a   Code   RO          429    i.__mathlib_dbl_infnan  m_ps.l(dunder.o)
    0x00003da6   0x00003da6   0x00000010   Code   RO          431    i.__mathlib_dbl_invalid  m_ps.l(dunder.o)
    0x00003db6   0x00003db6   0x00000002   PAD
    0x00003db8   0x00003db8   0x00000014   Code   RO          434    i.__mathlib_dbl_underflow  m_ps.l(dunder.o)
    0x00003dcc   0x00003dcc   0x00000016   Code   RO          330    i._dgeq             fz_ps.l(dcmp.o)
    0x00003de2   0x00003de2   0x0000001a   Code   RO          332    i._dleq             fz_ps.l(dcmp.o)
    0x00003dfc   0x00003dfc   0x00000016   Code   RO          333    i._dls              fz_ps.l(dcmp.o)
    0x00003e12   0x00003e12   0x00000016   Code   RO          358    i._feq              fz_ps.l(fcmp.o)
    0x00003e28   0x00003e28   0x00000016   Code   RO          359    i._fgeq             fz_ps.l(fcmp.o)
    0x00003e3e   0x00003e3e   0x0000000e   Code   RO          298    i._is_digit         c_p.l(__printf_wp.o)
    0x00003e4c   0x00003e4c   0x0000009c   Code   RO          390    i.sin               m_ps.l(sin.o)
    0x00003ee8   0x00003ee8   0x0000002c   Code   RO          496    locale$$code        c_p.l(lc_numeric_c.o)
    0x00003f14   0x00003f14   0x00000064   Code   RO          414    x$fpl$dgeqf         fz_ps.l(dgef.o)
    0x00003f78   0x00003f78   0x00000064   Code   RO          416    x$fpl$dleqf         fz_ps.l(dlef.o)
    0x00003fdc   0x00003fdc   0x0000008c   Code   RO          352    x$fpl$fadd          fz_ps.l(faddsub.o)
    0x00004068   0x00004068   0x00000054   Code   RO          418    x$fpl$feqf          fz_ps.l(feqf.o)
    0x000040bc   0x000040bc   0x00000054   Code   RO          420    x$fpl$fgeqf         fz_ps.l(fgef.o)
    0x00004110   0x00004110   0x000000b0   Code   RO          379    x$fpl$fmul          fz_ps.l(fmul.o)
    0x000041c0   0x000041c0   0x000000d0   Code   RO          354    x$fpl$fsub          fz_ps.l(faddsub.o)
    0x00004290   0x00004290   0x00000010   Code   RO          381    x$fpl$printf1       fz_ps.l(printf1.o)
    0x000042a0   0x000042a0   0x00000010   Code   RO          383    x$fpl$printf2       fz_ps.l(printf2.o)
    0x000042b0   0x000042b0   0x00000011   Data   RO          306    .constdata          c_p.l(__printf_flags_ss_wp.o)
    0x000042c1   0x000042c1   0x00000080   Data   RO          342    .constdata          fz_ps.l(ddiv.o)
    0x00004341   0x00004341   0x00000040   Data   RO          371    .constdata          fz_ps.l(fdiv.o)
    0x00004381   0x00004381   0x00000026   Data   RO          405    .constdata          c_p.l(_printf_fp_hex.o)
    0x000043a7   0x000043a7   0x00000001   PAD
    0x000043a8   0x000043a8   0x00000030   Data   RO          426    .constdata          m_ps.l(cos_i.o)
    0x000043d8   0x000043d8   0x000000cc   Data   RO          444    .constdata          m_ps.l(rred.o)
    0x000044a4   0x000044a4   0x00000004   PAD
    0x000044a8   0x000044a8   0x00000028   Data   RO          450    .constdata          m_ps.l(sin_i.o)
    0x000044d0   0x000044d0   0x00000094   Data   RO          486    .constdata          c_p.l(bigflt0.o)
    0x00004564   0x00004564   0x00000020   Data   RO          178    .rodata.cst32       main.o
    0x00004584   0x00004584   0x00000020   Data   RO          675    Region$$Table       anon$$obj.o
    0x000045a4   0x000045a4   0x0000001c   Data   RO          495    locale$$data        c_p.l(lc_numeric_c.o)


    Execution Region RW_IRAM1 (Exec base: 0x1ffffc00, Load base: 0x000045c0, Size: 0x00000bb8, Max: 0x00001000, ABSOLUTE)

    Exec Addr    Load Addr    Size         Type   Attr      Idx    E Section Name        Object

    0x1ffffc00   0x000045c0   0x00000004   Data   RW          270    .data.SystemCoreClock  system_mkl05z4.o
    0x1ffffc04   0x000045c4   0x00000001   Data   RW          124    .data.lcd_backlight  lcd1602.o
    0x1ffffc05   0x000045c5   0x00000001   Data   RW          168    .data.on_off        main.o
    0x1ffffc06   0x000045c6   0x00000002   PAD
    0x1ffffc08   0x000045c8   0x00000004   Data   RW          167    .data.slider        main.o
    0x1ffffc0c   0x000045cc   0x00000004   Data   RW          166    .data.unit          main.o
    0x1ffffc10        -       0x00000060   Zero   RW          513    .bss                c_p.l(libspace.o)
    0x1ffffc70        -       0x00000001   Zero   RW          158    .bss.S1_press       main.o
    0x1ffffc71        -       0x00000001   Zero   RW          159    .bss.S2_press       main.o
    0x1ffffc72        -       0x00000001   Zero   RW          160    .bss.S3_press       main.o
    0x1ffffc73        -       0x00000001   Zero   RW          161    .bss.S4_press       main.o
    0x1ffffc74        -       0x00000800   Zero   RW          169    .bss.Sinus          main.o
    0x20000474        -       0x00000004   Zero   RW          164    .bss.avg            main.o
    0x20000478        -       0x00000004   Zero   RW          165    .bss.d              main.o
    0x2000047c        -       0x00000002   Zero   RW          171    .bss.dac            main.o
    0x2000047e        -       0x00000002   Zero   RW          175    .bss.df             main.o
    0x20000480        -       0x00000004   Zero   RW          173    .bss.distance       main.o
    0x20000484        -       0x00000001   Zero   RW           55    .bss.dummy          i2c.o
    0x20000485        -       0x00000001   Zero   RW          225    .bss.end_flag       tsi.o
    0x20000486        -       0x00000001   Zero   RW           54    .bss.error          i2c.o
    0x20000487   0x000045d0   0x00000001   PAD
    0x20000488        -       0x00000002   Zero   RW          170    .bss.faza           main.o
    0x2000048a   0x000045d0   0x00000002   PAD
    0x2000048c        -       0x00000004   Zero   RW          177    .bss.freq           main.o
    0x20000490        -       0x00000004   Zero   RW          228    .bss.gu16Baseline   tsi.o
    0x20000494        -       0x00000004   Zero   RW          226    .bss.gu16Delta      tsi.o
    0x20000498        -       0x00000002   Zero   RW          172    .bss.mod            main.o
    0x2000049a        -       0x00000002   Zero   RW          176    .bss.nyquist        main.o
    0x2000049c        -       0x00000001   Zero   RW          229    .bss.ongoing_elec   tsi.o
    0x2000049d        -       0x00000001   Zero   RW          125    .bss.pcf_address    lcd1602.o
    0x2000049e   0x000045d0   0x00000002   PAD
    0x200004a0        -       0x00000004   Zero   RW          163    .bss.sum            main.o
    0x200004a4        -       0x00000004   Zero   RW          180    .bss.tick           main.o
    0x200004a8        -       0x00000004   Zero   RW          179    .bss.tick_head      main.o
    0x200004ac        -       0x00000001   Zero   RW          181    .bss.w              main.o
    0x200004ad   0x000045d0   0x00000003   PAD
    0x200004b0        -       0x00000004   Zero   RW          174    .bss.wynik          main.o
    0x200004b4        -       0x00000001   Zero   RW          162    .bss.wynik_ok       main.o
    0x200004b5   0x000045d0   0x00000003   PAD
    0x200004b8        -       0x00000000   Zero   RW          254    HEAP                startup_mkl05z4.o
    0x200004b8        -       0x00000300   Zero   RW          253    STACK               startup_mkl05z4.o


==============================================================================

Image component sizes


      Code (inc. data)   RO Data    RW Data    ZI Data      Debug   Object Name

        92          8          0          0          0       2016   dac.o
       432         40          0          0          2       5165   i2c.o
       172         12          0          0          0       3453   klaw.o
       516         12          0          1          1       5297   lcd1602.o
      1752        400         32          9       2096       6150   main.o
       124         28          0          0          0       3565   pit.o
        68         38        192          0        768        844   startup_mkl05z4.o
        76         16          0          4          0       2333   system_mkl05z4.o
       312         44          0          0          0       3946   tpm.o
       496         60          2          0         10       4767   tsi.o

    ----------------------------------------------------------------------
      4040        658        260         16       2888      37536   Object Totals
         0          0         32          0          0          0   (incl. Generated)
         0          0          2          2         11          0   (incl. Padding)

    ----------------------------------------------------------------------

      Code (inc. data)   RO Data    RW Data    ZI Data      Debug   Library Member Name

         8          0          0          0          0         68   __main.o
       392          6         17          0          0         76   __printf_flags_ss_wp.o
        14          0          0          0          0         60   __printf_wp.o
         0          0          0          0          0          0   __rtentry.o
        12          0          0          0          0          0   __rtentry2.o
         6          0          0          0          0          0   __rtentry4.o
        60          8          0          0          0          0   __scatter.o
        26          0          0          0          0          0   __scatter_copy.o
        28          0          0          0          0          0   __scatter_zi.o
        10          0          0          0          0          0   _printf_a.o
        48          6          0          0          0         88   _printf_char_common.o
        10          0          0          0          0          0   _printf_e.o
        10          0          0          0          0          0   _printf_f.o
      1044         12          0          0          0        116   _printf_fp_dec.o
       728         10         38          0          0         84   _printf_fp_hex.o
       136         16          0          0          0         76   _printf_fp_infnan.o
        10          0          0          0          0          0   _printf_g.o
        78          0          0          0          0        100   _printf_pad.o
         2          0          0          0          0          0   _printf_percent.o
         4          0          0          0          0          0   _printf_percent_end.o
        22          0          0          0          0         92   _rserrno.o
        10          0          0          0          0         60   _sputc.o
      1006          4          0          0          0        184   aeabi_sdivfast.o
       216          6        148          0          0         80   bigflt0.o
      1456         30          0          0          0        336   btod.o
        16          0          0          0          0         68   exit.o
         6          0          0          0          0        136   heapauxi.o
         0          0          0          0          0          0   indicate_semi.o
        44         10         28          0          0         76   lc_numeric_c.o
         2          0          0          0          0          0   libinit.o
        18          0          0          0          0          0   libinit2.o
         2          0          0          0          0          0   libshutdown.o
         2          0          0          0          0          0   libshutdown2.o
         8          4          0          0         96         68   libspace.o
       122          0          0          0          0         72   lludiv10.o
        40          4          0          0          0         84   noretval__2sprintf.o
         8          4          0          0          0         68   rt_errno_addr_intlibspace.o
         8          4          0          0          0         68   rt_locale_intlibspace.o
         2          0          0          0          0          0   rtexit.o
        10          0          0          0          0          0   rtexit2.o
        40          0          0          0          0         60   rtudiv10.o
       176          4          0          0          0         80   strcmpv6m.o
        12          4          0          0          0         60   sys_exit.o
        62          0          0          0          0         80   sys_stackheap_outer.o
         2          0          0          0          0         68   use_no_semi.o
        46          0          0          0          0         60   cmpret.o
       124          4          0          0          0         72   d2f.o
       856         20          0          0          0        208   daddsub.o
        70          0          0          0          0        204   dcmp.o
       160          6          0          0          0         76   dcmpin.o
      1096         26        128          0          0        112   ddiv.o
       108         10          0          0          0         72   dfixi.o
        88          0          0          0          0         92   dflti.o
       100          4          0          0          0         92   dgef.o
       100          4          0          0          0         92   dlef.o
       584         26          0          0          0         84   dmul.o
        20          6          0          0          0         68   dnan2.o
        96         12          0          0          0         72   dscalbn.o
        84          4          0          0          0         60   f2d.o
       348          8          0          0          0        160   faddsub.o
        44          0          0          0          0        136   fcmp.o
       100          4          0          0          0         68   fcmpin.o
       352         10         64          0          0         92   fdiv.o
        84          4          0          0          0         76   feqf.o
        76          0          0          0          0         68   ffixi.o
        48          0          0          0          0         60   ffixui.o
        94          0          0          0          0         92   fflti.o
        84          4          0          0          0         76   fgef.o
       176          4          0          0          0         80   fmul.o
        16          6          0          0          0         68   fnan2.o
        16          4          0          0          0         76   printf1.o
        16          4          0          0          0         76   printf2.o
        94          0          0          0          0         68   retnan.o
         0          0          0          0          0          0   usenofp.o
       244         20         48          0          0         92   cos_i.o
        46          6          0          0          0        204   dunder.o
        44          4          0          0          0         60   fpclassify.o
       172          0          0          0          0         76   poly.o
       924         86        204          0          0        120   rred.o
       156         10          0          0          0        104   sin.o
       236         14         40          0          0        100   sin_i.o

    ----------------------------------------------------------------------
     12836        442        720          0         96       5724   Library Totals
        18          0          5          0          0          0   (incl. Padding)

    ----------------------------------------------------------------------

      Code (inc. data)   RO Data    RW Data    ZI Data      Debug   Library Name

      5916        132        231          0         96       2408   c_p.l
      5080        170        192          0          0       2560   fz_ps.l
      1822        140        292          0          0        756   m_ps.l

    ----------------------------------------------------------------------
     12836        442        720          0         96       5724   Library Totals

    ----------------------------------------------------------------------

==============================================================================


      Code (inc. data)   RO Data    RW Data    ZI Data      Debug   

     16876       1100        980         16       2984      40160   Grand Totals
     16876       1100        980         16       2984      40160   ELF Image Totals
     16876       1100        980         16          0          0   ROM Totals

==============================================================================

    Total RO  Size (Code + RO Data)                17856 (  17.44kB)
    Total RW  Size (RW Data + ZI Data)              3000 (   2.93kB)
    Total ROM Size (Code + RO Data + RW Data)      17872 (  17.45kB)

==============================================================================

